../FATFS/user_diskio_spi.c:127:13:SPI_DMA_TransmitReceive	24	static
../FATFS/user_diskio_spi.c:225:13:wait_ready	8	static
../FATFS/user_diskio_spi.c:240:13:send_cmd	16	static
../FATFS/user_diskio_spi.c:435:16:xmit_datablock	16	static
../FATFS/user_diskio_spi.c:362:16:rcvr_datablock	24	static
../FATFS/user_diskio_spi.c:279:9:USER_SPI_initialize	24	static
../FATFS/user_diskio_spi.c:356:9:USER_SPI_status	0	static
../FATFS/user_diskio_spi.c:402:9:USER_SPI_read	16	static
../FATFS/user_diskio_spi.c:471:9:USER_SPI_write	16	static
../FATFS/user_diskio_spi.c:504:9:USER_SPI_ioctl	32	static
