../FATFS/user_diskio_spi.c:126:13:SPI_DMA_TransmitReceive	24	static
../FATFS/user_diskio_spi.c:360:16:rcvr_datablock	24	static
../FATFS/user_diskio_spi.c:433:16:xmit_datablock.part.0	8	static
../FATFS/user_diskio_spi.c:238:13:send_cmd	16	static
../FATFS/user_diskio_spi.c:277:9:USER_SPI_initialize	24	static
../FATFS/user_diskio_spi.c:354:9:USER_SPI_status	0	static
../FATFS/user_diskio_spi.c:400:9:USER_SPI_read	32	static
../FATFS/user_diskio_spi.c:469:9:USER_SPI_write	32	static
../FATFS/user_diskio_spi.c:502:9:USER_SPI_ioctl	32	static
