../Display/display.c:46:13:LCD_SetCS	0	static
../Display/display.c:51:13:LCD_ResCS	0	static
../Display/display.c:56:13:LCD_SetDC	0	static
../Display/display.c:61:13:LCD_ResDC	0	static
../Display/display.c:85:6:LCD_HardWareReset	8	static
../Display/display.c:96:6:LCD_String_Interpretator	24	static,ignoring_inline_asm
../Display/display.c:147:14:LCD_DisplayAdd	48	static,ignoring_inline_asm
../Display/display.c:267:6:LCD_Delete	0	static
../Display/display.c:283:6:LCD_Init	8	static
../Display/display.c:291:16:LCD_GetBackLight	0	static
../Display/display.c:297:17:LCD_GetWidth	0	static
../Display/display.c:303:17:LCD_GetHeight	0	static
../Display/display.c:310:18:LCD_GetState	0	static
../Display/display.c:319:6:LCD_SetBackLight	4	static
../Display/display.c:366:6:LCD_SleepIn	8	static
../Display/display.c:398:6:LCD_SleepOut	8	static
../Display/display.c:777:6:LCD_Fill	16	static
../Display/display.c:783:6:LCD_DrawPixel	32	static
../Display/display.c:795:6:LCD_DrawLine	72	static
../Display/display.c:858:6:LCD_DrawRectangle	40	static
../Display/display.c:867:6:LCD_DrawFilledRectangle	8	static
../Display/display.c:880:6:LCD_DrawTriangle	48	static
../Display/display.c:928:6:LCD_DrawFilledTriangle	136	static
../Display/display.c:979:6:LCD_DrawCircle	96	static
../Display/display.c:1015:6:LCD_DrawFilledCircle	72	static
../Display/display.c:1061:6:LCD_ReadImage	88	static,ignoring_inline_asm
../Display/display.c:1189:6:LCD_WriteChar	80	static,ignoring_inline_asm
../Display/display.c:1265:6:LCD_WriteString	56	static
../Display/display.c:1283:17:LCD_Color	4	static
../Display/display.c:1292:17:LCD_Color_24b_to_16b	0	static
