../MicroGL2D/microgl2d.c:471:13:GRAPH_getcolor_unknow	4	static
../MicroGL2D/microgl2d.c:476:13:GRAPH_getcolor_R3G3B2	4	static
../MicroGL2D/microgl2d.c:485:13:GRAPH_getcolor_R5G6B5	8	static
../MicroGL2D/microgl2d.c:494:13:GRAPH_getcolor_A4R4G4B4	0	static
../MicroGL2D/microgl2d.c:503:13:GRAPH_getcolor_R8G8B8	0	static
../MicroGL2D/microgl2d.c:512:13:GRAPH_getcolor_A8R8G8B8	0	static
../MicroGL2D/microgl2d.c:521:13:MGL_setcolorbuffer	120	static,ignoring_inline_asm
../MicroGL2D/microgl2d.c:111:15:MGL_GradientCreate	8	static
../MicroGL2D/microgl2d.c:121:6:MGL_GradientDelete	16	static
../MicroGL2D/microgl2d.c:134:6:MGL_GradientAddColor	32	static
../MicroGL2D/microgl2d.c:172:13:MGL_GradientSetDeg	0	static
../MicroGL2D/microgl2d.c:178:10:MGL_ObjectAdd	16	static
../MicroGL2D/microgl2d.c:215:10:MGL_ObjectDelete	16	static
../MicroGL2D/microgl2d.c:237:6:MGL_ObjectsListDelete	16	static
../MicroGL2D/microgl2d.c:246:13:MGL_ObjectSetTexture	0	static
../MicroGL2D/microgl2d.c:252:13:MGL_ObjectSetGradient	0	static
../MicroGL2D/microgl2d.c:258:13:MGL_ObjectSetTransparency	0	static
../MicroGL2D/microgl2d.c:264:13:MGL_ObjectSetPlane	0	static
../MicroGL2D/microgl2d.c:270:13:MGL_ObjectSetVisible	0	static
../MicroGL2D/microgl2d.c:276:6:MGL_SetRectangle	4	static
../MicroGL2D/microgl2d.c:294:6:MGL_SetTriangle	16	static
../MicroGL2D/microgl2d.c:320:6:MGL_SetCircle	0	static
../MicroGL2D/microgl2d.c:330:6:MGL_SetText	4	static
../MicroGL2D/microgl2d.c:882:6:MGL_RenderObjects	160	static,ignoring_inline_asm
../MicroGL2D/microgl2d.c:897:6:MGL_ObjectMove	4	static
../MicroGL2D/microgl2d.c:931:6:MGL_ObjectListMove	32	static
../MicroGL2D/microgl2d.c:941:6:MGL_ObjectListTransparency	0	static
