../MicroGL2D/microgl2d.c:470:13:GRAPH_getcolor_unknow	4	static
../MicroGL2D/microgl2d.c:475:13:GRAPH_getcolor_R3G3B2	4	static
../MicroGL2D/microgl2d.c:484:13:GRAPH_getcolor_R5G6B5	8	static
../MicroGL2D/microgl2d.c:493:13:GRAPH_getcolor_A4R4G4B4	0	static
../MicroGL2D/microgl2d.c:502:13:GRAPH_getcolor_R8G8B8	0	static
../MicroGL2D/microgl2d.c:511:13:GRAPH_getcolor_A8R8G8B8	0	static
../MicroGL2D/microgl2d.c:520:13:MGL_setcolorbuffer	120	static,ignoring_inline_asm
../MicroGL2D/microgl2d.c:110:15:MGL_GradientCreate	8	static
../MicroGL2D/microgl2d.c:120:6:MGL_GradientDelete	16	static
../MicroGL2D/microgl2d.c:133:6:MGL_GradientAddColor	32	static
../MicroGL2D/microgl2d.c:171:13:MGL_GradientSetDeg	0	static
../MicroGL2D/microgl2d.c:177:10:MGL_ObjectAdd	16	static
../MicroGL2D/microgl2d.c:214:10:MGL_ObjectDelete	16	static
../MicroGL2D/microgl2d.c:236:6:MGL_ObjectsListDelete	16	static
../MicroGL2D/microgl2d.c:245:13:MGL_ObjectSetTexture	0	static
../MicroGL2D/microgl2d.c:251:13:MGL_ObjectSetGradient	0	static
../MicroGL2D/microgl2d.c:257:13:MGL_ObjectSetTransparency	0	static
../MicroGL2D/microgl2d.c:263:13:MGL_ObjectSetPlane	0	static
../MicroGL2D/microgl2d.c:269:13:MGL_ObjectSetVisible	0	static
../MicroGL2D/microgl2d.c:275:6:MGL_SetRectangle	4	static
../MicroGL2D/microgl2d.c:293:6:MGL_SetTriangle	16	static
../MicroGL2D/microgl2d.c:319:6:MGL_SetCircle	0	static
../MicroGL2D/microgl2d.c:329:6:MGL_SetText	4	static
../MicroGL2D/microgl2d.c:881:6:MGL_RenderObjects	152	static,ignoring_inline_asm
../MicroGL2D/microgl2d.c:896:6:MGL_ObjectMove	4	static
../MicroGL2D/microgl2d.c:930:6:MGL_ObjectListMove	32	static
../MicroGL2D/microgl2d.c:940:6:MGL_ObjectListTransparency	0	static
