Archive member included to satisfy reference by file (symbol)

F:/ST/STM32CubeIDE_1.1.0/STM32CubeIDE/plugins/com.st.stm32cube.ide.mcu.externaltools.gnu-tools-for-stm32.11.3.rel1.win32_1.1.0.202305231506/tools/bin/../lib/gcc/arm-none-eabi/11.3.1/../../../../arm-none-eabi/lib/thumb/v7e-m+fp/hard\libc_nano.a(libc_a-calloc.o)
                              ./AVI/avi.o (calloc)
F:/ST/STM32CubeIDE_1.1.0/STM32CubeIDE/plugins/com.st.stm32cube.ide.mcu.externaltools.gnu-tools-for-stm32.11.3.rel1.win32_1.1.0.202305231506/tools/bin/../lib/gcc/arm-none-eabi/11.3.1/../../../../arm-none-eabi/lib/thumb/v7e-m+fp/hard\libc_nano.a(libc_a-callocr.o)
                              F:/ST/STM32CubeIDE_1.1.0/STM32CubeIDE/plugins/com.st.stm32cube.ide.mcu.externaltools.gnu-tools-for-stm32.11.3.rel1.win32_1.1.0.202305231506/tools/bin/../lib/gcc/arm-none-eabi/11.3.1/../../../../arm-none-eabi/lib/thumb/v7e-m+fp/hard\libc_nano.a(libc_a-calloc.o) (_calloc_r)
F:/ST/STM32CubeIDE_1.1.0/STM32CubeIDE/plugins/com.st.stm32cube.ide.mcu.externaltools.gnu-tools-for-stm32.11.3.rel1.win32_1.1.0.202305231506/tools/bin/../lib/gcc/arm-none-eabi/11.3.1/../../../../arm-none-eabi/lib/thumb/v7e-m+fp/hard\libc_nano.a(libc_a-exit.o)
                              F:/ST/STM32CubeIDE_1.1.0/STM32CubeIDE/plugins/com.st.stm32cube.ide.mcu.externaltools.gnu-tools-for-stm32.11.3.rel1.win32_1.1.0.202305231506/tools/bin/../lib/gcc/arm-none-eabi/11.3.1/../../../../arm-none-eabi/lib/thumb/v7e-m+fp/hard/crt0.o (exit)
F:/ST/STM32CubeIDE_1.1.0/STM32CubeIDE/plugins/com.st.stm32cube.ide.mcu.externaltools.gnu-tools-for-stm32.11.3.rel1.win32_1.1.0.202305231506/tools/bin/../lib/gcc/arm-none-eabi/11.3.1/../../../../arm-none-eabi/lib/thumb/v7e-m+fp/hard\libc_nano.a(libc_a-malloc.o)
                              ./MicroGL2D/microgl2d.o (malloc)
F:/ST/STM32CubeIDE_1.1.0/STM32CubeIDE/plugins/com.st.stm32cube.ide.mcu.externaltools.gnu-tools-for-stm32.11.3.rel1.win32_1.1.0.202305231506/tools/bin/../lib/gcc/arm-none-eabi/11.3.1/../../../../arm-none-eabi/lib/thumb/v7e-m+fp/hard\libc_nano.a(libc_a-mallocr.o)
                              F:/ST/STM32CubeIDE_1.1.0/STM32CubeIDE/plugins/com.st.stm32cube.ide.mcu.externaltools.gnu-tools-for-stm32.11.3.rel1.win32_1.1.0.202305231506/tools/bin/../lib/gcc/arm-none-eabi/11.3.1/../../../../arm-none-eabi/lib/thumb/v7e-m+fp/hard\libc_nano.a(libc_a-callocr.o) (_malloc_r)
F:/ST/STM32CubeIDE_1.1.0/STM32CubeIDE/plugins/com.st.stm32cube.ide.mcu.externaltools.gnu-tools-for-stm32.11.3.rel1.win32_1.1.0.202305231506/tools/bin/../lib/gcc/arm-none-eabi/11.3.1/../../../../arm-none-eabi/lib/thumb/v7e-m+fp/hard\libc_nano.a(libc_a-mlock.o)
                              F:/ST/STM32CubeIDE_1.1.0/STM32CubeIDE/plugins/com.st.stm32cube.ide.mcu.externaltools.gnu-tools-for-stm32.11.3.rel1.win32_1.1.0.202305231506/tools/bin/../lib/gcc/arm-none-eabi/11.3.1/../../../../arm-none-eabi/lib/thumb/v7e-m+fp/hard\libc_nano.a(libc_a-mallocr.o) (__malloc_lock)
F:/ST/STM32CubeIDE_1.1.0/STM32CubeIDE/plugins/com.st.stm32cube.ide.mcu.externaltools.gnu-tools-for-stm32.11.3.rel1.win32_1.1.0.202305231506/tools/bin/../lib/gcc/arm-none-eabi/11.3.1/../../../../arm-none-eabi/lib/thumb/v7e-m+fp/hard\libc_nano.a(libc_a-realloc.o)
                              ./AVI/riff_read_header.o (realloc)
F:/ST/STM32CubeIDE_1.1.0/STM32CubeIDE/plugins/com.st.stm32cube.ide.mcu.externaltools.gnu-tools-for-stm32.11.3.rel1.win32_1.1.0.202305231506/tools/bin/../lib/gcc/arm-none-eabi/11.3.1/../../../../arm-none-eabi/lib/thumb/v7e-m+fp/hard\libc_nano.a(libc_a-reallocr.o)
                              F:/ST/STM32CubeIDE_1.1.0/STM32CubeIDE/plugins/com.st.stm32cube.ide.mcu.externaltools.gnu-tools-for-stm32.11.3.rel1.win32_1.1.0.202305231506/tools/bin/../lib/gcc/arm-none-eabi/11.3.1/../../../../arm-none-eabi/lib/thumb/v7e-m+fp/hard\libc_nano.a(libc_a-realloc.o) (_realloc_r)
F:/ST/STM32CubeIDE_1.1.0/STM32CubeIDE/plugins/com.st.stm32cube.ide.mcu.externaltools.gnu-tools-for-stm32.11.3.rel1.win32_1.1.0.202305231506/tools/bin/../lib/gcc/arm-none-eabi/11.3.1/../../../../arm-none-eabi/lib/thumb/v7e-m+fp/hard\libc_nano.a(libc_a-utoa.o)
                              ./AVI/avi.o (utoa)
F:/ST/STM32CubeIDE_1.1.0/STM32CubeIDE/plugins/com.st.stm32cube.ide.mcu.externaltools.gnu-tools-for-stm32.11.3.rel1.win32_1.1.0.202305231506/tools/bin/../lib/gcc/arm-none-eabi/11.3.1/../../../../arm-none-eabi/lib/thumb/v7e-m+fp/hard\libc_nano.a(libc_a-findfp.o)
                              F:/ST/STM32CubeIDE_1.1.0/STM32CubeIDE/plugins/com.st.stm32cube.ide.mcu.externaltools.gnu-tools-for-stm32.11.3.rel1.win32_1.1.0.202305231506/tools/bin/../lib/gcc/arm-none-eabi/11.3.1/../../../../arm-none-eabi/lib/thumb/v7e-m+fp/hard\libc_nano.a(libc_a-exit.o) (__stdio_exit_handler)
F:/ST/STM32CubeIDE_1.1.0/STM32CubeIDE/plugins/com.st.stm32cube.ide.mcu.externaltools.gnu-tools-for-stm32.11.3.rel1.win32_1.1.0.202305231506/tools/bin/../lib/gcc/arm-none-eabi/11.3.1/../../../../arm-none-eabi/lib/thumb/v7e-m+fp/hard\libc_nano.a(libc_a-fwalk.o)
[...]
Memory Configuration

Name             Origin             Length             Attributes
RAM              0x0000000020000000 0x0000000000010000 xrw
FLASH            0x0000000008000000 0x0000000000040000 xr
*default*        0x0000000000000000 0xffffffffffffffff

Linker script and memory map

LOAD F:/ST/STM32CubeIDE_1.1.0/STM32CubeIDE/plugins/com.st.stm32cube.ide.mcu.externaltools.gnu-tools-for-stm32.11.3.rel1.win32_1.1.0.202305231506/tools/bin/../lib/gcc/arm-none-eabi/11.3.1/thumb/v7e-m+fp/hard/crti.o
LOAD F:/ST/STM32CubeIDE_1.1.0/STM32CubeIDE/plugins/com.st.stm32cube.ide.mcu.externaltools.gnu-tools-for-stm32.11.3.rel1.win32_1.1.0.202305231506/tools/bin/../lib/gcc/arm-none-eabi/11.3.1/thumb/v7e-m+fp/hard/crtbegin.o
LOAD F:/ST/STM32CubeIDE_1.1.0/STM32CubeIDE/plugins/com.st.stm32cube.ide.mcu.externaltools.gnu-tools-for-stm32.11.3.rel1.win32_1.1.0.202305231506/tools/bin/../lib/gcc/arm-none-eabi/11.3.1/../../../../arm-none-eabi/lib/thumb/v7e-m+fp/hard/crt0.o
LOAD ./AVI/avi.o
LOAD ./AVI/jpeg_data.o
LOAD ./AVI/mp3_callback.o
LOAD ./AVI/player.o
LOAD ./AVI/riff_read_header.o
LOAD ./AVI/textures.o
LOAD ./Core/Src/asm.o
LOAD ./Core/Src/main.o
LOAD ./Core/Src/stm32f4xx_it.o
LOAD ./Core/Src/syscalls.o
LOAD ./Core/Src/sysmem.o
LOAD ./Core/Src/system_stm32f4xx.o
LOAD ./Core/Startup/startup_stm32f401ccux.o
LOAD ./Display/display.o
LOAD ./Display/display_asm.o
LOAD ./Display/display_offsets.o
LOAD ./Display/fonts.o
LOAD ./Display/ili9341.o
LOAD ./Display/st7789.o
LOAD ./Drivers/STM32F4xx_HAL_Driver/Src/stm32f4xx_ll_dma.o
LOAD ./Drivers/STM32F4xx_HAL_Driver/Src/stm32f4xx_ll_exti.o
LOAD ./Drivers/STM32F4xx_HAL_Driver/Src/stm32f4xx_ll_gpio.o
LOAD ./Drivers/STM32F4xx_HAL_Driver/Src/stm32f4xx_ll_rcc.o
LOAD ./Drivers/STM32F4xx_HAL_Driver/Src/stm32f4xx_ll_spi.o
LOAD ./Drivers/STM32F4xx_HAL_Driver/Src/stm32f4xx_ll_tim.o
LOAD ./Drivers/STM32F4xx_HAL_Driver/Src/stm32f4xx_ll_utils.o
LOAD ./Encoder/encoder.o
LOAD ./FATFS/diskio.o
LOAD ./FATFS/ff.o
LOAD ./FATFS/ffsystem.o
LOAD ./FATFS/ffunicode.o
LOAD ./FATFS/user_diskio_spi.o
LOAD ./FileManager/filemanager.o
LOAD ./FileManager/icons.o
LOAD ./JPEG/jpeg_chan.o
LOAD ./JPEG/tjpgd.o
LOAD ./Keyboard/keyboard.o
LOAD ./MP3Helix/src/asmpoly_thumb2.o
LOAD ./MP3Helix/src/bitstream.o
LOAD ./MP3Helix/src/buffers.o
LOAD ./MP3Helix/src/dct32.o
LOAD ./MP3Helix/src/dequant.o
LOAD ./MP3Helix/src/dqchan.o
LOAD ./MP3Helix/src/huffman.o
LOAD ./MP3Helix/src/hufftabs.o
LOAD ./MP3Helix/src/imdct.o
LOAD ./MP3Helix/src/mp3dec.o
LOAD ./MP3Helix/src/mp3tabs.o
LOAD ./MP3Helix/src/scalfact.o
LOAD ./MP3Helix/src/stproc.o
LOAD ./MP3Helix/src/subband.o
LOAD ./MP3Helix/src/trigtabs.o
LOAD ./MicroGL2D/microgl2d.o
LOAD ./MyString/mystring.o
LOAD ./PCM5102/pcm5102.o
START GROUP
LOAD F:/ST/STM32CubeIDE_1.1.0/STM32CubeIDE/plugins/com.st.stm32cube.ide.mcu.externaltools.gnu-tools-for-stm32.11.3.rel1.win32_1.1.0.202305231506/tools/bin/../lib/gcc/arm-none-eabi/11.3.1/../../../../arm-none-eabi/lib/thumb/v7e-m+fp/hard\libc_nano.a
LOAD F:/ST/STM32CubeIDE_1.1.0/STM32CubeIDE/plugins/com.st.stm32cube.ide.mcu.externaltools.gnu-tools-for-stm32.11.3.rel1.win32_1.1.0.202305231506/tools/bin/../lib/gcc/arm-none-eabi/11.3.1/../../../../arm-none-eabi/lib/thumb/v7e-m+fp/hard\libm.a
END GROUP
START GROUP
LOAD F:/ST/STM32CubeIDE_1.1.0/STM32CubeIDE/plugins/com.st.stm32cube.ide.mcu.externaltools.gnu-tools-for-stm32.11.3.rel1.win32_1.1.0.202305231506/tools/bin/../lib/gcc/arm-none-eabi/11.3.1/thumb/v7e-m+fp/hard\libgcc.a
LOAD F:/ST/STM32CubeIDE_1.1.0/STM32CubeIDE/plugins/com.st.stm32cube.ide.mcu.externaltools.gnu-tools-for-stm32.11.3.rel1.win32_1.1.0.202305231506/tools/bin/../lib/gcc/arm-none-eabi/11.3.1/../../../../arm-none-eabi/lib/thumb/v7e-m+fp/hard\libc_nano.a
END GROUP
START GROUP
LOAD F:/ST/STM32CubeIDE_1.1.0/STM32CubeIDE/plugins/com.st.stm32cube.ide.mcu.externaltools.gnu-tools-for-stm32.11.3.rel1.win32_1.1.0.202305231506/tools/bin/../lib/gcc/arm-none-eabi/11.3.1/thumb/v7e-m+fp/hard\libgcc.a
LOAD F:/ST/STM32CubeIDE_1.1.0/STM32CubeIDE/plugins/com.st.stm32cube.ide.mcu.externaltools.gnu-tools-for-stm32.11.3.rel1.win32_1.1.0.202305231506/tools/bin/../lib/gcc/arm-none-eabi/11.3.1/../../../../arm-none-eabi/lib/thumb/v7e-m+fp/hard\libc_nano.a
LOAD F:/ST/STM32CubeIDE_1.1.0/STM32CubeIDE/plugins/com.st.stm32cube.ide.mcu.externaltools.gnu-tools-for-stm32.11.3.rel1.win32_1.1.0.202305231506/tools/bin/../lib/gcc/arm-none-eabi/11.3.1/../../../../arm-none-eabi/lib/thumb/v7e-m+fp/hard\libnosys.a
END GROUP
START GROUP
LOAD F:/ST/STM32CubeIDE_1.1.0/STM32CubeIDE/plugins/com.st.stm32cube.ide.mcu.externaltools.gnu-tools-for-stm32.11.3.rel1.win32_1.1.0.202305231506/tools/bin/../lib/gcc/arm-none-eabi/11.3.1/thumb/v7e-m+fp/hard\libgcc.a
LOAD F:/ST/STM32CubeIDE_1.1.0/STM32CubeIDE/plugins/com.st.stm32cube.ide.mcu.externaltools.gnu-tools-for-stm32.11.3.rel1.win32_1.1.0.202305231506/tools/bin/../lib/gcc/arm-none-eabi/11.3.1/../../../../arm-none-eabi/lib/thumb/v7e-m+fp/hard\libc_nano.a
LOAD F:/ST/STM32CubeIDE_1.1.0/STM32CubeIDE/plugins/com.st.stm32cube.ide.mcu.externaltools.gnu-tools-for-stm32.11.3.rel1.win32_1.1.0.202305231506/tools/bin/../lib/gcc/arm-none-eabi/11.3.1/../../../../arm-none-eabi/lib/thumb/v7e-m+fp/hard\libnosys.a
END GROUP
LOAD F:/ST/STM32CubeIDE_1.1.0/STM32CubeIDE/plugins/com.st.stm32cube.ide.mcu.externaltools.gnu-tools-for-stm32.11.3.rel1.win32_1.1.0.202305231506/tools/bin/../lib/gcc/arm-none-eabi/11.3.1/thumb/v7e-m+fp/hard/crtend.o
LOAD F:/ST/STM32CubeIDE_1.1.0/STM32CubeIDE/plugins/com.st.stm32cube.ide.mcu.externaltools.gnu-tools-for-stm32.11.3.rel1.win32_1.1.0.202305231506/tools/bin/../lib/gcc/arm-none-eabi/11.3.1/thumb/v7e-m+fp/hard/crtn.o
                0x0000000020010000                _estack = (ORIGIN (RAM) + LENGTH (RAM))
                0x0000000000000200                _Min_Heap_Size = 0x200
                0x0000000000000400                _Min_Stack_Size = 0x400

.isr_vector     0x0000000008000000      0x194
                0x0000000008000000                . = ALIGN (0x4)
 *(.isr_vector)
 .isr_vector    0x0000000008000000      0x194 ./Core/Startup/startup_stm32f401ccux.o
                0x0000000008000000                g_pfnVectors
                0x0000000008000194                . = ALIGN (0x4)

.text           0x0000000008000198    0x113e0
                0x0000000008000198                . = ALIGN (0x4)
 *(.text)
 .text          0x0000000008000198       0x40 F:/ST/STM32CubeIDE_1.1.0/STM32CubeIDE/plugins/com.st.stm32cube.ide.mcu.externaltools.gnu-tools-for-stm32.11.3.rel1.win32_1.1.0.202305231506/tools/bin/../lib/gcc/arm-none-eabi/11.3.1/thumb/v7e-m+fp/hard/crtbegin.o
 .text          0x00000000080001d8      0x864 ./MP3Helix/src/asmpoly_thumb2.o
                0x00000000080001d8                xmp3_PolyphaseStereo
                0x000000000800072c                xmp3_PolyphaseMono
 .text          0x0000000008000a3c       0x10 F:/ST/STM32CubeIDE_1.1.0/STM32CubeIDE/plugins/com.st.stm32cube.ide.mcu.externaltools.gnu-tools-for-stm32.11.3.rel1.win32_1.1.0.202305231506/tools/bin/../lib/gcc/arm-none-eabi/11.3.1/../../../../arm-none-eabi/lib/thumb/v7e-m+fp/hard\libc_nano.a(libc_a-strlen.o)
                0x0000000008000a3c                strlen
 .text          0x0000000008000a4c       0x30 F:/ST/STM32CubeIDE_1.1.0/STM32CubeIDE/plugins/com.st.stm32cube.ide.mcu.externaltools.gnu-tools-for-stm32.11.3.rel1.win32_1.1.0.202305231506/tools/bin/../lib/gcc/arm-none-eabi/11.3.1/thumb/v7e-m+fp/hard\libgcc.a(_aeabi_uldivmod.o)
                0x0000000008000a4c                __aeabi_uldivmod
 .text          0x0000000008000a7c      0x2c8 F:/ST/STM32CubeIDE_1.1.0/STM32CubeIDE/plugins/com.st.stm32cube.ide.mcu.externaltools.gnu-tools-for-stm32.11.3.rel1.win32_1.1.0.202305231506/tools/bin/../lib/gcc/arm-none-eabi/11.3.1/thumb/v7e-m+fp/hard\libgcc.a(_udivmoddi4.o)
                0x0000000008000a7c                __udivmoddi4
 .text          0x0000000008000d44        0x4 F:/ST/STM32CubeIDE_1.1.0/STM32CubeIDE/plugins/com.st.stm32cube.ide.mcu.externaltools.gnu-tools-for-stm32.11.3.rel1.win32_1.1.0.202305231506/tools/bin/../lib/gcc/arm-none-eabi/11.3.1/thumb/v7e-m+fp/hard\libgcc.a(_dvmd_tls.o)
                0x0000000008000d44                __aeabi_idiv0
                0x0000000008000d44                __aeabi_ldiv0
 *(.text*)
 .text.PlayAVI  0x0000000008000d48      0xb98 ./AVI/avi.o
                0x0000000008000d48                PlayAVI
 .text.AVIIntro
                0x00000000080018e0      0x30c ./AVI/avi.o
                0x00000000080018e0                AVIIntro
 .text.mp3_process_decode
                0x0000000008001bec      0x148 ./AVI/mp3_callback.o
 .text.mp3_read_header_callback
                0x0000000008001d34      0x124 ./AVI/mp3_callback.o
                0x0000000008001d34                mp3_read_header_callback
 .text.mp3_start_play_callback
                0x0000000008001e58       0x30 ./AVI/mp3_callback.o
                0x0000000008001e58                mp3_start_play_callback
 .text.mp3_update_play_callback
                0x0000000008001e88       0x20 ./AVI/mp3_callback.o
                0x0000000008001e88                mp3_update_play_callback
 .text.mp3_stop_callback
                0x0000000008001ea8       0x18 ./AVI/mp3_callback.o
                0x0000000008001ea8                mp3_stop_callback
 .text.PlayerNew
                0x0000000008001ec0        0x8 ./AVI/player.o
                0x0000000008001ec0                PlayerNew
 .text.PlayerDelete
                0x0000000008001ec8       0x68 ./AVI/player.o
                0x0000000008001ec8                PlayerDelete
 .text.PlayerInit
                0x0000000008001f30       0x34 ./AVI/player.o
                0x0000000008001f30                PlayerInit
 .text.PlayerReadHeader
                0x0000000008001f64        0xc ./AVI/player.o
                0x0000000008001f64                PlayerReadHeader
 .text.PlayerStartPlay
                0x0000000008001f70       0x64 ./AVI/player.o
                0x0000000008001f70                PlayerStartPlay
 .text.PlayerUpdate
                0x0000000008001fd4       0x24 ./AVI/player.o
                0x0000000008001fd4                PlayerUpdate
 .text.PlayerStop
                0x0000000008001ff8        0xc ./AVI/player.o
                0x0000000008001ff8                PlayerStop
 .text.Read_RIFF_Header
                0x0000000008002004      0x244 ./AVI/riff_read_header.o
                0x0000000008002004                Read_RIFF_Header
 .text.memset_word
                0x0000000008002248        0xc ./Core/Src/asm.o
                0x0000000008002248                memset_word
 .text.SystemClock_Config
                0x0000000008002254       0xd4 ./Core/Src/main.o
                0x0000000008002254                SystemClock_Config
 .text.startup.main
                0x0000000008002328      0x9e4 ./Core/Src/main.o
                0x0000000008002328                main
 .text.NMI_Handler
                0x0000000008002d0c        0x4 ./Core/Src/stm32f4xx_it.o
                0x0000000008002d0c                NMI_Handler
 .text.HardFault_Handler
                0x0000000008002d10        0x4 ./Core/Src/stm32f4xx_it.o
                0x0000000008002d10                HardFault_Handler
 .text.MemManage_Handler
                0x0000000008002d14        0x4 ./Core/Src/stm32f4xx_it.o
                0x0000000008002d14                MemManage_Handler
 .text.BusFault_Handler
                0x0000000008002d18        0x4 ./Core/Src/stm32f4xx_it.o
                0x0000000008002d18                BusFault_Handler
 .text.UsageFault_Handler
                0x0000000008002d1c        0x4 ./Core/Src/stm32f4xx_it.o
                0x0000000008002d1c                UsageFault_Handler
 .text.SVC_Handler
                0x0000000008002d20        0x4 ./Core/Src/stm32f4xx_it.o
                0x0000000008002d20                SVC_Handler
 .text.DebugMon_Handler
                0x0000000008002d24        0x4 ./Core/Src/stm32f4xx_it.o
                0x0000000008002d24                DebugMon_Handler
 .text.PendSV_Handler
                0x0000000008002d28        0x4 ./Core/Src/stm32f4xx_it.o
                0x0000000008002d28                PendSV_Handler
 .text.SysTick_Handler
                0x0000000008002d2c       0x10 ./Core/Src/stm32f4xx_it.o
                0x0000000008002d2c                SysTick_Handler
 .text.EXTI0_IRQHandler
                0x0000000008002d3c       0xdc ./Core/Src/stm32f4xx_it.o
                0x0000000008002d3c                EXTI0_IRQHandler
 .text.EXTI1_IRQHandler
                0x0000000008002e18       0x7c ./Core/Src/stm32f4xx_it.o
                0x0000000008002e18                EXTI1_IRQHandler
 .text.DMA1_Stream3_IRQHandler
                0x0000000008002e94        0x4 ./Core/Src/stm32f4xx_it.o
                0x0000000008002e94                DMA1_Stream3_IRQHandler
 .text.DMA1_Stream4_IRQHandler
                0x0000000008002e98        0x4 ./Core/Src/stm32f4xx_it.o
                0x0000000008002e98                DMA1_Stream4_IRQHandler
 .text.EXTI15_10_IRQHandler
                0x0000000008002e9c       0x80 ./Core/Src/stm32f4xx_it.o
                0x0000000008002e9c                EXTI15_10_IRQHandler
 .text.DMA2_Stream3_IRQHandler
                0x0000000008002f1c        0xc ./Core/Src/stm32f4xx_it.o
                0x0000000008002f1c                DMA2_Stream3_IRQHandler
 .text.DMA1_Stream5_IRQHandler
                0x0000000008002f28       0xbc ./Core/Src/stm32f4xx_it.o
                0x0000000008002f28                DMA1_Stream5_IRQHandler
 .text._sbrk    0x0000000008002fe4       0x44 ./Core/Src/sysmem.o
                0x0000000008002fe4                _sbrk
 .text.SystemInit
                0x0000000008003028       0x14 ./Core/Src/system_stm32f4xx.o
                0x0000000008003028                SystemInit
 .text.Reset_Handler
                0x000000000800303c       0x50 ./Core/Startup/startup_stm32f401ccux.o
                0x000000000800303c                Reset_Handler
 .text.Default_Handler
                0x000000000800308c        0x2 ./Core/Startup/startup_stm32f401ccux.o
                0x000000000800308c                RTC_Alarm_IRQHandler
                0x000000000800308c                EXTI2_IRQHandler
                0x000000000800308c                SPI4_IRQHandler
                0x000000000800308c                TIM1_CC_IRQHandler
                0x000000000800308c                DMA2_Stream5_IRQHandler
                0x000000000800308c                PVD_IRQHandler
                0x000000000800308c                SDIO_IRQHandler
                0x000000000800308c                TAMP_STAMP_IRQHandler
                0x000000000800308c                EXTI3_IRQHandler
                0x000000000800308c                TIM1_UP_TIM10_IRQHandler
                0x000000000800308c                I2C3_ER_IRQHandler
                0x000000000800308c                I2C2_EV_IRQHandler
                0x000000000800308c                DMA1_Stream2_IRQHandler
                0x000000000800308c                FPU_IRQHandler
                0x000000000800308c                DMA2_Stream2_IRQHandler
                0x000000000800308c                SPI1_IRQHandler
                0x000000000800308c                TIM1_BRK_TIM9_IRQHandler
                0x000000000800308c                USART6_IRQHandler
                0x000000000800308c                DMA2_Stream0_IRQHandler
                0x000000000800308c                TIM4_IRQHandler
                0x000000000800308c                I2C1_EV_IRQHandler
                0x000000000800308c                DMA1_Stream6_IRQHandler
                0x000000000800308c                DMA1_Stream1_IRQHandler
                0x000000000800308c                TIM3_IRQHandler
                0x000000000800308c                RCC_IRQHandler
                0x000000000800308c                Default_Handler
                0x000000000800308c                ADC_IRQHandler
                0x000000000800308c                DMA1_Stream7_IRQHandler
                0x000000000800308c                TIM5_IRQHandler
                0x000000000800308c                DMA2_Stream7_IRQHandler
                0x000000000800308c                I2C3_EV_IRQHandler
                0x000000000800308c                EXTI9_5_IRQHandler
                0x000000000800308c                RTC_WKUP_IRQHandler
                0x000000000800308c                SPI2_IRQHandler
                0x000000000800308c                DMA1_Stream0_IRQHandler
                0x000000000800308c                EXTI4_IRQHandler
                0x000000000800308c                WWDG_IRQHandler
                0x000000000800308c                TIM2_IRQHandler
                0x000000000800308c                OTG_FS_WKUP_IRQHandler
                0x000000000800308c                TIM1_TRG_COM_TIM11_IRQHandler
                0x000000000800308c                USART2_IRQHandler
                0x000000000800308c                I2C2_ER_IRQHandler
                0x000000000800308c                DMA2_Stream1_IRQHandler
                0x000000000800308c                FLASH_IRQHandler
                0x000000000800308c                DMA2_Stream4_IRQHandler
                0x000000000800308c                USART1_IRQHandler
                0x000000000800308c                OTG_FS_IRQHandler
                0x000000000800308c                SPI3_IRQHandler
                0x000000000800308c                I2C1_ER_IRQHandler
                0x000000000800308c                DMA2_Stream6_IRQHandler
 *fill*         0x000000000800308e        0x2 
 .text.LCD_SetCS
                0x0000000008003090        0xc ./Display/display.o
                0x0000000008003090                LCD_SetCS
 .text.LCD_ResCS
                0x000000000800309c       0x10 ./Display/display.o
                0x000000000800309c                LCD_ResCS
 .text.LCD_SetDC
                0x00000000080030ac        0x8 ./Display/display.o
                0x00000000080030ac                LCD_SetDC
 .text.LCD_String_Interpretator
                0x00000000080030b4      0x124 ./Display/display.o
                0x00000000080030b4                LCD_String_Interpretator
 .text.LCD_DisplayAdd
                0x00000000080031d8      0x1d8 ./Display/display.o
                0x00000000080031d8                LCD_DisplayAdd
 .text.LCD_Init
                0x00000000080033b0       0xa8 ./Display/display.o
                0x00000000080033b0                LCD_Init
 .text.LCD_Fill
                0x0000000008003458       0x20 ./Display/display.o
                0x0000000008003458                LCD_Fill
 .text.LCD_DrawLine
                0x0000000008003478      0x1a0 ./Display/display.o
                0x0000000008003478                LCD_DrawLine
 .text.LCD_DrawRectangle
                0x0000000008003618       0x58 ./Display/display.o
                0x0000000008003618                LCD_DrawRectangle
 .text.LCD_DrawFilledRectangle
                0x0000000008003670       0x54 ./Display/display.o
                0x0000000008003670                LCD_DrawFilledRectangle
 .text.LCD_WriteChar
                0x00000000080036c4      0x2bc ./Display/display.o
                0x00000000080036c4                LCD_WriteChar
 .text.LCD_WriteString
                0x0000000008003980       0x68 ./Display/display.o
                0x0000000008003980                LCD_WriteString
 .text.LCD_SetActiveWindow
                0x00000000080039e8       0xc4 ./Display/display_asm.o
                0x00000000080039e8                LCD_SetActiveWindow
 .text.LCD_WriteData
                0x0000000008003aac       0x68 ./Display/display_asm.o
                0x0000000008003aac                LCD_WriteData
 .text.LCD_WriteDataDMA
                0x0000000008003b14       0x8e ./Display/display_asm.o
                0x0000000008003b14                LCD_WriteDataDMA
 .text.LCD_FillWindow
                0x0000000008003ba2       0x8c ./Display/display_asm.o
                0x0000000008003ba2                LCD_FillWindow
 .text.LCD_DrawImage
                0x0000000008003c2e       0x50 ./Display/display_asm.o
                0x0000000008003c2e                LCD_DrawImage
 *fill*         0x0000000008003c7e        0x2 
 .text.Display_TC_Callback
                0x0000000008003c80       0x90 ./Display/display_asm.o
                0x0000000008003c80                Display_TC_Callback
 .text.ILI9341_Init
                0x0000000008003d10       0x1c ./Display/ili9341.o
                0x0000000008003d10                ILI9341_Init
 .text.ILI9341_SetWindow
                0x0000000008003d2c       0x48 ./Display/ili9341.o
                0x0000000008003d2c                ILI9341_SetWindow
 .text.ILI9341_SleepIn
                0x0000000008003d74        0x8 ./Display/ili9341.o
                0x0000000008003d74                ILI9341_SleepIn
 .text.ILI9341_SleepOut
                0x0000000008003d7c        0x8 ./Display/ili9341.o
                0x0000000008003d7c                ILI9341_SleepOut
 .text.LL_EXTI_Init
                0x0000000008003d84       0xbc ./Drivers/STM32F4xx_HAL_Driver/Src/stm32f4xx_ll_exti.o
                0x0000000008003d84                LL_EXTI_Init
 .text.LL_GPIO_Init
                0x0000000008003e40      0x148 ./Drivers/STM32F4xx_HAL_Driver/Src/stm32f4xx_ll_gpio.o
                0x0000000008003e40                LL_GPIO_Init
 .text.LL_RCC_GetI2SClockFreq
                0x0000000008003f88       0x68 ./Drivers/STM32F4xx_HAL_Driver/Src/stm32f4xx_ll_rcc.o
                0x0000000008003f88                LL_RCC_GetI2SClockFreq
 .text.LL_SPI_Init
                0x0000000008003ff0       0x70 ./Drivers/STM32F4xx_HAL_Driver/Src/stm32f4xx_ll_spi.o
                0x0000000008003ff0                LL_SPI_Init
 .text.LL_I2S_Init
                0x0000000008004060       0x98 ./Drivers/STM32F4xx_HAL_Driver/Src/stm32f4xx_ll_spi.o
                0x0000000008004060                LL_I2S_Init
 .text.LL_TIM_Init
                0x00000000080040f8       0x98 ./Drivers/STM32F4xx_HAL_Driver/Src/stm32f4xx_ll_tim.o
                0x00000000080040f8                LL_TIM_Init
 .text.LL_TIM_OC_Init
                0x0000000008004190      0x1b0 ./Drivers/STM32F4xx_HAL_Driver/Src/stm32f4xx_ll_tim.o
                0x0000000008004190                LL_TIM_OC_Init
 .text.LL_Init1msTick
                0x0000000008004340       0x20 ./Drivers/STM32F4xx_HAL_Driver/Src/stm32f4xx_ll_utils.o
                0x0000000008004340                LL_Init1msTick
 .text.LL_mDelay
                0x0000000008004360       0x24 ./Drivers/STM32F4xx_HAL_Driver/Src/stm32f4xx_ll_utils.o
                0x0000000008004360                LL_mDelay
 .text.LL_SetSystemCoreClock
                0x0000000008004384        0xc ./Drivers/STM32F4xx_HAL_Driver/Src/stm32f4xx_ll_utils.o
                0x0000000008004384                LL_SetSystemCoreClock
 .text.EncoderInit
                0x0000000008004390       0x34 ./Encoder/encoder.o
                0x0000000008004390                EncoderInit
 .text.EncoderUpdate
                0x00000000080043c4      0x154 ./Encoder/encoder.o
                0x00000000080043c4                EncoderUpdate
 .text.EncoderSetInversion
                0x0000000008004518        0x8 ./Encoder/encoder.o
                0x0000000008004518                EncoderSetInversion
 .text.disk_status
                0x0000000008004520        0x4 ./FATFS/diskio.o
                0x0000000008004520                disk_status
 .text.disk_initialize
                0x0000000008004524        0x4 ./FATFS/diskio.o
                0x0000000008004524                disk_initialize
 .text.disk_read
                0x0000000008004528       0x1c ./FATFS/diskio.o
                0x0000000008004528                disk_read
 .text.get_fileinfo
                0x0000000008004544      0x228 ./FATFS/ff.o
 .text.check_fs
                0x000000000800476c       0xf8 ./FATFS/ff.o
 .text.mount_volume.constprop.0
                0x0000000008004864      0x208 ./FATFS/ff.o
 .text.get_fat.isra.0
                0x0000000008004a6c       0xf8 ./FATFS/ff.o
 .text.dir_sdi.constprop.0
                0x0000000008004b64      0x178 ./FATFS/ff.o
 .text.follow_path
                0x0000000008004cdc      0x638 ./FATFS/ff.o
 .text.f_mount  0x0000000008005314       0x64 ./FATFS/ff.o
                0x0000000008005314                f_mount
 .text.f_open   0x0000000008005378       0x7c ./FATFS/ff.o
                0x0000000008005378                f_open
 .text.f_read   0x00000000080053f4      0x174 ./FATFS/ff.o
                0x00000000080053f4                f_read
 .text.f_close  0x0000000008005568       0x30 ./FATFS/ff.o
                0x0000000008005568                f_close
 .text.f_lseek  0x0000000008005598      0x230 ./FATFS/ff.o
                0x0000000008005598                f_lseek
 .text.f_opendir
                0x00000000080057c8       0x70 ./FATFS/ff.o
                0x00000000080057c8                f_opendir
 .text.f_closedir
                0x0000000008005838       0x30 ./FATFS/ff.o
                0x0000000008005838                f_closedir
 .text.f_readdir
                0x0000000008005868      0x46c ./FATFS/ff.o
                0x0000000008005868                f_readdir
 .text.ff_uni2oem
                0x0000000008005cd4       0x44 ./FATFS/ffunicode.o
                0x0000000008005cd4                ff_uni2oem
 .text.ff_oem2uni
                0x0000000008005d18       0x28 ./FATFS/ffunicode.o
                0x0000000008005d18                ff_oem2uni
 .text.ff_wtoupper
                0x0000000008005d40       0xa8 ./FATFS/ffunicode.o
                0x0000000008005d40                ff_wtoupper
 .text.SPI_DMA_TransmitReceive
                0x0000000008005de8      0x118 ./FATFS/user_diskio_spi.o
 .text.rcvr_datablock
                0x0000000008005f00       0x7c ./FATFS/user_diskio_spi.o
 .text.send_cmd
                0x0000000008005f7c      0x118 ./FATFS/user_diskio_spi.o
 .text.USER_SPI_initialize
                0x0000000008006094      0x1fc ./FATFS/user_diskio_spi.o
                0x0000000008006094                USER_SPI_initialize
 .text.USER_SPI_status
                0x0000000008006290        0xc ./FATFS/user_diskio_spi.o
                0x0000000008006290                USER_SPI_status
 .text.USER_SPI_read
                0x000000000800629c      0x108 ./FATFS/user_diskio_spi.o
                0x000000000800629c                USER_SPI_read
 .text.FileManagerSetDisplay
                0x00000000080063a4        0x4 ./FileManager/filemanager.o
 .text.FileManagerSetWin
                0x00000000080063a8        0xc ./FileManager/filemanager.o
 .text.FileManagerSetColor
                0x00000000080063b4        0x4 ./FileManager/filemanager.o
 .text.FileManagerSetFont
                0x00000000080063b8        0x4 ./FileManager/filemanager.o
 .text.FileManagerSetKeys
                0x00000000080063bc       0x10 ./FileManager/filemanager.o
 .text.FileManagerChangeActiveFlag
                0x00000000080063cc        0x8 ./FileManager/filemanager.o
 .text.FileManagerGetStatus
                0x00000000080063d4        0x8 ./FileManager/filemanager.o
 .text.FileManagerGetFilePath
                0x00000000080063dc        0x4 ./FileManager/filemanager.o
 .text.FileManagerGetFileName
                0x00000000080063e0        0x4 ./FileManager/filemanager.o
 .text.FileManagerShow
                0x00000000080063e4      0xa4c ./FileManager/filemanager.o
 .text.FileManagerNew
                0x0000000008006e30       0x84 ./FileManager/filemanager.o
                0x0000000008006e30                FileManagerNew
 .text.FileManagerPopupWin
                0x0000000008006eb4       0xf4 ./FileManager/filemanager.o
                0x0000000008006eb4                FileManagerPopupWin
 .text.tjd_output
                0x0000000008006fa8       0x98 ./JPEG/jpeg_chan.o
 .text.tjd_input_memory
                0x0000000008007040       0x30 ./JPEG/jpeg_chan.o
 .text.tjd_input_file
                0x0000000008007070       0x78 ./JPEG/jpeg_chan.o
 .text.LCD_Load_JPG_chan
                0x00000000080070e8       0xc4 ./JPEG/jpeg_chan.o
                0x00000000080070e8                LCD_Load_JPG_chan
 .text.jd_prepare
                0x00000000080071ac      0x924 ./JPEG/tjpgd.o
                0x00000000080071ac                jd_prepare
 .text.jd_decomp
                0x0000000008007ad0      0xf64 ./JPEG/tjpgd.o
                0x0000000008007ad0                jd_decomp
 .text.KEYB_Inkeys
                0x0000000008008a34       0x3c ./Keyboard/keyboard.o
                0x0000000008008a34                KEYB_Inkeys
 .text.KEYB_kbhit
                0x0000000008008a70       0x1c ./Keyboard/keyboard.o
                0x0000000008008a70                KEYB_kbhit
 .text.xmp3_SetBitstreamPointer
                0x0000000008008a8c        0xc ./MP3Helix/src/bitstream.o
                0x0000000008008a8c                xmp3_SetBitstreamPointer
 .text.xmp3_GetBits
                0x0000000008008a98       0xcc ./MP3Helix/src/bitstream.o
                0x0000000008008a98                xmp3_GetBits
 .text.xmp3_CalcBitsUsed
                0x0000000008008b64       0x14 ./MP3Helix/src/bitstream.o
                0x0000000008008b64                xmp3_CalcBitsUsed
 .text.xmp3_CheckPadBit
                0x0000000008008b78       0x18 ./MP3Helix/src/bitstream.o
                0x0000000008008b78                xmp3_CheckPadBit
 .text.xmp3_UnpackFrameHeader
                0x0000000008008b90      0x1c8 ./MP3Helix/src/bitstream.o
                0x0000000008008b90                xmp3_UnpackFrameHeader
 .text.xmp3_UnpackSideInfo
                0x0000000008008d58     0x117c ./MP3Helix/src/bitstream.o
                0x0000000008008d58                xmp3_UnpackSideInfo
 .text.xmp3_FreeBuffers
                0x0000000008009ed4       0x4c ./MP3Helix/src/buffers.o
                0x0000000008009ed4                xmp3_FreeBuffers
 .text.xmp3_AllocateBuffers
                0x0000000008009f20       0x9c ./MP3Helix/src/buffers.o
                0x0000000008009f20                xmp3_AllocateBuffers
 .text.xmp3_FDCT32
                0x0000000008009fbc      0xa08 ./MP3Helix/src/dct32.o
                0x0000000008009fbc                xmp3_FDCT32
 .text.xmp3_Dequantize
                0x000000000800a9c4      0x34c ./MP3Helix/src/dequant.o
                0x000000000800a9c4                xmp3_Dequantize
 .text.DequantBlock
                0x000000000800ad10      0x1e4 ./MP3Helix/src/dqchan.o
 .text.xmp3_DequantChannel
                0x000000000800aef4      0x2d8 ./MP3Helix/src/dqchan.o
                0x000000000800aef4                xmp3_DequantChannel
 .text.xmp3_DecodeHuffman
                0x000000000800b1cc      0x76c ./MP3Helix/src/huffman.o
                0x000000000800b1cc                xmp3_DecodeHuffman
 .text.WinPrevious.part.0
                0x000000000800b938       0xe4 ./MP3Helix/src/imdct.o
 .text.FreqInvertRescale
                0x000000000800ba1c      0x500 ./MP3Helix/src/imdct.o
 .text.xmp3_IMDCT
                0x000000000800bf1c     0x21c0 ./MP3Helix/src/imdct.o
                0x000000000800bf1c                xmp3_IMDCT
 .text.MP3InitDecoder
                0x000000000800e0dc        0x4 ./MP3Helix/src/mp3dec.o
                0x000000000800e0dc                MP3InitDecoder
 .text.MP3FreeDecoder
                0x000000000800e0e0        0x8 ./MP3Helix/src/mp3dec.o
                0x000000000800e0e0                MP3FreeDecoder
 .text.MP3Decode
                0x000000000800e0e8      0x48c ./MP3Helix/src/mp3dec.o
                0x000000000800e0e8                MP3Decode
 .text.xmp3_UnpackScaleFactors
                0x000000000800e574      0x8d8 ./MP3Helix/src/scalfact.o
                0x000000000800e574                xmp3_UnpackScaleFactors
 .text.xmp3_MidSideProc
                0x000000000800ee4c       0x68 ./MP3Helix/src/stproc.o
                0x000000000800ee4c                xmp3_MidSideProc
 .text.xmp3_IntensityProcMPEG1
                0x000000000800eeb4      0x334 ./MP3Helix/src/stproc.o
                0x000000000800eeb4                xmp3_IntensityProcMPEG1
 .text.xmp3_IntensityProcMPEG2
                0x000000000800f1e8      0x27c ./MP3Helix/src/stproc.o
                0x000000000800f1e8                xmp3_IntensityProcMPEG2
 .text.xmp3_Subband
                0x000000000800f464      0x11c ./MP3Helix/src/subband.o
                0x000000000800f464                xmp3_Subband
 .text.GRAPH_getcolor_unknow
                0x000000000800f580       0x14 ./MicroGL2D/microgl2d.o
 .text.GRAPH_getcolor_R3G3B2
                0x000000000800f594       0x28 ./MicroGL2D/microgl2d.o
 .text.GRAPH_getcolor_R5G6B5
                0x000000000800f5bc       0x28 ./MicroGL2D/microgl2d.o
 .text.GRAPH_getcolor_A4R4G4B4
                0x000000000800f5e4       0x24 ./MicroGL2D/microgl2d.o
 .text.GRAPH_getcolor_R8G8B8
                0x000000000800f608       0x18 ./MicroGL2D/microgl2d.o
 .text.GRAPH_getcolor_A8R8G8B8
                0x000000000800f620       0x18 ./MicroGL2D/microgl2d.o
 .text.MGL_setcolorbuffer
                0x000000000800f638      0xa3c ./MicroGL2D/microgl2d.o
 .text.MGL_GradientCreate
                0x0000000008010074       0x14 ./MicroGL2D/microgl2d.o
                0x0000000008010074                MGL_GradientCreate
 .text.MGL_GradientDelete
                0x0000000008010088       0x24 ./MicroGL2D/microgl2d.o
                0x0000000008010088                MGL_GradientDelete
 .text.MGL_GradientAddColor
                0x00000000080100ac       0x68 ./MicroGL2D/microgl2d.o
                0x00000000080100ac                MGL_GradientAddColor
 .text.MGL_GradientSetDeg
                0x0000000008010114        0x4 ./MicroGL2D/microgl2d.o
                0x0000000008010114                MGL_GradientSetDeg
 .text.MGL_ObjectAdd
                0x0000000008010118       0x70 ./MicroGL2D/microgl2d.o
                0x0000000008010118                MGL_ObjectAdd
 .text.MGL_ObjectsListDelete
                0x0000000008010188       0x44 ./MicroGL2D/microgl2d.o
                0x0000000008010188                MGL_ObjectsListDelete
 .text.MGL_ObjectSetTexture
                0x00000000080101cc        0x4 ./MicroGL2D/microgl2d.o
                0x00000000080101cc                MGL_ObjectSetTexture
 .text.MGL_ObjectSetGradient
                0x00000000080101d0        0x4 ./MicroGL2D/microgl2d.o
                0x00000000080101d0                MGL_ObjectSetGradient
 .text.MGL_ObjectSetTransparency
                0x00000000080101d4        0x4 ./MicroGL2D/microgl2d.o
                0x00000000080101d4                MGL_ObjectSetTransparency
 .text.MGL_ObjectSetVisible
                0x00000000080101d8        0x4 ./MicroGL2D/microgl2d.o
                0x00000000080101d8                MGL_ObjectSetVisible
 .text.MGL_SetRectangle
                0x00000000080101dc       0x2c ./MicroGL2D/microgl2d.o
                0x00000000080101dc                MGL_SetRectangle
 .text.MGL_SetTriangle
                0x0000000008010208       0x64 ./MicroGL2D/microgl2d.o
                0x0000000008010208                MGL_SetTriangle
 .text.MGL_SetCircle
                0x000000000801026c       0x10 ./MicroGL2D/microgl2d.o
                0x000000000801026c                MGL_SetCircle
 .text.MGL_SetText
                0x000000000801027c       0x1c ./MicroGL2D/microgl2d.o
                0x000000000801027c                MGL_SetText
 .text.MGL_RenderObjects
                0x0000000008010298      0x69c ./MicroGL2D/microgl2d.o
                0x0000000008010298                MGL_RenderObjects
 .text.MGL_ObjectMove
                0x0000000008010934       0x74 ./MicroGL2D/microgl2d.o
                0x0000000008010934                MGL_ObjectMove
 .text.MGL_ObjectListMove
                0x00000000080109a8       0x84 ./MicroGL2D/microgl2d.o
                0x00000000080109a8                MGL_ObjectListMove
 .text.MGL_ObjectListTransparency
                0x0000000008010a2c        0xc ./MicroGL2D/microgl2d.o
                0x0000000008010a2c                MGL_ObjectListTransparency
 .text.my_strcpy_fixed_sym
                0x0000000008010a38       0x20 ./MyString/mystring.o
                0x0000000008010a38                my_strcpy_fixed_sym
 .text.my_strcat_fixed_sym
                0x0000000008010a58       0x5c ./MyString/mystring.o
                0x0000000008010a58                my_strcat_fixed_sym
 .text.my_strcat
                0x0000000008010ab4       0x48 ./MyString/mystring.o
                0x0000000008010ab4                my_strcat
 .text.my_strcpy
                0x0000000008010afc       0x18 ./MyString/mystring.o
                0x0000000008010afc                my_strcpy
 .text.my_strcpy_mem
                0x0000000008010b14       0x4c ./MyString/mystring.o
                0x0000000008010b14                my_strcpy_mem
 .text.my_strlen
                0x0000000008010b60       0x1c ./MyString/mystring.o
                0x0000000008010b60                my_strlen
 .text.my_strsplice
                0x0000000008010b7c      0x130 ./MyString/mystring.o
                0x0000000008010b7c                my_strsplice
 .text.Init_DAC
                0x0000000008010cac      0x214 ./PCM5102/pcm5102.o
                0x0000000008010cac                Init_DAC
 .text.Start_DAC
                0x0000000008010ec0       0xb8 ./PCM5102/pcm5102.o
                0x0000000008010ec0                Start_DAC
 .text.Stop_DAC
                0x0000000008010f78       0x74 ./PCM5102/pcm5102.o
                0x0000000008010f78                Stop_DAC
 .text.Setup_DAC
                0x0000000008010fec      0x11c ./PCM5102/pcm5102.o
                0x0000000008010fec                Setup_DAC
 .text.calloc   0x0000000008011108       0x10 F:/ST/STM32CubeIDE_1.1.0/STM32CubeIDE/plugins/com.st.stm32cube.ide.mcu.externaltools.gnu-tools-for-stm32.11.3.rel1.win32_1.1.0.202305231506/tools/bin/../lib/gcc/arm-none-eabi/11.3.1/../../../../arm-none-eabi/lib/thumb/v7e-m+fp/hard\libc_nano.a(libc_a-calloc.o)
                0x0000000008011108                calloc
 .text._calloc_r
                0x0000000008011118       0x2c F:/ST/STM32CubeIDE_1.1.0/STM32CubeIDE/plugins/com.st.stm32cube.ide.mcu.externaltools.gnu-tools-for-stm32.11.3.rel1.win32_1.1.0.202305231506/tools/bin/../lib/gcc/arm-none-eabi/11.3.1/../../../../arm-none-eabi/lib/thumb/v7e-m+fp/hard\libc_nano.a(libc_a-callocr.o)
                0x0000000008011118                _calloc_r
 .text.malloc   0x0000000008011144       0x10 F:/ST/STM32CubeIDE_1.1.0/STM32CubeIDE/plugins/com.st.stm32cube.ide.mcu.externaltools.gnu-tools-for-stm32.11.3.rel1.win32_1.1.0.202305231506/tools/bin/../lib/gcc/arm-none-eabi/11.3.1/../../../../arm-none-eabi/lib/thumb/v7e-m+fp/hard\libc_nano.a(libc_a-malloc.o)
                0x0000000008011144                malloc
 .text.free     0x0000000008011154       0x10 F:/ST/STM32CubeIDE_1.1.0/STM32CubeIDE/plugins/com.st.stm32cube.ide.mcu.externaltools.gnu-tools-for-stm32.11.3.rel1.win32_1.1.0.202305231506/tools/bin/../lib/gcc/arm-none-eabi/11.3.1/../../../../arm-none-eabi/lib/thumb/v7e-m+fp/hard\libc_nano.a(libc_a-malloc.o)
                0x0000000008011154                free
 .text.sbrk_aligned
                0x0000000008011164       0x40 F:/ST/STM32CubeIDE_1.1.0/STM32CubeIDE/plugins/com.st.stm32cube.ide.mcu.externaltools.gnu-tools-for-stm32.11.3.rel1.win32_1.1.0.202305231506/tools/bin/../lib/gcc/arm-none-eabi/11.3.1/../../../../arm-none-eabi/lib/thumb/v7e-m+fp/hard\libc_nano.a(libc_a-mallocr.o)
 .text._malloc_r
                0x00000000080111a4      0x100 F:/ST/STM32CubeIDE_1.1.0/STM32CubeIDE/plugins/com.st.stm32cube.ide.mcu.externaltools.gnu-tools-for-stm32.11.3.rel1.win32_1.1.0.202305231506/tools/bin/../lib/gcc/arm-none-eabi/11.3.1/../../../../arm-none-eabi/lib/thumb/v7e-m+fp/hard\libc_nano.a(libc_a-mallocr.o)
                0x00000000080111a4                _malloc_r
 .text.__malloc_lock
                0x00000000080112a4        0xc F:/ST/STM32CubeIDE_1.1.0/STM32CubeIDE/plugins/com.st.stm32cube.ide.mcu.externaltools.gnu-tools-for-stm32.11.3.rel1.win32_1.1.0.202305231506/tools/bin/../lib/gcc/arm-none-eabi/11.3.1/../../../../arm-none-eabi/lib/thumb/v7e-m+fp/hard\libc_nano.a(libc_a-mlock.o)
                0x00000000080112a4                __malloc_lock
 .text.__malloc_unlock
                0x00000000080112b0        0xc F:/ST/STM32CubeIDE_1.1.0/STM32CubeIDE/plugins/com.st.stm32cube.ide.mcu.externaltools.gnu-tools-for-stm32.11.3.rel1.win32_1.1.0.202305231506/tools/bin/../lib/gcc/arm-none-eabi/11.3.1/../../../../arm-none-eabi/lib/thumb/v7e-m+fp/hard\libc_nano.a(libc_a-mlock.o)
                0x00000000080112b0                __malloc_unlock
 .text.realloc  0x00000000080112bc       0x10 F:/ST/STM32CubeIDE_1.1.0/STM32CubeIDE/plugins/com.st.stm32cube.ide.mcu.externaltools.gnu-tools-for-stm32.11.3.rel1.win32_1.1.0.202305231506/tools/bin/../lib/gcc/arm-none-eabi/11.3.1/../../../../arm-none-eabi/lib/thumb/v7e-m+fp/hard\libc_nano.a(libc_a-realloc.o)
                0x00000000080112bc                realloc
 .text._realloc_r
                0x00000000080112cc       0x5e F:/ST/STM32CubeIDE_1.1.0/STM32CubeIDE/plugins/com.st.stm32cube.ide.mcu.externaltools.gnu-tools-for-stm32.11.3.rel1.win32_1.1.0.202305231506/tools/bin/../lib/gcc/arm-none-eabi/11.3.1/../../../../arm-none-eabi/lib/thumb/v7e-m+fp/hard\libc_nano.a(libc_a-reallocr.o)
                0x00000000080112cc                _realloc_r
 *fill*         0x000000000801132a        0x2 
 .text.__utoa   0x000000000801132c       0x84 F:/ST/STM32CubeIDE_1.1.0/STM32CubeIDE/plugins/com.st.stm32cube.ide.mcu.externaltools.gnu-tools-for-stm32.11.3.rel1.win32_1.1.0.202305231506/tools/bin/../lib/gcc/arm-none-eabi/11.3.1/../../../../arm-none-eabi/lib/thumb/v7e-m+fp/hard\libc_nano.a(libc_a-utoa.o)
                0x000000000801132c                __utoa
 .text.utoa     0x00000000080113b0        0x4 F:/ST/STM32CubeIDE_1.1.0/STM32CubeIDE/plugins/com.st.stm32cube.ide.mcu.externaltools.gnu-tools-for-stm32.11.3.rel1.win32_1.1.0.202305231506/tools/bin/../lib/gcc/arm-none-eabi/11.3.1/../../../../arm-none-eabi/lib/thumb/v7e-m+fp/hard\libc_nano.a(libc_a-utoa.o)
                0x00000000080113b0                utoa
 .text.memmove  0x00000000080113b4       0x34 F:/ST/STM32CubeIDE_1.1.0/STM32CubeIDE/plugins/com.st.stm32cube.ide.mcu.externaltools.gnu-tools-for-stm32.11.3.rel1.win32_1.1.0.202305231506/tools/bin/../lib/gcc/arm-none-eabi/11.3.1/../../../../arm-none-eabi/lib/thumb/v7e-m+fp/hard\libc_nano.a(libc_a-memmove.o)
                0x00000000080113b4                memmove
 .text.memset   0x00000000080113e8       0x10 F:/ST/STM32CubeIDE_1.1.0/STM32CubeIDE/plugins/com.st.stm32cube.ide.mcu.externaltools.gnu-tools-for-stm32.11.3.rel1.win32_1.1.0.202305231506/tools/bin/../lib/gcc/arm-none-eabi/11.3.1/../../../../arm-none-eabi/lib/thumb/v7e-m+fp/hard\libc_nano.a(libc_a-memset.o)
                0x00000000080113e8                memset
 .text.strstr   0x00000000080113f8       0x2c F:/ST/STM32CubeIDE_1.1.0/STM32CubeIDE/plugins/com.st.stm32cube.ide.mcu.externaltools.gnu-tools-for-stm32.11.3.rel1.win32_1.1.0.202305231506/tools/bin/../lib/gcc/arm-none-eabi/11.3.1/../../../../arm-none-eabi/lib/thumb/v7e-m+fp/hard\libc_nano.a(libc_a-strstr.o)
                0x00000000080113f8                strstr
 .text._sbrk_r  0x0000000008011424       0x20 F:/ST/STM32CubeIDE_1.1.0/STM32CubeIDE/plugins/com.st.stm32cube.ide.mcu.externaltools.gnu-tools-for-stm32.11.3.rel1.win32_1.1.0.202305231506/tools/bin/../lib/gcc/arm-none-eabi/11.3.1/../../../../arm-none-eabi/lib/thumb/v7e-m+fp/hard\libc_nano.a(libc_a-sbrkr.o)
                0x0000000008011424                _sbrk_r
 .text.__errno  0x0000000008011444        0xc F:/ST/STM32CubeIDE_1.1.0/STM32CubeIDE/plugins/com.st.stm32cube.ide.mcu.externaltools.gnu-tools-for-stm32.11.3.rel1.win32_1.1.0.202305231506/tools/bin/../lib/gcc/arm-none-eabi/11.3.1/../../../../arm-none-eabi/lib/thumb/v7e-m+fp/hard\libc_nano.a(libc_a-errno.o)
                0x0000000008011444                __errno
 .text.__libc_init_array
                0x0000000008011450       0x48 F:/ST/STM32CubeIDE_1.1.0/STM32CubeIDE/plugins/com.st.stm32cube.ide.mcu.externaltools.gnu-tools-for-stm32.11.3.rel1.win32_1.1.0.202305231506/tools/bin/../lib/gcc/arm-none-eabi/11.3.1/../../../../arm-none-eabi/lib/thumb/v7e-m+fp/hard\libc_nano.a(libc_a-init.o)
                0x0000000008011450                __libc_init_array
 .text.__retarget_lock_acquire_recursive
                0x0000000008011498        0x2 F:/ST/STM32CubeIDE_1.1.0/STM32CubeIDE/plugins/com.st.stm32cube.ide.mcu.externaltools.gnu-tools-for-stm32.11.3.rel1.win32_1.1.0.202305231506/tools/bin/../lib/gcc/arm-none-eabi/11.3.1/../../../../arm-none-eabi/lib/thumb/v7e-m+fp/hard\libc_nano.a(libc_a-lock.o)
                0x0000000008011498                __retarget_lock_acquire_recursive
 .text.__retarget_lock_release_recursive
                0x000000000801149a        0x2 F:/ST/STM32CubeIDE_1.1.0/STM32CubeIDE/plugins/com.st.stm32cube.ide.mcu.externaltools.gnu-tools-for-stm32.11.3.rel1.win32_1.1.0.202305231506/tools/bin/../lib/gcc/arm-none-eabi/11.3.1/../../../../arm-none-eabi/lib/thumb/v7e-m+fp/hard\libc_nano.a(libc_a-lock.o)
                0x000000000801149a                __retarget_lock_release_recursive
 .text.memcpy   0x000000000801149c       0x1c F:/ST/STM32CubeIDE_1.1.0/STM32CubeIDE/plugins/com.st.stm32cube.ide.mcu.externaltools.gnu-tools-for-stm32.11.3.rel1.win32_1.1.0.202305231506/tools/bin/../lib/gcc/arm-none-eabi/11.3.1/../../../../arm-none-eabi/lib/thumb/v7e-m+fp/hard\libc_nano.a(libc_a-memcpy-stub.o)
                0x000000000801149c                memcpy
 .text._free_r  0x00000000080114b8       0x98 F:/ST/STM32CubeIDE_1.1.0/STM32CubeIDE/plugins/com.st.stm32cube.ide.mcu.externaltools.gnu-tools-for-stm32.11.3.rel1.win32_1.1.0.202305231506/tools/bin/../lib/gcc/arm-none-eabi/11.3.1/../../../../arm-none-eabi/lib/thumb/v7e-m+fp/hard\libc_nano.a(libc_a-freer.o)
                0x00000000080114b8                _free_r
 .text._malloc_usable_size_r
                0x0000000008011550       0x10 F:/ST/STM32CubeIDE_1.1.0/STM32CubeIDE/plugins/com.st.stm32cube.ide.mcu.externaltools.gnu-tools-for-stm32.11.3.rel1.win32_1.1.0.202305231506/tools/bin/../lib/gcc/arm-none-eabi/11.3.1/../../../../arm-none-eabi/lib/thumb/v7e-m+fp/hard\libc_nano.a(libc_a-msizer.o)
                0x0000000008011550                _malloc_usable_size_r
 *(.glue_7)
 .glue_7        0x0000000008011560        0x0 linker stubs
 *(.glue_7t)
 .glue_7t       0x0000000008011560        0x0 linker stubs
 *(.eh_frame)
 .eh_frame      0x0000000008011560        0x0 F:/ST/STM32CubeIDE_1.1.0/STM32CubeIDE/plugins/com.st.stm32cube.ide.mcu.externaltools.gnu-tools-for-stm32.11.3.rel1.win32_1.1.0.202305231506/tools/bin/../lib/gcc/arm-none-eabi/11.3.1/thumb/v7e-m+fp/hard/crtbegin.o
 *(.init)
 .init          0x0000000008011560        0x4 F:/ST/STM32CubeIDE_1.1.0/STM32CubeIDE/plugins/com.st.stm32cube.ide.mcu.externaltools.gnu-tools-for-stm32.11.3.rel1.win32_1.1.0.202305231506/tools/bin/../lib/gcc/arm-none-eabi/11.3.1/thumb/v7e-m+fp/hard/crti.o
                0x0000000008011560                _init
 .init          0x0000000008011564        0x8 F:/ST/STM32CubeIDE_1.1.0/STM32CubeIDE/plugins/com.st.stm32cube.ide.mcu.externaltools.gnu-tools-for-stm32.11.3.rel1.win32_1.1.0.202305231506/tools/bin/../lib/gcc/arm-none-eabi/11.3.1/thumb/v7e-m+fp/hard/crtn.o
 *(.fini)
 .fini          0x000000000801156c        0x4 F:/ST/STM32CubeIDE_1.1.0/STM32CubeIDE/plugins/com.st.stm32cube.ide.mcu.externaltools.gnu-tools-for-stm32.11.3.rel1.win32_1.1.0.202305231506/tools/bin/../lib/gcc/arm-none-eabi/11.3.1/thumb/v7e-m+fp/hard/crti.o
                0x000000000801156c                _fini
 .fini          0x0000000008011570        0x8 F:/ST/STM32CubeIDE_1.1.0/STM32CubeIDE/plugins/com.st.stm32cube.ide.mcu.externaltools.gnu-tools-for-stm32.11.3.rel1.win32_1.1.0.202305231506/tools/bin/../lib/gcc/arm-none-eabi/11.3.1/thumb/v7e-m+fp/hard/crtn.o
                0x0000000008011578                . = ALIGN (0x4)
                0x0000000008011578                _etext = .

.vfp11_veneer   0x0000000008011578        0x0
 .vfp11_veneer  0x0000000008011578        0x0 linker stubs

.v4_bx          0x0000000008011578        0x0
 .v4_bx         0x0000000008011578        0x0 linker stubs

.iplt           0x0000000008011578        0x0
 .iplt          0x0000000008011578        0x0 F:/ST/STM32CubeIDE_1.1.0/STM32CubeIDE/plugins/com.st.stm32cube.ide.mcu.externaltools.gnu-tools-for-stm32.11.3.rel1.win32_1.1.0.202305231506/tools/bin/../lib/gcc/arm-none-eabi/11.3.1/thumb/v7e-m+fp/hard/crtbegin.o

.rodata         0x0000000008011578     0x7ef0
                0x0000000008011578                . = ALIGN (0x4)
 *(.rodata)
 .rodata        0x0000000008011578       0x66 ./AVI/avi.o
 *fill*         0x00000000080115de        0x2 
 .rodata        0x00000000080115e0       0x26 ./AVI/mp3_callback.o
 *fill*         0x0000000008011606        0x2 
 .rodata        0x0000000008011608       0x38 ./Core/Src/main.o
 .rodata        0x0000000008011640       0xa8 ./PCM5102/pcm5102.o
 *(.rodata*)
 .rodata.PlayAVI.str1.4
                0x00000000080116e8       0x4a ./AVI/avi.o
 *fill*         0x0000000008011732        0x2 
 .rodata.AVIIntro.str1.4
                0x0000000008011734       0x23 ./AVI/avi.o
 *fill*         0x0000000008011757        0x1 
 .rodata.fon_data
                0x0000000008011758      0xb60 ./AVI/jpeg_data.o
                0x0000000008011758                fon_data
 .rodata.fon_file
                0x00000000080122b8        0x8 ./AVI/jpeg_data.o
                0x00000000080122b8                fon_file
 .rodata.image_avatar
                0x00000000080122c0       0x10 ./AVI/textures.o
                0x00000000080122c0                image_avatar
 .rodata.image_data_avatar
                0x00000000080122d0      0xc80 ./AVI/textures.o
                0x00000000080122d0                image_data_avatar
 .rodata.image_data_volume
                0x0000000008012f50      0x800 ./AVI/textures.o
                0x0000000008012f50                image_data_volume
 .rodata.image_data_x
                0x0000000008013750      0x800 ./AVI/textures.o
                0x0000000008013750                image_data_x
 .rodata.image_volume
                0x0000000008013f50       0x10 ./AVI/textures.o
                0x0000000008013f50                image_volume
 .rodata.image_x
                0x0000000008013f60       0x10 ./AVI/textures.o
                0x0000000008013f60                image_x
 .rodata.main.str1.4
                0x0000000008013f70       0x13 ./Core/Src/main.o
 *fill*         0x0000000008013f83        0x1 
 .rodata.STREAM_OFFSET_TAB
                0x0000000008013f84        0x8 ./Display/display.o
 .rodata.Font8x13
                0x0000000008013f8c      0xb60 ./Display/fonts.o
 .rodata.CSWTCH.2
                0x0000000008014aec        0x4 ./Display/ili9341.o
 .rodata.ENCODER_inc_tbl
                0x0000000008014af0       0x10 ./Encoder/encoder.o
 .rodata.check_fs.str1.4
                0x0000000008014b00        0x9 ./FATFS/ff.o
 *fill*         0x0000000008014b09        0x3 
 .rodata.follow_path.str1.4
                0x0000000008014b0c       0x13 ./FATFS/ff.o
 *fill*         0x0000000008014b1f        0x1 
 .rodata.ExCvt  0x0000000008014b20       0x80 ./FATFS/ff.o
 .rodata.LfnOfs
                0x0000000008014ba0        0xd ./FATFS/ff.o
 *fill*         0x0000000008014bad        0x3 
 .rodata.cvt1.1
                0x0000000008014bb0      0x1f2 ./FATFS/ffunicode.o
 *fill*         0x0000000008014da2        0x2 
 .rodata.cvt2.0
                0x0000000008014da4       0xbc ./FATFS/ffunicode.o
 .rodata.uc866  0x0000000008014e60      0x100 ./FATFS/ffunicode.o
 .rodata.FileManagerShow.str1.4
                0x0000000008014f60        0x6 ./FileManager/filemanager.o
                                          0xa (size before relaxing)
 .rodata.FileManagerNew.str1.4
                0x0000000008014f66        0x6 ./FileManager/filemanager.o
                                          0x1 (size before relaxing)
 *fill*         0x0000000008014f66        0x2 
 .rodata.FM_audio_types
                0x0000000008014f68       0xa2 ./FileManager/filemanager.o
                0x0000000008014f68                FM_audio_types
 *fill*         0x000000000801500a        0x2 
 .rodata.FM_data_types
                0x000000000801500c       0xba ./FileManager/filemanager.o
                0x000000000801500c                FM_data_types
 *fill*         0x00000000080150c6        0x2 
 .rodata.FM_picture_types
                0x00000000080150c8       0xac ./FileManager/filemanager.o
                0x00000000080150c8                FM_picture_types
 .rodata.FM_video_types
                0x0000000008015174       0x78 ./FileManager/filemanager.o
                0x0000000008015174                FM_video_types
 .rodata.Icon_Audio
                0x00000000080151ec        0x8 ./FileManager/icons.o
                0x00000000080151ec                Icon_Audio
 .rodata.Icon_Catalog
                0x00000000080151f4        0x8 ./FileManager/icons.o
                0x00000000080151f4                Icon_Catalog
 .rodata.Icon_Other
                0x00000000080151fc        0x8 ./FileManager/icons.o
                0x00000000080151fc                Icon_Other
 .rodata.Icon_Picture
                0x0000000008015204        0x8 ./FileManager/icons.o
                0x0000000008015204                Icon_Picture
 .rodata.Icon_Prev
                0x000000000801520c        0x8 ./FileManager/icons.o
                0x000000000801520c                Icon_Prev
 .rodata.Icon_Text
                0x0000000008015214        0x8 ./FileManager/icons.o
                0x0000000008015214                Icon_Text
 .rodata.Icon_Video
                0x000000000801521c        0x8 ./FileManager/icons.o
                0x000000000801521c                Icon_Video
 .rodata.image_data_audio
                0x0000000008015224      0x1e0 ./FileManager/icons.o
                0x0000000008015224                image_data_audio
 .rodata.image_data_catalog
                0x0000000008015404      0x1e0 ./FileManager/icons.o
                0x0000000008015404                image_data_catalog
 .rodata.image_data_other
                0x00000000080155e4      0x1e0 ./FileManager/icons.o
                0x00000000080155e4                image_data_other
 .rodata.image_data_picture
                0x00000000080157c4      0x1e0 ./FileManager/icons.o
                0x00000000080157c4                image_data_picture
 .rodata.image_data_prev
                0x00000000080159a4      0x1e0 ./FileManager/icons.o
                0x00000000080159a4                image_data_prev
 .rodata.image_data_text
                0x0000000008015b84      0x1e0 ./FileManager/icons.o
                0x0000000008015b84                image_data_text
 .rodata.image_data_video
                0x0000000008015d64      0x1e0 ./FileManager/icons.o
                0x0000000008015d64                image_data_video
 .rodata.Ipsf   0x0000000008015f44       0x80 ./JPEG/tjpgd.o
 .rodata.Zig    0x0000000008015fc4       0x40 ./JPEG/tjpgd.o
 .rodata.dcttab
                0x0000000008016004       0xc0 ./MP3Helix/src/dct32.o
 .rodata.pow14  0x00000000080160c4       0x10 ./MP3Helix/src/dqchan.o
 .rodata.pow2exp
                0x00000000080160d4       0x20 ./MP3Helix/src/dqchan.o
 .rodata.pow2frac
                0x00000000080160f4       0x20 ./MP3Helix/src/dqchan.o
 .rodata.pow43  0x0000000008016114       0xc0 ./MP3Helix/src/dqchan.o
 .rodata.pow43_14
                0x00000000080161d4      0x100 ./MP3Helix/src/dqchan.o
 .rodata.preTab
                0x00000000080162d4       0x16 ./MP3Helix/src/dqchan.o
 *fill*         0x00000000080162ea        0x2 
 .rodata.xmp3_huffTabLookup
                0x00000000080162ec      0x100 ./MP3Helix/src/hufftabs.o
                0x00000000080162ec                xmp3_huffTabLookup
 .rodata.xmp3_huffTabOffset
                0x00000000080163ec       0x80 ./MP3Helix/src/hufftabs.o
                0x00000000080163ec                xmp3_huffTabOffset
 .rodata.xmp3_huffTable
                0x000000000801646c     0x2124 ./MP3Helix/src/hufftabs.o
                0x000000000801646c                xmp3_huffTable
 .rodata.xmp3_quadTabMaxBits
                0x0000000008018590        0x8 ./MP3Helix/src/hufftabs.o
                0x0000000008018590                xmp3_quadTabMaxBits
 .rodata.xmp3_quadTabOffset
                0x0000000008018598        0x8 ./MP3Helix/src/hufftabs.o
                0x0000000008018598                xmp3_quadTabOffset
 .rodata.xmp3_quadTable
                0x00000000080185a0       0x50 ./MP3Helix/src/hufftabs.o
                0x00000000080185a0                xmp3_quadTable
 .rodata.c18    0x00000000080185f0       0x24 ./MP3Helix/src/imdct.o
 .rodata.fastWin36
                0x0000000008018614       0x48 ./MP3Helix/src/imdct.o
 .rodata.xmp3_bitrateTab
                0x000000000801865c      0x10e ./MP3Helix/src/mp3tabs.o
                0x000000000801865c                xmp3_bitrateTab
 *fill*         0x000000000801876a        0x2 
 .rodata.xmp3_samplerateTab
                0x000000000801876c       0x24 ./MP3Helix/src/mp3tabs.o
                0x000000000801876c                xmp3_samplerateTab
 .rodata.xmp3_samplesPerFrameTab
                0x0000000008018790       0x12 ./MP3Helix/src/mp3tabs.o
                0x0000000008018790                xmp3_samplesPerFrameTab
 *fill*         0x00000000080187a2        0x2 
 .rodata.xmp3_sfBandTable
                0x00000000080187a4      0x29a ./MP3Helix/src/mp3tabs.o
                0x00000000080187a4                xmp3_sfBandTable
 *fill*         0x0000000008018a3e        0x2 
 .rodata.xmp3_sideBytesTab
                0x0000000008018a40        0xc ./MP3Helix/src/mp3tabs.o
                0x0000000008018a40                xmp3_sideBytesTab
 .rodata.xmp3_slotTab
                0x0000000008018a4c      0x10e ./MP3Helix/src/mp3tabs.o
                0x0000000008018a4c                xmp3_slotTab
 *fill*         0x0000000008018b5a        0x2 
 .rodata.SFLenTab
                0x0000000008018b5c       0x20 ./MP3Helix/src/scalfact.o
 .rodata.xmp3_ISFIIP
                0x0000000008018b7c       0x10 ./MP3Helix/src/trigtabs.o
                0x0000000008018b7c                xmp3_ISFIIP
 .rodata.xmp3_ISFMpeg1
                0x0000000008018b8c       0x38 ./MP3Helix/src/trigtabs.o
                0x0000000008018b8c                xmp3_ISFMpeg1
 .rodata.xmp3_ISFMpeg2
                0x0000000008018bc4      0x100 ./MP3Helix/src/trigtabs.o
                0x0000000008018bc4                xmp3_ISFMpeg2
 .rodata.xmp3_csa
                0x0000000008018cc4       0x40 ./MP3Helix/src/trigtabs.o
                0x0000000008018cc4                xmp3_csa
 .rodata.xmp3_imdctWin
                0x0000000008018d04      0x240 ./MP3Helix/src/trigtabs.o
                0x0000000008018d04                xmp3_imdctWin
 .rodata.xmp3_polyCoef
                0x0000000008018f44      0x420 ./MP3Helix/src/trigtabs.o
                0x0000000008018f44                xmp3_polyCoef
 .rodata.CSWTCH.32
                0x0000000008019364        0x5 ./MicroGL2D/microgl2d.o
 *fill*         0x0000000008019369        0x3 
 .rodata.CSWTCH.33
                0x000000000801936c       0x14 ./MicroGL2D/microgl2d.o
 .rodata.sin_tbl_int
                0x0000000008019380       0xb6 ./MicroGL2D/microgl2d.o
                0x0000000008019380                sin_tbl_int
 *fill*         0x0000000008019436        0x2 
 .rodata.STREAM_OFFSET_TAB
                0x0000000008019438        0x8 ./PCM5102/pcm5102.o
 .rodata.__utoa.str1.1
                0x0000000008019440       0x25 F:/ST/STM32CubeIDE_1.1.0/STM32CubeIDE/plugins/com.st.stm32cube.ide.mcu.externaltools.gnu-tools-for-stm32.11.3.rel1.win32_1.1.0.202305231506/tools/bin/../lib/gcc/arm-none-eabi/11.3.1/../../../../arm-none-eabi/lib/thumb/v7e-m+fp/hard\libc_nano.a(libc_a-utoa.o)
                0x0000000008019468                . = ALIGN (0x4)
 *fill*         0x0000000008019465        0x3 

.ARM.extab      0x0000000008019468        0x0
                0x0000000008019468                . = ALIGN (0x4)
 *(.ARM.extab* .gnu.linkonce.armextab.*)
                0x0000000008019468                . = ALIGN (0x4)

.ARM            0x0000000008019468        0x8
                0x0000000008019468                . = ALIGN (0x4)
                0x0000000008019468                __exidx_start = .
 *(.ARM.exidx*)
 .ARM.exidx     0x0000000008019468        0x8 F:/ST/STM32CubeIDE_1.1.0/STM32CubeIDE/plugins/com.st.stm32cube.ide.mcu.externaltools.gnu-tools-for-stm32.11.3.rel1.win32_1.1.0.202305231506/tools/bin/../lib/gcc/arm-none-eabi/11.3.1/thumb/v7e-m+fp/hard\libgcc.a(_udivmoddi4.o)
                0x0000000008019470                __exidx_end = .
                0x0000000008019470                . = ALIGN (0x4)

.rel.dyn        0x0000000008019470        0x0
 .rel.iplt      0x0000000008019470        0x0 F:/ST/STM32CubeIDE_1.1.0/STM32CubeIDE/plugins/com.st.stm32cube.ide.mcu.externaltools.gnu-tools-for-stm32.11.3.rel1.win32_1.1.0.202305231506/tools/bin/../lib/gcc/arm-none-eabi/11.3.1/thumb/v7e-m+fp/hard/crtbegin.o

.preinit_array  0x0000000008019470        0x0
                0x0000000008019470                . = ALIGN (0x4)
                0x0000000008019470                PROVIDE (__preinit_array_start = .)
 *(.preinit_array*)
                0x0000000008019470                PROVIDE (__preinit_array_end = .)
                0x0000000008019470                . = ALIGN (0x4)

.init_array     0x0000000008019470        0x4
                0x0000000008019470                . = ALIGN (0x4)
                0x0000000008019470                PROVIDE (__init_array_start = .)
 *(SORT_BY_NAME(.init_array.*))
 *(.init_array*)
 .init_array    0x0000000008019470        0x4 F:/ST/STM32CubeIDE_1.1.0/STM32CubeIDE/plugins/com.st.stm32cube.ide.mcu.externaltools.gnu-tools-for-stm32.11.3.rel1.win32_1.1.0.202305231506/tools/bin/../lib/gcc/arm-none-eabi/11.3.1/thumb/v7e-m+fp/hard/crtbegin.o
                0x0000000008019474                PROVIDE (__init_array_end = .)
                0x0000000008019474                . = ALIGN (0x4)

.fini_array     0x0000000008019474        0x4
                0x0000000008019474                . = ALIGN (0x4)
                [!provide]                        PROVIDE (__fini_array_start = .)
 *(SORT_BY_NAME(.fini_array.*))
 *(.fini_array*)
 .fini_array    0x0000000008019474        0x4 F:/ST/STM32CubeIDE_1.1.0/STM32CubeIDE/plugins/com.st.stm32cube.ide.mcu.externaltools.gnu-tools-for-stm32.11.3.rel1.win32_1.1.0.202305231506/tools/bin/../lib/gcc/arm-none-eabi/11.3.1/thumb/v7e-m+fp/hard/crtbegin.o
                [!provide]                        PROVIDE (__fini_array_end = .)
                0x0000000008019478                . = ALIGN (0x4)
                0x0000000008019478                _sidata = LOADADDR (.data)

.data           0x0000000020000000      0x11c load address 0x0000000008019478
                0x0000000020000000                . = ALIGN (0x4)
                0x0000000020000000                _sdata = .
 *(.data)
 *(.data*)
 .data.AVI_color_mode
                0x0000000020000000        0x1 ./AVI/avi.o
                0x0000000020000000                AVI_color_mode
 .data.AVI_volume
                0x0000000020000001        0x1 ./AVI/avi.o
                0x0000000020000001                AVI_volume
 *fill*         0x0000000020000002        0x2 
 .data.SystemCoreClock
                0x0000000020000004        0x4 ./Core/Src/system_stm32f4xx.o
                0x0000000020000004                SystemCoreClock
 .data.Font_8x13
                0x0000000020000008        0xc ./Display/fonts.o
                0x0000000020000008                Font_8x13
 .data.ili9341_init_str
                0x0000000020000014       0x91 ./Display/ili9341.o
                0x0000000020000014                ili9341_init_str
 *fill*         0x00000000200000a5        0x3 
 .data.ili9341_setwin_str
                0x00000000200000a8       0x12 ./Display/ili9341.o
                0x00000000200000a8                ili9341_setwin_str
 *fill*         0x00000000200000ba        0x2 
 .data.ili9341_sleepin_str
                0x00000000200000bc        0x6 ./Display/ili9341.o
                0x00000000200000bc                ili9341_sleepin_str
 *fill*         0x00000000200000c2        0x2 
 .data.ili9341_sleepout_str
                0x00000000200000c4        0x6 ./Display/ili9341.o
                0x00000000200000c4                ili9341_sleepout_str
 .data.Stat     0x00000000200000ca        0x1 ./FATFS/user_diskio_spi.o
 *fill*         0x00000000200000cb        0x1 
 .data._impure_data
                0x00000000200000cc       0x4c F:/ST/STM32CubeIDE_1.1.0/STM32CubeIDE/plugins/com.st.stm32cube.ide.mcu.externaltools.gnu-tools-for-stm32.11.3.rel1.win32_1.1.0.202305231506/tools/bin/../lib/gcc/arm-none-eabi/11.3.1/../../../../arm-none-eabi/lib/thumb/v7e-m+fp/hard\libc_nano.a(libc_a-impure.o)
                0x00000000200000cc                _impure_data
 .data._impure_ptr
                0x0000000020000118        0x4 F:/ST/STM32CubeIDE_1.1.0/STM32CubeIDE/plugins/com.st.stm32cube.ide.mcu.externaltools.gnu-tools-for-stm32.11.3.rel1.win32_1.1.0.202305231506/tools/bin/../lib/gcc/arm-none-eabi/11.3.1/../../../../arm-none-eabi/lib/thumb/v7e-m+fp/hard\libc_nano.a(libc_a-impure.o)
                0x0000000020000118                _impure_ptr
 *(.RamFunc)
 *(.RamFunc*)
                0x000000002000011c                . = ALIGN (0x4)
                0x000000002000011c                _edata = .

.igot.plt       0x000000002000011c        0x0 load address 0x0000000008019594
 .igot.plt      0x000000002000011c        0x0 F:/ST/STM32CubeIDE_1.1.0/STM32CubeIDE/plugins/com.st.stm32cube.ide.mcu.externaltools.gnu-tools-for-stm32.11.3.rel1.win32_1.1.0.202305231506/tools/bin/../lib/gcc/arm-none-eabi/11.3.1/thumb/v7e-m+fp/hard/crtbegin.o
                0x000000002000011c                . = ALIGN (0x4)

.bss            0x000000002000011c     0x3518 load address 0x0000000008019594
                0x000000002000011c                _sbss = .
                0x000000002000011c                __bss_start__ = _sbss
 *(.bss)
 .bss           0x000000002000011c       0x1c F:/ST/STM32CubeIDE_1.1.0/STM32CubeIDE/plugins/com.st.stm32cube.ide.mcu.externaltools.gnu-tools-for-stm32.11.3.rel1.win32_1.1.0.202305231506/tools/bin/../lib/gcc/arm-none-eabi/11.3.1/thumb/v7e-m+fp/hard/crtbegin.o
 *(.bss*)
 .bss.AVI_osd   0x0000000020000138        0x4 ./AVI/avi.o
                0x0000000020000138                AVI_osd
 .bss.player1   0x000000002000013c        0x4 ./AVI/player.o
                0x000000002000013c                player1
 .bss.FatFS     0x0000000020000140      0x22c ./Core/Src/main.o
                0x0000000020000140                FatFS
 .bss.Path      0x000000002000036c        0x4 ./Core/Src/main.o
                0x000000002000036c                Path
 .bss.encoder1  0x0000000020000370       0x2c ./Core/Src/main.o
                0x0000000020000370                encoder1
 .bss.millis    0x000000002000039c        0x4 ./Core/Src/main.o
                0x000000002000039c                millis
 .bss.__sbrk_heap_end
                0x00000000200003a0        0x4 ./Core/Src/sysmem.o
 .bss.LCD       0x00000000200003a4        0x4 ./Display/display.o
                0x00000000200003a4                LCD
 .bss.FatFs     0x00000000200003a8        0x4 ./FATFS/ff.o
 .bss.Fsid      0x00000000200003ac        0x2 ./FATFS/ff.o
 *fill*         0x00000000200003ae        0x2 
 .bss.LfnBuf    0x00000000200003b0      0x200 ./FATFS/ff.o
 .bss.CardType  0x00000000200005b0        0x1 ./FATFS/user_diskio_spi.o
 *fill*         0x00000000200005b1        0x3 
 .bss.OSD_cycle_counter
                0x00000000200005b4        0x4 ./JPEG/jpeg_chan.o
                0x00000000200005b4                OSD_cycle_counter
 .bss.work_buffer
                0x00000000200005b8     0x2ee0 ./JPEG/jpeg_chan.o
                0x00000000200005b8                work_buffer
 .bss.KEYB_all_button
                0x0000000020003498        0x1 ./Keyboard/keyboard.o
                0x0000000020003498                KEYB_all_button
 .bss.KEYB_count_key
                0x0000000020003499        0x1 ./Keyboard/keyboard.o
                0x0000000020003499                KEYB_count_key
 *fill*         0x000000002000349a        0x2 
 .bss.KEYB_key_buff
                0x000000002000349c       0x50 ./Keyboard/keyboard.o
                0x000000002000349c                KEYB_key_buff
 .bss.__malloc_free_list
                0x00000000200034ec        0x4 F:/ST/STM32CubeIDE_1.1.0/STM32CubeIDE/plugins/com.st.stm32cube.ide.mcu.externaltools.gnu-tools-for-stm32.11.3.rel1.win32_1.1.0.202305231506/tools/bin/../lib/gcc/arm-none-eabi/11.3.1/../../../../arm-none-eabi/lib/thumb/v7e-m+fp/hard\libc_nano.a(libc_a-mallocr.o)
                0x00000000200034ec                __malloc_free_list
 .bss.__malloc_sbrk_start
                0x00000000200034f0        0x4 F:/ST/STM32CubeIDE_1.1.0/STM32CubeIDE/plugins/com.st.stm32cube.ide.mcu.externaltools.gnu-tools-for-stm32.11.3.rel1.win32_1.1.0.202305231506/tools/bin/../lib/gcc/arm-none-eabi/11.3.1/../../../../arm-none-eabi/lib/thumb/v7e-m+fp/hard\libc_nano.a(libc_a-mallocr.o)
                0x00000000200034f0                __malloc_sbrk_start
 .bss.__sf      0x00000000200034f4      0x138 F:/ST/STM32CubeIDE_1.1.0/STM32CubeIDE/plugins/com.st.stm32cube.ide.mcu.externaltools.gnu-tools-for-stm32.11.3.rel1.win32_1.1.0.202305231506/tools/bin/../lib/gcc/arm-none-eabi/11.3.1/../../../../arm-none-eabi/lib/thumb/v7e-m+fp/hard\libc_nano.a(libc_a-findfp.o)
                0x00000000200034f4                __sf
 .bss.errno     0x000000002000362c        0x4 F:/ST/STM32CubeIDE_1.1.0/STM32CubeIDE/plugins/com.st.stm32cube.ide.mcu.externaltools.gnu-tools-for-stm32.11.3.rel1.win32_1.1.0.202305231506/tools/bin/../lib/gcc/arm-none-eabi/11.3.1/../../../../arm-none-eabi/lib/thumb/v7e-m+fp/hard\libc_nano.a(libc_a-reent.o)
                0x000000002000362c                errno
 .bss.__lock___malloc_recursive_mutex
                0x0000000020003630        0x1 F:/ST/STM32CubeIDE_1.1.0/STM32CubeIDE/plugins/com.st.stm32cube.ide.mcu.externaltools.gnu-tools-for-stm32.11.3.rel1.win32_1.1.0.202305231506/tools/bin/../lib/gcc/arm-none-eabi/11.3.1/../../../../arm-none-eabi/lib/thumb/v7e-m+fp/hard\libc_nano.a(libc_a-lock.o)
                0x0000000020003630                __lock___malloc_recursive_mutex
 *(COMMON)
                0x0000000020003634                . = ALIGN (0x4)
 *fill*         0x0000000020003631        0x3 
                0x0000000020003634                _ebss = .
                0x0000000020003634                __bss_end__ = _ebss

._user_heap_stack
                0x0000000020003634      0x604 load address 0x0000000008019594
                0x0000000020003638                . = ALIGN (0x8)
 *fill*         0x0000000020003634        0x4 
                [!provide]                        PROVIDE (end = .)
                0x0000000020003638                PROVIDE (_end = .)
                0x0000000020003838                . = (. + _Min_Heap_Size)
 *fill*         0x0000000020003638      0x200 
                0x0000000020003c38                . = (. + _Min_Stack_Size)
 *fill*         0x0000000020003838      0x400 
                0x0000000020003c38                . = ALIGN (0x8)

/DISCARD/
 libc.a(*)
 libm.a(*)
 libgcc.a(*)

.ARM.attributes
                0x0000000000000000       0x30
 *(.ARM.attributes)
 .ARM.attributes
                0x0000000000000000       0x1e F:/ST/STM32CubeIDE_1.1.0/STM32CubeIDE/plugins/com.st.stm32cube.ide.mcu.externaltools.gnu-tools-for-stm32.11.3.rel1.win32_1.1.0.202305231506/tools/bin/../lib/gcc/arm-none-eabi/11.3.1/thumb/v7e-m+fp/hard/crti.o
 .ARM.attributes
                0x000000000000001e       0x34 F:/ST/STM32CubeIDE_1.1.0/STM32CubeIDE/plugins/com.st.stm32cube.ide.mcu.externaltools.gnu-tools-for-stm32.11.3.rel1.win32_1.1.0.202305231506/tools/bin/../lib/gcc/arm-none-eabi/11.3.1/thumb/v7e-m+fp/hard/crtbegin.o
 .ARM.attributes
                0x0000000000000052       0x30 ./AVI/avi.o
 .ARM.attributes
                0x0000000000000082       0x30 ./AVI/jpeg_data.o
 .ARM.attributes
                0x00000000000000b2       0x30 ./AVI/mp3_callback.o
 .ARM.attributes
                0x00000000000000e2       0x30 ./AVI/player.o
 .ARM.attributes
                0x0000000000000112       0x30 ./AVI/riff_read_header.o
 .ARM.attributes
                0x0000000000000142       0x30 ./AVI/textures.o
 .ARM.attributes
                0x0000000000000172       0x25 ./Core/Src/asm.o
 .ARM.attributes
                0x0000000000000197       0x30 ./Core/Src/main.o
 .ARM.attributes
                0x00000000000001c7       0x30 ./Core/Src/stm32f4xx_it.o
 .ARM.attributes
                0x00000000000001f7       0x30 ./Core/Src/sysmem.o
 .ARM.attributes
                0x0000000000000227       0x30 ./Core/Src/system_stm32f4xx.o
 .ARM.attributes
                0x0000000000000257       0x21 ./Core/Startup/startup_stm32f401ccux.o
 .ARM.attributes
                0x0000000000000278       0x30 ./Display/display.o
 .ARM.attributes
                0x00000000000002a8       0x25 ./Display/display_asm.o
 .ARM.attributes
                0x00000000000002cd       0x30 ./Display/fonts.o
 .ARM.attributes
                0x00000000000002fd       0x30 ./Display/ili9341.o
 .ARM.attributes
                0x000000000000032d       0x30 ./Drivers/STM32F4xx_HAL_Driver/Src/stm32f4xx_ll_exti.o
 .ARM.attributes
                0x000000000000035d       0x30 ./Drivers/STM32F4xx_HAL_Driver/Src/stm32f4xx_ll_gpio.o
 .ARM.attributes
                0x000000000000038d       0x30 ./Drivers/STM32F4xx_HAL_Driver/Src/stm32f4xx_ll_rcc.o
 .ARM.attributes
                0x00000000000003bd       0x30 ./Drivers/STM32F4xx_HAL_Driver/Src/stm32f4xx_ll_spi.o
 .ARM.attributes
                0x00000000000003ed       0x30 ./Drivers/STM32F4xx_HAL_Driver/Src/stm32f4xx_ll_tim.o
 .ARM.attributes
                0x000000000000041d       0x30 ./Drivers/STM32F4xx_HAL_Driver/Src/stm32f4xx_ll_utils.o
 .ARM.attributes
                0x000000000000044d       0x30 ./Encoder/encoder.o
 .ARM.attributes
                0x000000000000047d       0x30 ./FATFS/diskio.o
 .ARM.attributes
                0x00000000000004ad       0x30 ./FATFS/ff.o
 .ARM.attributes
                0x00000000000004dd       0x30 ./FATFS/ffunicode.o
 .ARM.attributes
                0x000000000000050d       0x30 ./FATFS/user_diskio_spi.o
 .ARM.attributes
                0x000000000000053d       0x30 ./FileManager/filemanager.o
 .ARM.attributes
                0x000000000000056d       0x30 ./FileManager/icons.o
 .ARM.attributes
                0x000000000000059d       0x30 ./JPEG/jpeg_chan.o
 .ARM.attributes
                0x00000000000005cd       0x30 ./JPEG/tjpgd.o
 .ARM.attributes
                0x00000000000005fd       0x30 ./Keyboard/keyboard.o
 .ARM.attributes
                0x000000000000062d       0x25 ./MP3Helix/src/asmpoly_thumb2.o
 .ARM.attributes
                0x0000000000000652       0x30 ./MP3Helix/src/bitstream.o
 .ARM.attributes
                0x0000000000000682       0x30 ./MP3Helix/src/buffers.o
 .ARM.attributes
                0x00000000000006b2       0x30 ./MP3Helix/src/dct32.o
 .ARM.attributes
                0x00000000000006e2       0x30 ./MP3Helix/src/dequant.o
 .ARM.attributes
                0x0000000000000712       0x30 ./MP3Helix/src/dqchan.o
 .ARM.attributes
                0x0000000000000742       0x30 ./MP3Helix/src/huffman.o
 .ARM.attributes
                0x0000000000000772       0x30 ./MP3Helix/src/hufftabs.o
 .ARM.attributes
                0x00000000000007a2       0x30 ./MP3Helix/src/imdct.o
 .ARM.attributes
                0x00000000000007d2       0x30 ./MP3Helix/src/mp3dec.o
 .ARM.attributes
                0x0000000000000802       0x30 ./MP3Helix/src/mp3tabs.o
 .ARM.attributes
                0x0000000000000832       0x30 ./MP3Helix/src/scalfact.o
 .ARM.attributes
                0x0000000000000862       0x30 ./MP3Helix/src/stproc.o
 .ARM.attributes
                0x0000000000000892       0x30 ./MP3Helix/src/subband.o
 .ARM.attributes
                0x00000000000008c2       0x30 ./MP3Helix/src/trigtabs.o
 .ARM.attributes
                0x00000000000008f2       0x30 ./MicroGL2D/microgl2d.o
 .ARM.attributes
                0x0000000000000922       0x30 ./MyString/mystring.o
 .ARM.attributes
                0x0000000000000952       0x30 ./PCM5102/pcm5102.o
 .ARM.attributes
                0x0000000000000982       0x34 F:/ST/STM32CubeIDE_1.1.0/STM32CubeIDE/plugins/com.st.stm32cube.ide.mcu.externaltools.gnu-tools-for-stm32.11.3.rel1.win32_1.1.0.202305231506/tools/bin/../lib/gcc/arm-none-eabi/11.3.1/../../../../arm-none-eabi/lib/thumb/v7e-m+fp/hard\libc_nano.a(libc_a-calloc.o)
 .ARM.attributes
                0x00000000000009b6       0x34 F:/ST/STM32CubeIDE_1.1.0/STM32CubeIDE/plugins/com.st.stm32cube.ide.mcu.externaltools.gnu-tools-for-stm32.11.3.rel1.win32_1.1.0.202305231506/tools/bin/../lib/gcc/arm-none-eabi/11.3.1/../../../../arm-none-eabi/lib/thumb/v7e-m+fp/hard\libc_nano.a(libc_a-callocr.o)
 .ARM.attributes
                0x00000000000009ea       0x34 F:/ST/STM32CubeIDE_1.1.0/STM32CubeIDE/plugins/com.st.stm32cube.ide.mcu.externaltools.gnu-tools-for-stm32.11.3.rel1.win32_1.1.0.202305231506/tools/bin/../lib/gcc/arm-none-eabi/11.3.1/../../../../arm-none-eabi/lib/thumb/v7e-m+fp/hard\libc_nano.a(libc_a-malloc.o)
 .ARM.attributes
                0x0000000000000a1e       0x34 F:/ST/STM32CubeIDE_1.1.0/STM32CubeIDE/plugins/com.st.stm32cube.ide.mcu.externaltools.gnu-tools-for-stm32.11.3.rel1.win32_1.1.0.202305231506/tools/bin/../lib/gcc/arm-none-eabi/11.3.1/../../../../arm-none-eabi/lib/thumb/v7e-m+fp/hard\libc_nano.a(libc_a-mallocr.o)
 .ARM.attributes
                0x0000000000000a52       0x34 F:/ST/STM32CubeIDE_1.1.0/STM32CubeIDE/plugins/com.st.stm32cube.ide.mcu.externaltools.gnu-tools-for-stm32.11.3.rel1.win32_1.1.0.202305231506/tools/bin/../lib/gcc/arm-none-eabi/11.3.1/../../../../arm-none-eabi/lib/thumb/v7e-m+fp/hard\libc_nano.a(libc_a-mlock.o)
 .ARM.attributes
                0x0000000000000a86       0x34 F:/ST/STM32CubeIDE_1.1.0/STM32CubeIDE/plugins/com.st.stm32cube.ide.mcu.externaltools.gnu-tools-for-stm32.11.3.rel1.win32_1.1.0.202305231506/tools/bin/../lib/gcc/arm-none-eabi/11.3.1/../../../../arm-none-eabi/lib/thumb/v7e-m+fp/hard\libc_nano.a(libc_a-realloc.o)
 .ARM.attributes
                0x0000000000000aba       0x34 F:/ST/STM32CubeIDE_1.1.0/STM32CubeIDE/plugins/com.st.stm32cube.ide.mcu.externaltools.gnu-tools-for-stm32.11.3.rel1.win32_1.1.0.202305231506/tools/bin/../lib/gcc/arm-none-eabi/11.3.1/../../../../arm-none-eabi/lib/thumb/v7e-m+fp/hard\libc_nano.a(libc_a-reallocr.o)
 .ARM.attributes
                0x0000000000000aee       0x34 F:/ST/STM32CubeIDE_1.1.0/STM32CubeIDE/plugins/com.st.stm32cube.ide.mcu.externaltools.gnu-tools-for-stm32.11.3.rel1.win32_1.1.0.202305231506/tools/bin/../lib/gcc/arm-none-eabi/11.3.1/../../../../arm-none-eabi/lib/thumb/v7e-m+fp/hard\libc_nano.a(libc_a-utoa.o)
 .ARM.attributes
                0x0000000000000b22       0x34 F:/ST/STM32CubeIDE_1.1.0/STM32CubeIDE/plugins/com.st.stm32cube.ide.mcu.externaltools.gnu-tools-for-stm32.11.3.rel1.win32_1.1.0.202305231506/tools/bin/../lib/gcc/arm-none-eabi/11.3.1/../../../../arm-none-eabi/lib/thumb/v7e-m+fp/hard\libc_nano.a(libc_a-findfp.o)
 .ARM.attributes
                0x0000000000000b56       0x34 F:/ST/STM32CubeIDE_1.1.0/STM32CubeIDE/plugins/com.st.stm32cube.ide.mcu.externaltools.gnu-tools-for-stm32.11.3.rel1.win32_1.1.0.202305231506/tools/bin/../lib/gcc/arm-none-eabi/11.3.1/../../../../arm-none-eabi/lib/thumb/v7e-m+fp/hard\libc_nano.a(libc_a-memmove.o)
 .ARM.attributes
                0x0000000000000b8a       0x34 F:/ST/STM32CubeIDE_1.1.0/STM32CubeIDE/plugins/com.st.stm32cube.ide.mcu.externaltools.gnu-tools-for-stm32.11.3.rel1.win32_1.1.0.202305231506/tools/bin/../lib/gcc/arm-none-eabi/11.3.1/../../../../arm-none-eabi/lib/thumb/v7e-m+fp/hard\libc_nano.a(libc_a-memset.o)
 .ARM.attributes
                0x0000000000000bbe       0x34 F:/ST/STM32CubeIDE_1.1.0/STM32CubeIDE/plugins/com.st.stm32cube.ide.mcu.externaltools.gnu-tools-for-stm32.11.3.rel1.win32_1.1.0.202305231506/tools/bin/../lib/gcc/arm-none-eabi/11.3.1/../../../../arm-none-eabi/lib/thumb/v7e-m+fp/hard\libc_nano.a(libc_a-strstr.o)
 .ARM.attributes
                0x0000000000000bf2       0x34 F:/ST/STM32CubeIDE_1.1.0/STM32CubeIDE/plugins/com.st.stm32cube.ide.mcu.externaltools.gnu-tools-for-stm32.11.3.rel1.win32_1.1.0.202305231506/tools/bin/../lib/gcc/arm-none-eabi/11.3.1/../../../../arm-none-eabi/lib/thumb/v7e-m+fp/hard\libc_nano.a(libc_a-reent.o)
 .ARM.attributes
                0x0000000000000c26       0x34 F:/ST/STM32CubeIDE_1.1.0/STM32CubeIDE/plugins/com.st.stm32cube.ide.mcu.externaltools.gnu-tools-for-stm32.11.3.rel1.win32_1.1.0.202305231506/tools/bin/../lib/gcc/arm-none-eabi/11.3.1/../../../../arm-none-eabi/lib/thumb/v7e-m+fp/hard\libc_nano.a(libc_a-impure.o)
 .ARM.attributes
                0x0000000000000c5a       0x34 F:/ST/STM32CubeIDE_1.1.0/STM32CubeIDE/plugins/com.st.stm32cube.ide.mcu.externaltools.gnu-tools-for-stm32.11.3.rel1.win32_1.1.0.202305231506/tools/bin/../lib/gcc/arm-none-eabi/11.3.1/../../../../arm-none-eabi/lib/thumb/v7e-m+fp/hard\libc_nano.a(libc_a-sbrkr.o)
 .ARM.attributes
                0x0000000000000c8e       0x34 F:/ST/STM32CubeIDE_1.1.0/STM32CubeIDE/plugins/com.st.stm32cube.ide.mcu.externaltools.gnu-tools-for-stm32.11.3.rel1.win32_1.1.0.202305231506/tools/bin/../lib/gcc/arm-none-eabi/11.3.1/../../../../arm-none-eabi/lib/thumb/v7e-m+fp/hard\libc_nano.a(libc_a-errno.o)
 .ARM.attributes
                0x0000000000000cc2       0x34 F:/ST/STM32CubeIDE_1.1.0/STM32CubeIDE/plugins/com.st.stm32cube.ide.mcu.externaltools.gnu-tools-for-stm32.11.3.rel1.win32_1.1.0.202305231506/tools/bin/../lib/gcc/arm-none-eabi/11.3.1/../../../../arm-none-eabi/lib/thumb/v7e-m+fp/hard\libc_nano.a(libc_a-init.o)
 .ARM.attributes
                0x0000000000000cf6       0x34 F:/ST/STM32CubeIDE_1.1.0/STM32CubeIDE/plugins/com.st.stm32cube.ide.mcu.externaltools.gnu-tools-for-stm32.11.3.rel1.win32_1.1.0.202305231506/tools/bin/../lib/gcc/arm-none-eabi/11.3.1/../../../../arm-none-eabi/lib/thumb/v7e-m+fp/hard\libc_nano.a(libc_a-lock.o)
 .ARM.attributes
                0x0000000000000d2a       0x34 F:/ST/STM32CubeIDE_1.1.0/STM32CubeIDE/plugins/com.st.stm32cube.ide.mcu.externaltools.gnu-tools-for-stm32.11.3.rel1.win32_1.1.0.202305231506/tools/bin/../lib/gcc/arm-none-eabi/11.3.1/../../../../arm-none-eabi/lib/thumb/v7e-m+fp/hard\libc_nano.a(libc_a-memcpy-stub.o)
 .ARM.attributes
                0x0000000000000d5e       0x17 F:/ST/STM32CubeIDE_1.1.0/STM32CubeIDE/plugins/com.st.stm32cube.ide.mcu.externaltools.gnu-tools-for-stm32.11.3.rel1.win32_1.1.0.202305231506/tools/bin/../lib/gcc/arm-none-eabi/11.3.1/../../../../arm-none-eabi/lib/thumb/v7e-m+fp/hard\libc_nano.a(libc_a-strlen.o)
 .ARM.attributes
                0x0000000000000d75       0x34 F:/ST/STM32CubeIDE_1.1.0/STM32CubeIDE/plugins/com.st.stm32cube.ide.mcu.externaltools.gnu-tools-for-stm32.11.3.rel1.win32_1.1.0.202305231506/tools/bin/../lib/gcc/arm-none-eabi/11.3.1/../../../../arm-none-eabi/lib/thumb/v7e-m+fp/hard\libc_nano.a(libc_a-freer.o)
 .ARM.attributes
                0x0000000000000da9       0x34 F:/ST/STM32CubeIDE_1.1.0/STM32CubeIDE/plugins/com.st.stm32cube.ide.mcu.externaltools.gnu-tools-for-stm32.11.3.rel1.win32_1.1.0.202305231506/tools/bin/../lib/gcc/arm-none-eabi/11.3.1/../../../../arm-none-eabi/lib/thumb/v7e-m+fp/hard\libc_nano.a(libc_a-msizer.o)
 .ARM.attributes
                0x0000000000000ddd       0x1e F:/ST/STM32CubeIDE_1.1.0/STM32CubeIDE/plugins/com.st.stm32cube.ide.mcu.externaltools.gnu-tools-for-stm32.11.3.rel1.win32_1.1.0.202305231506/tools/bin/../lib/gcc/arm-none-eabi/11.3.1/thumb/v7e-m+fp/hard\libgcc.a(_aeabi_uldivmod.o)
 .ARM.attributes
                0x0000000000000dfb       0x34 F:/ST/STM32CubeIDE_1.1.0/STM32CubeIDE/plugins/com.st.stm32cube.ide.mcu.externaltools.gnu-tools-for-stm32.11.3.rel1.win32_1.1.0.202305231506/tools/bin/../lib/gcc/arm-none-eabi/11.3.1/thumb/v7e-m+fp/hard\libgcc.a(_udivmoddi4.o)
 .ARM.attributes
                0x0000000000000e2f       0x1e F:/ST/STM32CubeIDE_1.1.0/STM32CubeIDE/plugins/com.st.stm32cube.ide.mcu.externaltools.gnu-tools-for-stm32.11.3.rel1.win32_1.1.0.202305231506/tools/bin/../lib/gcc/arm-none-eabi/11.3.1/thumb/v7e-m+fp/hard\libgcc.a(_dvmd_tls.o)
 .ARM.attributes
                0x0000000000000e4d       0x1e F:/ST/STM32CubeIDE_1.1.0/STM32CubeIDE/plugins/com.st.stm32cube.ide.mcu.externaltools.gnu-tools-for-stm32.11.3.rel1.win32_1.1.0.202305231506/tools/bin/../lib/gcc/arm-none-eabi/11.3.1/thumb/v7e-m+fp/hard/crtn.o
OUTPUT(stm32f401ccu6_avi_player.elf elf32-littlearm)
LOAD linker stubs
LOAD F:/ST/STM32CubeIDE_1.1.0/STM32CubeIDE/plugins/com.st.stm32cube.ide.mcu.externaltools.gnu-tools-for-stm32.11.3.rel1.win32_1.1.0.202305231506/tools/bin/../lib/gcc/arm-none-eabi/11.3.1/../../../../arm-none-eabi/lib/thumb/v7e-m+fp/hard\libc.a
LOAD F:/ST/STM32CubeIDE_1.1.0/STM32CubeIDE/plugins/com.st.stm32cube.ide.mcu.externaltools.gnu-tools-for-stm32.11.3.rel1.win32_1.1.0.202305231506/tools/bin/../lib/gcc/arm-none-eabi/11.3.1/../../../../arm-none-eabi/lib/thumb/v7e-m+fp/hard\libm.a
LOAD F:/ST/STM32CubeIDE_1.1.0/STM32CubeIDE/plugins/com.st.stm32cube.ide.mcu.externaltools.gnu-tools-for-stm32.11.3.rel1.win32_1.1.0.202305231506/tools/bin/../lib/gcc/arm-none-eabi/11.3.1/thumb/v7e-m+fp/hard\libgcc.a

.comment        0x0000000000000000       0x43
 .comment       0x0000000000000000       0x43 F:/ST/STM32CubeIDE_1.1.0/STM32CubeIDE/plugins/com.st.stm32cube.ide.mcu.externaltools.gnu-tools-for-stm32.11.3.rel1.win32_1.1.0.202305231506/tools/bin/../lib/gcc/arm-none-eabi/11.3.1/thumb/v7e-m+fp/hard/crtbegin.o
                                         0x44 (size before relaxing)
 .comment       0x0000000000000043       0x44 ./AVI/avi.o
 .comment       0x0000000000000043       0x44 ./AVI/jpeg_data.o
 .comment       0x0000000000000043       0x44 ./AVI/mp3_callback.o
 .comment       0x0000000000000043       0x44 ./AVI/player.o
 .comment       0x0000000000000043       0x44 ./AVI/riff_read_header.o
 .comment       0x0000000000000043       0x44 ./AVI/textures.o
 .comment       0x0000000000000043       0x44 ./Core/Src/main.o
 .comment       0x0000000000000043       0x44 ./Core/Src/stm32f4xx_it.o
 .comment       0x0000000000000043       0x44 ./Core/Src/sysmem.o
 .comment       0x0000000000000043       0x44 ./Core/Src/system_stm32f4xx.o
 .comment       0x0000000000000043       0x44 ./Display/display.o
 .comment       0x0000000000000043       0x44 ./Display/fonts.o
 .comment       0x0000000000000043       0x44 ./Display/ili9341.o
 .comment       0x0000000000000043       0x44 ./Drivers/STM32F4xx_HAL_Driver/Src/stm32f4xx_ll_exti.o
 .comment       0x0000000000000043       0x44 ./Drivers/STM32F4xx_HAL_Driver/Src/stm32f4xx_ll_gpio.o
 .comment       0x0000000000000043       0x44 ./Drivers/STM32F4xx_HAL_Driver/Src/stm32f4xx_ll_rcc.o
 .comment       0x0000000000000043       0x44 ./Drivers/STM32F4xx_HAL_Driver/Src/stm32f4xx_ll_spi.o
 .comment       0x0000000000000043       0x44 ./Drivers/STM32F4xx_HAL_Driver/Src/stm32f4xx_ll_tim.o
 .comment       0x0000000000000043       0x44 ./Drivers/STM32F4xx_HAL_Driver/Src/stm32f4xx_ll_utils.o
 .comment       0x0000000000000043       0x44 ./Encoder/encoder.o
 .comment       0x0000000000000043       0x44 ./FATFS/diskio.o
 .comment       0x0000000000000043       0x44 ./FATFS/ff.o
 .comment       0x0000000000000043       0x44 ./FATFS/ffunicode.o
 .comment       0x0000000000000043       0x44 ./FATFS/user_diskio_spi.o
 .comment       0x0000000000000043       0x44 ./FileManager/filemanager.o
 .comment       0x0000000000000043       0x44 ./FileManager/icons.o
 .comment       0x0000000000000043       0x44 ./JPEG/jpeg_chan.o
 .comment       0x0000000000000043       0x44 ./JPEG/tjpgd.o
 .comment       0x0000000000000043       0x44 ./Keyboard/keyboard.o
 .comment       0x0000000000000043       0x44 ./MP3Helix/src/bitstream.o
 .comment       0x0000000000000043       0x44 ./MP3Helix/src/buffers.o
 .comment       0x0000000000000043       0x44 ./MP3Helix/src/dct32.o
 .comment       0x0000000000000043       0x44 ./MP3Helix/src/dequant.o
 .comment       0x0000000000000043       0x44 ./MP3Helix/src/dqchan.o
 .comment       0x0000000000000043       0x44 ./MP3Helix/src/huffman.o
 .comment       0x0000000000000043       0x44 ./MP3Helix/src/hufftabs.o
 .comment       0x0000000000000043       0x44 ./MP3Helix/src/imdct.o
 .comment       0x0000000000000043       0x44 ./MP3Helix/src/mp3dec.o
 .comment       0x0000000000000043       0x44 ./MP3Helix/src/mp3tabs.o
 .comment       0x0000000000000043       0x44 ./MP3Helix/src/scalfact.o
 .comment       0x0000000000000043       0x44 ./MP3Helix/src/stproc.o
 .comment       0x0000000000000043       0x44 ./MP3Helix/src/subband.o
 .comment       0x0000000000000043       0x44 ./MP3Helix/src/trigtabs.o
 .comment       0x0000000000000043       0x44 ./MicroGL2D/microgl2d.o
 .comment       0x0000000000000043       0x44 ./MyString/mystring.o
 .comment       0x0000000000000043       0x44 ./PCM5102/pcm5102.o

.debug_frame    0x0000000000000000      0x594
 .debug_frame   0x0000000000000000       0x20 F:/ST/STM32CubeIDE_1.1.0/STM32CubeIDE/plugins/com.st.stm32cube.ide.mcu.externaltools.gnu-tools-for-stm32.11.3.rel1.win32_1.1.0.202305231506/tools/bin/../lib/gcc/arm-none-eabi/11.3.1/../../../../arm-none-eabi/lib/thumb/v7e-m+fp/hard\libc_nano.a(libc_a-calloc.o)
 .debug_frame   0x0000000000000020       0x30 F:/ST/STM32CubeIDE_1.1.0/STM32CubeIDE/plugins/com.st.stm32cube.ide.mcu.externaltools.gnu-tools-for-stm32.11.3.rel1.win32_1.1.0.202305231506/tools/bin/../lib/gcc/arm-none-eabi/11.3.1/../../../../arm-none-eabi/lib/thumb/v7e-m+fp/hard\libc_nano.a(libc_a-callocr.o)
 .debug_frame   0x0000000000000050       0x30 F:/ST/STM32CubeIDE_1.1.0/STM32CubeIDE/plugins/com.st.stm32cube.ide.mcu.externaltools.gnu-tools-for-stm32.11.3.rel1.win32_1.1.0.202305231506/tools/bin/../lib/gcc/arm-none-eabi/11.3.1/../../../../arm-none-eabi/lib/thumb/v7e-m+fp/hard\libc_nano.a(libc_a-malloc.o)
 .debug_frame   0x0000000000000080       0x50 F:/ST/STM32CubeIDE_1.1.0/STM32CubeIDE/plugins/com.st.stm32cube.ide.mcu.externaltools.gnu-tools-for-stm32.11.3.rel1.win32_1.1.0.202305231506/tools/bin/../lib/gcc/arm-none-eabi/11.3.1/../../../../arm-none-eabi/lib/thumb/v7e-m+fp/hard\libc_nano.a(libc_a-mallocr.o)
 .debug_frame   0x00000000000000d0       0x30 F:/ST/STM32CubeIDE_1.1.0/STM32CubeIDE/plugins/com.st.stm32cube.ide.mcu.externaltools.gnu-tools-for-stm32.11.3.rel1.win32_1.1.0.202305231506/tools/bin/../lib/gcc/arm-none-eabi/11.3.1/../../../../arm-none-eabi/lib/thumb/v7e-m+fp/hard\libc_nano.a(libc_a-mlock.o)
 .debug_frame   0x0000000000000100       0x20 F:/ST/STM32CubeIDE_1.1.0/STM32CubeIDE/plugins/com.st.stm32cube.ide.mcu.externaltools.gnu-tools-for-stm32.11.3.rel1.win32_1.1.0.202305231506/tools/bin/../lib/gcc/arm-none-eabi/11.3.1/../../../../arm-none-eabi/lib/thumb/v7e-m+fp/hard\libc_nano.a(libc_a-realloc.o)
 .debug_frame   0x0000000000000120       0x3c F:/ST/STM32CubeIDE_1.1.0/STM32CubeIDE/plugins/com.st.stm32cube.ide.mcu.externaltools.gnu-tools-for-stm32.11.3.rel1.win32_1.1.0.202305231506/tools/bin/../lib/gcc/arm-none-eabi/11.3.1/../../../../arm-none-eabi/lib/thumb/v7e-m+fp/hard\libc_nano.a(libc_a-reallocr.o)
 .debug_frame   0x000000000000015c       0x48 F:/ST/STM32CubeIDE_1.1.0/STM32CubeIDE/plugins/com.st.stm32cube.ide.mcu.externaltools.gnu-tools-for-stm32.11.3.rel1.win32_1.1.0.202305231506/tools/bin/../lib/gcc/arm-none-eabi/11.3.1/../../../../arm-none-eabi/lib/thumb/v7e-m+fp/hard\libc_nano.a(libc_a-utoa.o)
 .debug_frame   0x00000000000001a4      0x13c F:/ST/STM32CubeIDE_1.1.0/STM32CubeIDE/plugins/com.st.stm32cube.ide.mcu.externaltools.gnu-tools-for-stm32.11.3.rel1.win32_1.1.0.202305231506/tools/bin/../lib/gcc/arm-none-eabi/11.3.1/../../../../arm-none-eabi/lib/thumb/v7e-m+fp/hard\libc_nano.a(libc_a-findfp.o)
 .debug_frame   0x00000000000002e0       0x28 F:/ST/STM32CubeIDE_1.1.0/STM32CubeIDE/plugins/com.st.stm32cube.ide.mcu.externaltools.gnu-tools-for-stm32.11.3.rel1.win32_1.1.0.202305231506/tools/bin/../lib/gcc/arm-none-eabi/11.3.1/../../../../arm-none-eabi/lib/thumb/v7e-m+fp/hard\libc_nano.a(libc_a-memmove.o)
 .debug_frame   0x0000000000000308       0x20 F:/ST/STM32CubeIDE_1.1.0/STM32CubeIDE/plugins/com.st.stm32cube.ide.mcu.externaltools.gnu-tools-for-stm32.11.3.rel1.win32_1.1.0.202305231506/tools/bin/../lib/gcc/arm-none-eabi/11.3.1/../../../../arm-none-eabi/lib/thumb/v7e-m+fp/hard\libc_nano.a(libc_a-memset.o)
 .debug_frame   0x0000000000000328       0x2c F:/ST/STM32CubeIDE_1.1.0/STM32CubeIDE/plugins/com.st.stm32cube.ide.mcu.externaltools.gnu-tools-for-stm32.11.3.rel1.win32_1.1.0.202305231506/tools/bin/../lib/gcc/arm-none-eabi/11.3.1/../../../../arm-none-eabi/lib/thumb/v7e-m+fp/hard\libc_nano.a(libc_a-strstr.o)
 .debug_frame   0x0000000000000354       0x38 F:/ST/STM32CubeIDE_1.1.0/STM32CubeIDE/plugins/com.st.stm32cube.ide.mcu.externaltools.gnu-tools-for-stm32.11.3.rel1.win32_1.1.0.202305231506/tools/bin/../lib/gcc/arm-none-eabi/11.3.1/../../../../arm-none-eabi/lib/thumb/v7e-m+fp/hard\libc_nano.a(libc_a-reent.o)
 .debug_frame   0x000000000000038c       0x2c F:/ST/STM32CubeIDE_1.1.0/STM32CubeIDE/plugins/com.st.stm32cube.ide.mcu.externaltools.gnu-tools-for-stm32.11.3.rel1.win32_1.1.0.202305231506/tools/bin/../lib/gcc/arm-none-eabi/11.3.1/../../../../arm-none-eabi/lib/thumb/v7e-m+fp/hard\libc_nano.a(libc_a-sbrkr.o)
 .debug_frame   0x00000000000003b8       0x20 F:/ST/STM32CubeIDE_1.1.0/STM32CubeIDE/plugins/com.st.stm32cube.ide.mcu.externaltools.gnu-tools-for-stm32.11.3.rel1.win32_1.1.0.202305231506/tools/bin/../lib/gcc/arm-none-eabi/11.3.1/../../../../arm-none-eabi/lib/thumb/v7e-m+fp/hard\libc_nano.a(libc_a-errno.o)
 .debug_frame   0x00000000000003d8       0x2c F:/ST/STM32CubeIDE_1.1.0/STM32CubeIDE/plugins/com.st.stm32cube.ide.mcu.externaltools.gnu-tools-for-stm32.11.3.rel1.win32_1.1.0.202305231506/tools/bin/../lib/gcc/arm-none-eabi/11.3.1/../../../../arm-none-eabi/lib/thumb/v7e-m+fp/hard\libc_nano.a(libc_a-init.o)
 .debug_frame   0x0000000000000404       0xb0 F:/ST/STM32CubeIDE_1.1.0/STM32CubeIDE/plugins/com.st.stm32cube.ide.mcu.externaltools.gnu-tools-for-stm32.11.3.rel1.win32_1.1.0.202305231506/tools/bin/../lib/gcc/arm-none-eabi/11.3.1/../../../../arm-none-eabi/lib/thumb/v7e-m+fp/hard\libc_nano.a(libc_a-lock.o)