Archive member included to satisfy reference by file (symbol)

f:/st/stm32cubeide_1.1.0/stm32cubeide/plugins/com.st.stm32cube.ide.mcu.externaltools.gnu-tools-for-stm32.10.3-2021.10.win32_1.0.200.202301161003/tools/bin/../lib/gcc/arm-none-eabi/10.3.1/../../../../arm-none-eabi/lib/thumb/v7e-m+fp/hard\libc_nano.a(lib_a-calloc.o)
                              ./AVI/avi.o (calloc)
f:/st/stm32cubeide_1.1.0/stm32cubeide/plugins/com.st.stm32cube.ide.mcu.externaltools.gnu-tools-for-stm32.10.3-2021.10.win32_1.0.200.202301161003/tools/bin/../lib/gcc/arm-none-eabi/10.3.1/../../../../arm-none-eabi/lib/thumb/v7e-m+fp/hard\libc_nano.a(lib_a-errno.o)
                              ./Core/Src/syscalls.o (__errno)
f:/st/stm32cubeide_1.1.0/stm32cubeide/plugins/com.st.stm32cube.ide.mcu.externaltools.gnu-tools-for-stm32.10.3-2021.10.win32_1.0.200.202301161003/tools/bin/../lib/gcc/arm-none-eabi/10.3.1/../../../../arm-none-eabi/lib/thumb/v7e-m+fp/hard\libc_nano.a(lib_a-exit.o)
                              f:/st/stm32cubeide_1.1.0/stm32cubeide/plugins/com.st.stm32cube.ide.mcu.externaltools.gnu-tools-for-stm32.10.3-2021.10.win32_1.0.200.202301161003/tools/bin/../lib/gcc/arm-none-eabi/10.3.1/../../../../arm-none-eabi/lib/thumb/v7e-m+fp/hard/crt0.o (exit)
f:/st/stm32cubeide_1.1.0/stm32cubeide/plugins/com.st.stm32cube.ide.mcu.externaltools.gnu-tools-for-stm32.10.3-2021.10.win32_1.0.200.202301161003/tools/bin/../lib/gcc/arm-none-eabi/10.3.1/../../../../arm-none-eabi/lib/thumb/v7e-m+fp/hard\libc_nano.a(lib_a-impure.o)
                              f:/st/stm32cubeide_1.1.0/stm32cubeide/plugins/com.st.stm32cube.ide.mcu.externaltools.gnu-tools-for-stm32.10.3-2021.10.win32_1.0.200.202301161003/tools/bin/../lib/gcc/arm-none-eabi/10.3.1/../../../../arm-none-eabi/lib/thumb/v7e-m+fp/hard\libc_nano.a(lib_a-exit.o) (_global_impure_ptr)
f:/st/stm32cubeide_1.1.0/stm32cubeide/plugins/com.st.stm32cube.ide.mcu.externaltools.gnu-tools-for-stm32.10.3-2021.10.win32_1.0.200.202301161003/tools/bin/../lib/gcc/arm-none-eabi/10.3.1/../../../../arm-none-eabi/lib/thumb/v7e-m+fp/hard\libc_nano.a(lib_a-init.o)
                              f:/st/stm32cubeide_1.1.0/stm32cubeide/plugins/com.st.stm32cube.ide.mcu.externaltools.gnu-tools-for-stm32.10.3-2021.10.win32_1.0.200.202301161003/tools/bin/../lib/gcc/arm-none-eabi/10.3.1/../../../../arm-none-eabi/lib/thumb/v7e-m+fp/hard/crt0.o (__libc_init_array)
f:/st/stm32cubeide_1.1.0/stm32cubeide/plugins/com.st.stm32cube.ide.mcu.externaltools.gnu-tools-for-stm32.10.3-2021.10.win32_1.0.200.202301161003/tools/bin/../lib/gcc/arm-none-eabi/10.3.1/../../../../arm-none-eabi/lib/thumb/v7e-m+fp/hard\libc_nano.a(lib_a-malloc.o)
                              ./MicroGL2D/microgl2d.o (malloc)
f:/st/stm32cubeide_1.1.0/stm32cubeide/plugins/com.st.stm32cube.ide.mcu.externaltools.gnu-tools-for-stm32.10.3-2021.10.win32_1.0.200.202301161003/tools/bin/../lib/gcc/arm-none-eabi/10.3.1/../../../../arm-none-eabi/lib/thumb/v7e-m+fp/hard\libc_nano.a(lib_a-memcmp.o)
                              ./MyString/mystring.o (memcmp)
f:/st/stm32cubeide_1.1.0/stm32cubeide/plugins/com.st.stm32cube.ide.mcu.externaltools.gnu-tools-for-stm32.10.3-2021.10.win32_1.0.200.202301161003/tools/bin/../lib/gcc/arm-none-eabi/10.3.1/../../../../arm-none-eabi/lib/thumb/v7e-m+fp/hard\libc_nano.a(lib_a-memcpy-stub.o)
                              ./AVI/avi.o (memcpy)
f:/st/stm32cubeide_1.1.0/stm32cubeide/plugins/com.st.stm32cube.ide.mcu.externaltools.gnu-tools-for-stm32.10.3-2021.10.win32_1.0.200.202301161003/tools/bin/../lib/gcc/arm-none-eabi/10.3.1/../../../../arm-none-eabi/lib/thumb/v7e-m+fp/hard\libc_nano.a(lib_a-memmove.o)
                              ./Keyboard/keyboard.o (memmove)
f:/st/stm32cubeide_1.1.0/stm32cubeide/plugins/com.st.stm32cube.ide.mcu.externaltools.gnu-tools-for-stm32.10.3-2021.10.win32_1.0.200.202301161003/tools/bin/../lib/gcc/arm-none-eabi/10.3.1/../../../../arm-none-eabi/lib/thumb/v7e-m+fp/hard\libc_nano.a(lib_a-memset.o)
                              f:/st/stm32cubeide_1.1.0/stm32cubeide/plugins/com.st.stm32cube.ide.mcu.externaltools.gnu-tools-for-stm32.10.3-2021.10.win32_1.0.200.202301161003/tools/bin/../lib/gcc/arm-none-eabi/10.3.1/../../../../arm-none-eabi/lib/thumb/v7e-m+fp/hard/crt0.o (memset)
f:/st/stm32cubeide_1.1.0/stm32cubeide/plugins/com.st.stm32cube.ide.mcu.externaltools.gnu-tools-for-stm32.10.3-2021.10.win32_1.0.200.202301161003/tools/bin/../lib/gcc/arm-none-eabi/10.3.1/../../../../arm-none-eabi/lib/thumb/v7e-m+fp/hard\libc_nano.a(lib_a-nano-callocr.o)
                              f:/st/stm32cubeide_1.1.0/stm32cubeide/plugins/com.st.stm32cube.ide.mcu.externaltools.gnu-tools-for-stm32.10.3-2021.10.win32_1.0.200.202301161003/tools/bin/../lib/gcc/arm-none-eabi/10.3.1/../../../../arm-none-eabi/lib/thumb/v7e-m+fp/hard\libc_nano.a(lib_a-calloc.o) (_calloc_r)
[...]
Memory Configuration

Name             Origin             Length             Attributes
RAM              0x0000000020000000 0x0000000000010000 xrw
FLASH            0x0000000008000000 0x0000000000040000 xr
*default*        0x0000000000000000 0xffffffffffffffff

Linker script and memory map

LOAD f:/st/stm32cubeide_1.1.0/stm32cubeide/plugins/com.st.stm32cube.ide.mcu.externaltools.gnu-tools-for-stm32.10.3-2021.10.win32_1.0.200.202301161003/tools/bin/../lib/gcc/arm-none-eabi/10.3.1/thumb/v7e-m+fp/hard/crti.o
LOAD f:/st/stm32cubeide_1.1.0/stm32cubeide/plugins/com.st.stm32cube.ide.mcu.externaltools.gnu-tools-for-stm32.10.3-2021.10.win32_1.0.200.202301161003/tools/bin/../lib/gcc/arm-none-eabi/10.3.1/thumb/v7e-m+fp/hard/crtbegin.o
LOAD f:/st/stm32cubeide_1.1.0/stm32cubeide/plugins/com.st.stm32cube.ide.mcu.externaltools.gnu-tools-for-stm32.10.3-2021.10.win32_1.0.200.202301161003/tools/bin/../lib/gcc/arm-none-eabi/10.3.1/../../../../arm-none-eabi/lib/thumb/v7e-m+fp/hard/crt0.o
LOAD ./AVI/avi.o
LOAD ./AVI/jpeg_data.o
LOAD ./AVI/mp3_callback.o
LOAD ./AVI/player.o
LOAD ./AVI/riff_read_header.o
LOAD ./AVI/textures.o
LOAD ./Core/Src/asm.o
LOAD ./Core/Src/main.o
LOAD ./Core/Src/stm32f4xx_it.o
LOAD ./Core/Src/syscalls.o
LOAD ./Core/Src/sysmem.o
LOAD ./Core/Src/system_stm32f4xx.o
LOAD ./Core/Startup/startup_stm32f401ccux.o
LOAD ./Display/display.o
LOAD ./Display/display_asm.o
LOAD ./Display/display_offsets.o
LOAD ./Display/fonts.o
LOAD ./Display/ili9341.o
LOAD ./Display/st7789.o
LOAD ./Drivers/STM32F4xx_HAL_Driver/Src/stm32f4xx_ll_dma.o
LOAD ./Drivers/STM32F4xx_HAL_Driver/Src/stm32f4xx_ll_exti.o
LOAD ./Drivers/STM32F4xx_HAL_Driver/Src/stm32f4xx_ll_gpio.o
LOAD ./Drivers/STM32F4xx_HAL_Driver/Src/stm32f4xx_ll_rcc.o
LOAD ./Drivers/STM32F4xx_HAL_Driver/Src/stm32f4xx_ll_spi.o
LOAD ./Drivers/STM32F4xx_HAL_Driver/Src/stm32f4xx_ll_tim.o
LOAD ./Drivers/STM32F4xx_HAL_Driver/Src/stm32f4xx_ll_utils.o
LOAD ./Encoder/encoder.o
LOAD ./FATFS/diskio.o
LOAD ./FATFS/ff.o
LOAD ./FATFS/ffsystem.o
LOAD ./FATFS/ffunicode.o
LOAD ./FATFS/user_diskio_spi.o
LOAD ./FileManager/filemanager.o
LOAD ./FileManager/icons.o
LOAD ./JPEG/jpeg_chan.o
LOAD ./JPEG/tjpgd.o
LOAD ./Keyboard/keyboard.o
LOAD ./MP3Helix/src/asmpoly_thumb2.o
LOAD ./MP3Helix/src/bitstream.o
LOAD ./MP3Helix/src/buffers.o
LOAD ./MP3Helix/src/dct32.o
LOAD ./MP3Helix/src/dequant.o
LOAD ./MP3Helix/src/dqchan.o
LOAD ./MP3Helix/src/huffman.o
LOAD ./MP3Helix/src/hufftabs.o
LOAD ./MP3Helix/src/imdct.o
LOAD ./MP3Helix/src/mp3dec.o
LOAD ./MP3Helix/src/mp3tabs.o
LOAD ./MP3Helix/src/scalfact.o
LOAD ./MP3Helix/src/stproc.o
LOAD ./MP3Helix/src/subband.o
LOAD ./MP3Helix/src/trigtabs.o
LOAD ./MicroGL2D/microgl2d.o
LOAD ./MyString/mystring.o
LOAD ./PCM5102/pcm5102.o
START GROUP
LOAD f:/st/stm32cubeide_1.1.0/stm32cubeide/plugins/com.st.stm32cube.ide.mcu.externaltools.gnu-tools-for-stm32.10.3-2021.10.win32_1.0.200.202301161003/tools/bin/../lib/gcc/arm-none-eabi/10.3.1/../../../../arm-none-eabi/lib/thumb/v7e-m+fp/hard\libc_nano.a
LOAD f:/st/stm32cubeide_1.1.0/stm32cubeide/plugins/com.st.stm32cube.ide.mcu.externaltools.gnu-tools-for-stm32.10.3-2021.10.win32_1.0.200.202301161003/tools/bin/../lib/gcc/arm-none-eabi/10.3.1/../../../../arm-none-eabi/lib/thumb/v7e-m+fp/hard\libm.a
END GROUP
START GROUP
LOAD f:/st/stm32cubeide_1.1.0/stm32cubeide/plugins/com.st.stm32cube.ide.mcu.externaltools.gnu-tools-for-stm32.10.3-2021.10.win32_1.0.200.202301161003/tools/bin/../lib/gcc/arm-none-eabi/10.3.1/thumb/v7e-m+fp/hard\libgcc.a
LOAD f:/st/stm32cubeide_1.1.0/stm32cubeide/plugins/com.st.stm32cube.ide.mcu.externaltools.gnu-tools-for-stm32.10.3-2021.10.win32_1.0.200.202301161003/tools/bin/../lib/gcc/arm-none-eabi/10.3.1/../../../../arm-none-eabi/lib/thumb/v7e-m+fp/hard\libc_nano.a
END GROUP
START GROUP
LOAD f:/st/stm32cubeide_1.1.0/stm32cubeide/plugins/com.st.stm32cube.ide.mcu.externaltools.gnu-tools-for-stm32.10.3-2021.10.win32_1.0.200.202301161003/tools/bin/../lib/gcc/arm-none-eabi/10.3.1/thumb/v7e-m+fp/hard\libgcc.a
LOAD f:/st/stm32cubeide_1.1.0/stm32cubeide/plugins/com.st.stm32cube.ide.mcu.externaltools.gnu-tools-for-stm32.10.3-2021.10.win32_1.0.200.202301161003/tools/bin/../lib/gcc/arm-none-eabi/10.3.1/../../../../arm-none-eabi/lib/thumb/v7e-m+fp/hard\libc_nano.a
LOAD f:/st/stm32cubeide_1.1.0/stm32cubeide/plugins/com.st.stm32cube.ide.mcu.externaltools.gnu-tools-for-stm32.10.3-2021.10.win32_1.0.200.202301161003/tools/bin/../lib/gcc/arm-none-eabi/10.3.1/../../../../arm-none-eabi/lib/thumb/v7e-m+fp/hard\libnosys.a
END GROUP
START GROUP
LOAD f:/st/stm32cubeide_1.1.0/stm32cubeide/plugins/com.st.stm32cube.ide.mcu.externaltools.gnu-tools-for-stm32.10.3-2021.10.win32_1.0.200.202301161003/tools/bin/../lib/gcc/arm-none-eabi/10.3.1/thumb/v7e-m+fp/hard\libgcc.a
LOAD f:/st/stm32cubeide_1.1.0/stm32cubeide/plugins/com.st.stm32cube.ide.mcu.externaltools.gnu-tools-for-stm32.10.3-2021.10.win32_1.0.200.202301161003/tools/bin/../lib/gcc/arm-none-eabi/10.3.1/../../../../arm-none-eabi/lib/thumb/v7e-m+fp/hard\libc_nano.a
LOAD f:/st/stm32cubeide_1.1.0/stm32cubeide/plugins/com.st.stm32cube.ide.mcu.externaltools.gnu-tools-for-stm32.10.3-2021.10.win32_1.0.200.202301161003/tools/bin/../lib/gcc/arm-none-eabi/10.3.1/../../../../arm-none-eabi/lib/thumb/v7e-m+fp/hard\libnosys.a
END GROUP
LOAD f:/st/stm32cubeide_1.1.0/stm32cubeide/plugins/com.st.stm32cube.ide.mcu.externaltools.gnu-tools-for-stm32.10.3-2021.10.win32_1.0.200.202301161003/tools/bin/../lib/gcc/arm-none-eabi/10.3.1/thumb/v7e-m+fp/hard/crtend.o
LOAD f:/st/stm32cubeide_1.1.0/stm32cubeide/plugins/com.st.stm32cube.ide.mcu.externaltools.gnu-tools-for-stm32.10.3-2021.10.win32_1.0.200.202301161003/tools/bin/../lib/gcc/arm-none-eabi/10.3.1/thumb/v7e-m+fp/hard/crtn.o
                0x0000000020010000                _estack = (ORIGIN (RAM) + LENGTH (RAM))
                0x0000000000000200                _Min_Heap_Size = 0x200
                0x0000000000000400                _Min_Stack_Size = 0x400

.isr_vector     0x0000000008000000      0x194
                0x0000000008000000                . = ALIGN (0x4)
 *(.isr_vector)
 .isr_vector    0x0000000008000000      0x194 ./Core/Startup/startup_stm32f401ccux.o
                0x0000000008000000                g_pfnVectors
                0x0000000008000194                . = ALIGN (0x4)

.text           0x0000000008000198    0x111f4
                0x0000000008000198                . = ALIGN (0x4)
 *(.text)
 .text          0x0000000008000198       0x40 f:/st/stm32cubeide_1.1.0/stm32cubeide/plugins/com.st.stm32cube.ide.mcu.externaltools.gnu-tools-for-stm32.10.3-2021.10.win32_1.0.200.202301161003/tools/bin/../lib/gcc/arm-none-eabi/10.3.1/thumb/v7e-m+fp/hard/crtbegin.o
 .text          0x00000000080001d8      0x864 ./MP3Helix/src/asmpoly_thumb2.o
                0x00000000080001d8                xmp3_PolyphaseStereo
                0x000000000800072c                xmp3_PolyphaseMono
 .text          0x0000000008000a3c       0x10 f:/st/stm32cubeide_1.1.0/stm32cubeide/plugins/com.st.stm32cube.ide.mcu.externaltools.gnu-tools-for-stm32.10.3-2021.10.win32_1.0.200.202301161003/tools/bin/../lib/gcc/arm-none-eabi/10.3.1/../../../../arm-none-eabi/lib/thumb/v7e-m+fp/hard\libc_nano.a(lib_a-strlen.o)
                0x0000000008000a3c                strlen
 .text          0x0000000008000a4c       0x30 f:/st/stm32cubeide_1.1.0/stm32cubeide/plugins/com.st.stm32cube.ide.mcu.externaltools.gnu-tools-for-stm32.10.3-2021.10.win32_1.0.200.202301161003/tools/bin/../lib/gcc/arm-none-eabi/10.3.1/thumb/v7e-m+fp/hard\libgcc.a(_aeabi_uldivmod.o)
                0x0000000008000a4c                __aeabi_uldivmod
 .text          0x0000000008000a7c      0x2d0 f:/st/stm32cubeide_1.1.0/stm32cubeide/plugins/com.st.stm32cube.ide.mcu.externaltools.gnu-tools-for-stm32.10.3-2021.10.win32_1.0.200.202301161003/tools/bin/../lib/gcc/arm-none-eabi/10.3.1/thumb/v7e-m+fp/hard\libgcc.a(_udivmoddi4.o)
                0x0000000008000a7c                __udivmoddi4
 .text          0x0000000008000d4c        0x4 f:/st/stm32cubeide_1.1.0/stm32cubeide/plugins/com.st.stm32cube.ide.mcu.externaltools.gnu-tools-for-stm32.10.3-2021.10.win32_1.0.200.202301161003/tools/bin/../lib/gcc/arm-none-eabi/10.3.1/thumb/v7e-m+fp/hard\libgcc.a(_dvmd_tls.o)
                0x0000000008000d4c                __aeabi_idiv0
                0x0000000008000d4c                __aeabi_ldiv0
 *(.text*)
 .text.PlayAVI  0x0000000008000d50      0xb98 ./AVI/avi.o
                0x0000000008000d50                PlayAVI
 .text.AVIIntro
                0x00000000080018e8      0x30c ./AVI/avi.o
                0x00000000080018e8                AVIIntro
 .text.mp3_process_decode
                0x0000000008001bf4      0x148 ./AVI/mp3_callback.o
 .text.mp3_read_header_callback
                0x0000000008001d3c      0x124 ./AVI/mp3_callback.o
                0x0000000008001d3c                mp3_read_header_callback
 .text.mp3_start_play_callback
                0x0000000008001e60       0x30 ./AVI/mp3_callback.o
                0x0000000008001e60                mp3_start_play_callback
 .text.mp3_update_play_callback
                0x0000000008001e90       0x20 ./AVI/mp3_callback.o
                0x0000000008001e90                mp3_update_play_callback
 .text.mp3_stop_callback
                0x0000000008001eb0       0x18 ./AVI/mp3_callback.o
                0x0000000008001eb0                mp3_stop_callback
 .text.PlayerNew
                0x0000000008001ec8        0x8 ./AVI/player.o
                0x0000000008001ec8                PlayerNew
 .text.PlayerDelete
                0x0000000008001ed0       0x68 ./AVI/player.o
                0x0000000008001ed0                PlayerDelete
 .text.PlayerInit
                0x0000000008001f38       0x34 ./AVI/player.o
                0x0000000008001f38                PlayerInit
 .text.PlayerReadHeader
                0x0000000008001f6c        0xc ./AVI/player.o
                0x0000000008001f6c                PlayerReadHeader
 .text.PlayerStartPlay
                0x0000000008001f78       0x64 ./AVI/player.o
                0x0000000008001f78                PlayerStartPlay
 .text.PlayerUpdate
                0x0000000008001fdc       0x24 ./AVI/player.o
                0x0000000008001fdc                PlayerUpdate
 .text.PlayerStop
                0x0000000008002000        0xc ./AVI/player.o
                0x0000000008002000                PlayerStop
 .text.Read_RIFF_Header
                0x000000000800200c      0x244 ./AVI/riff_read_header.o
                0x000000000800200c                Read_RIFF_Header
 .text.memset_word
                0x0000000008002250        0xc ./Core/Src/asm.o
                0x0000000008002250                memset_word
 .text.SystemClock_Config
                0x000000000800225c       0xcc ./Core/Src/main.o
                0x000000000800225c                SystemClock_Config
 .text.startup.main
                0x0000000008002328      0xa2c ./Core/Src/main.o
                0x0000000008002328                main
 .text.NMI_Handler
                0x0000000008002d54        0x4 ./Core/Src/stm32f4xx_it.o
                0x0000000008002d54                NMI_Handler
 .text.HardFault_Handler
                0x0000000008002d58        0x4 ./Core/Src/stm32f4xx_it.o
                0x0000000008002d58                HardFault_Handler
 .text.MemManage_Handler
                0x0000000008002d5c        0x4 ./Core/Src/stm32f4xx_it.o
                0x0000000008002d5c                MemManage_Handler
 .text.BusFault_Handler
                0x0000000008002d60        0x4 ./Core/Src/stm32f4xx_it.o
                0x0000000008002d60                BusFault_Handler
 .text.UsageFault_Handler
                0x0000000008002d64        0x4 ./Core/Src/stm32f4xx_it.o
                0x0000000008002d64                UsageFault_Handler
 .text.SVC_Handler
                0x0000000008002d68        0x4 ./Core/Src/stm32f4xx_it.o
                0x0000000008002d68                SVC_Handler
 .text.DebugMon_Handler
                0x0000000008002d6c        0x4 ./Core/Src/stm32f4xx_it.o
                0x0000000008002d6c                DebugMon_Handler
 .text.PendSV_Handler
                0x0000000008002d70        0x4 ./Core/Src/stm32f4xx_it.o
                0x0000000008002d70                PendSV_Handler
 .text.SysTick_Handler
                0x0000000008002d74       0x10 ./Core/Src/stm32f4xx_it.o
                0x0000000008002d74                SysTick_Handler
 .text.EXTI0_IRQHandler
                0x0000000008002d84       0x6c ./Core/Src/stm32f4xx_it.o
                0x0000000008002d84                EXTI0_IRQHandler
 .text.EXTI1_IRQHandler
                0x0000000008002df0       0x64 ./Core/Src/stm32f4xx_it.o
                0x0000000008002df0                EXTI1_IRQHandler
 .text.DMA1_Stream3_IRQHandler
                0x0000000008002e54        0x4 ./Core/Src/stm32f4xx_it.o
                0x0000000008002e54                DMA1_Stream3_IRQHandler
 .text.DMA1_Stream4_IRQHandler
                0x0000000008002e58        0x4 ./Core/Src/stm32f4xx_it.o
                0x0000000008002e58                DMA1_Stream4_IRQHandler
 .text.EXTI15_10_IRQHandler
                0x0000000008002e5c       0x68 ./Core/Src/stm32f4xx_it.o
                0x0000000008002e5c                EXTI15_10_IRQHandler
 .text.DMA2_Stream3_IRQHandler
                0x0000000008002ec4        0xc ./Core/Src/stm32f4xx_it.o
                0x0000000008002ec4                DMA2_Stream3_IRQHandler
 .text.DMA1_Stream5_IRQHandler
                0x0000000008002ed0       0xbc ./Core/Src/stm32f4xx_it.o
                0x0000000008002ed0                DMA1_Stream5_IRQHandler
 .text._sbrk    0x0000000008002f8c       0x44 ./Core/Src/sysmem.o
                0x0000000008002f8c                _sbrk
 .text.SystemInit
                0x0000000008002fd0       0x14 ./Core/Src/system_stm32f4xx.o
                0x0000000008002fd0                SystemInit
 .text.Reset_Handler
                0x0000000008002fe4       0x50 ./Core/Startup/startup_stm32f401ccux.o
                0x0000000008002fe4                Reset_Handler
 .text.Default_Handler
                0x0000000008003034        0x2 ./Core/Startup/startup_stm32f401ccux.o
                0x0000000008003034                RTC_Alarm_IRQHandler
                0x0000000008003034                EXTI2_IRQHandler
                0x0000000008003034                SPI4_IRQHandler
                0x0000000008003034                TIM1_CC_IRQHandler
                0x0000000008003034                DMA2_Stream5_IRQHandler
                0x0000000008003034                PVD_IRQHandler
                0x0000000008003034                SDIO_IRQHandler
                0x0000000008003034                TAMP_STAMP_IRQHandler
                0x0000000008003034                EXTI3_IRQHandler
                0x0000000008003034                TIM1_UP_TIM10_IRQHandler
                0x0000000008003034                I2C3_ER_IRQHandler
                0x0000000008003034                I2C2_EV_IRQHandler
                0x0000000008003034                DMA1_Stream2_IRQHandler
                0x0000000008003034                FPU_IRQHandler
                0x0000000008003034                DMA2_Stream2_IRQHandler
                0x0000000008003034                SPI1_IRQHandler
                0x0000000008003034                TIM1_BRK_TIM9_IRQHandler
                0x0000000008003034                USART6_IRQHandler
                0x0000000008003034                DMA2_Stream0_IRQHandler
                0x0000000008003034                TIM4_IRQHandler
                0x0000000008003034                I2C1_EV_IRQHandler
                0x0000000008003034                DMA1_Stream6_IRQHandler
                0x0000000008003034                DMA1_Stream1_IRQHandler
                0x0000000008003034                TIM3_IRQHandler
                0x0000000008003034                RCC_IRQHandler
                0x0000000008003034                Default_Handler
                0x0000000008003034                ADC_IRQHandler
                0x0000000008003034                DMA1_Stream7_IRQHandler
                0x0000000008003034                TIM5_IRQHandler
                0x0000000008003034                DMA2_Stream7_IRQHandler
                0x0000000008003034                I2C3_EV_IRQHandler
                0x0000000008003034                EXTI9_5_IRQHandler
                0x0000000008003034                RTC_WKUP_IRQHandler
                0x0000000008003034                SPI2_IRQHandler
                0x0000000008003034                DMA1_Stream0_IRQHandler
                0x0000000008003034                EXTI4_IRQHandler
                0x0000000008003034                WWDG_IRQHandler
                0x0000000008003034                TIM2_IRQHandler
                0x0000000008003034                OTG_FS_WKUP_IRQHandler
                0x0000000008003034                TIM1_TRG_COM_TIM11_IRQHandler
                0x0000000008003034                USART2_IRQHandler
                0x0000000008003034                I2C2_ER_IRQHandler
                0x0000000008003034                DMA2_Stream1_IRQHandler
                0x0000000008003034                FLASH_IRQHandler
                0x0000000008003034                DMA2_Stream4_IRQHandler
                0x0000000008003034                USART1_IRQHandler
                0x0000000008003034                OTG_FS_IRQHandler
                0x0000000008003034                SPI3_IRQHandler
                0x0000000008003034                I2C1_ER_IRQHandler
                0x0000000008003034                DMA2_Stream6_IRQHandler
 *fill*         0x0000000008003036        0x2 
 .text.LCD_SetCS
                0x0000000008003038        0xc ./Display/display.o
                0x0000000008003038                LCD_SetCS
 .text.LCD_ResCS
                0x0000000008003044       0x10 ./Display/display.o
                0x0000000008003044                LCD_ResCS
 .text.LCD_SetDC
                0x0000000008003054        0x8 ./Display/display.o
                0x0000000008003054                LCD_SetDC
 .text.LCD_String_Interpretator
                0x000000000800305c      0x124 ./Display/display.o
                0x000000000800305c                LCD_String_Interpretator
 .text.LCD_DisplayAdd
                0x0000000008003180      0x1e8 ./Display/display.o
                0x0000000008003180                LCD_DisplayAdd
 .text.LCD_Init
                0x0000000008003368       0xa8 ./Display/display.o
                0x0000000008003368                LCD_Init
 .text.LCD_Fill
                0x0000000008003410       0x20 ./Display/display.o
                0x0000000008003410                LCD_Fill
 .text.LCD_DrawLine
                0x0000000008003430      0x1a0 ./Display/display.o
                0x0000000008003430                LCD_DrawLine
 .text.LCD_DrawRectangle
                0x00000000080035d0       0x58 ./Display/display.o
                0x00000000080035d0                LCD_DrawRectangle
 .text.LCD_DrawFilledRectangle
                0x0000000008003628       0x54 ./Display/display.o
                0x0000000008003628                LCD_DrawFilledRectangle
 .text.LCD_WriteChar
                0x000000000800367c      0x308 ./Display/display.o
                0x000000000800367c                LCD_WriteChar
 .text.LCD_WriteString
                0x0000000008003984       0x6c ./Display/display.o
                0x0000000008003984                LCD_WriteString
 .text.LCD_SetActiveWindow
                0x00000000080039f0       0xc4 ./Display/display_asm.o
                0x00000000080039f0                LCD_SetActiveWindow
 .text.LCD_WriteData
                0x0000000008003ab4       0x68 ./Display/display_asm.o
                0x0000000008003ab4                LCD_WriteData
 .text.LCD_WriteDataDMA
                0x0000000008003b1c       0x8e ./Display/display_asm.o
                0x0000000008003b1c                LCD_WriteDataDMA
 .text.LCD_FillWindow
                0x0000000008003baa       0x8c ./Display/display_asm.o
                0x0000000008003baa                LCD_FillWindow
 .text.LCD_DrawImage
                0x0000000008003c36       0x50 ./Display/display_asm.o
                0x0000000008003c36                LCD_DrawImage
 *fill*         0x0000000008003c86        0x2 
 .text.Display_TC_Callback
                0x0000000008003c88       0x90 ./Display/display_asm.o
                0x0000000008003c88                Display_TC_Callback
 .text.ILI9341_Init
                0x0000000008003d18       0x3c ./Display/ili9341.o
                0x0000000008003d18                ILI9341_Init
 .text.ILI9341_SetWindow
                0x0000000008003d54       0x24 ./Display/ili9341.o
                0x0000000008003d54                ILI9341_SetWindow
 .text.ILI9341_SleepIn
                0x0000000008003d78        0x8 ./Display/ili9341.o
                0x0000000008003d78                ILI9341_SleepIn
 .text.ILI9341_SleepOut
                0x0000000008003d80        0x8 ./Display/ili9341.o
                0x0000000008003d80                ILI9341_SleepOut
 .text.LL_EXTI_Init
                0x0000000008003d88       0xc0 ./Drivers/STM32F4xx_HAL_Driver/Src/stm32f4xx_ll_exti.o
                0x0000000008003d88                LL_EXTI_Init
 .text.LL_GPIO_Init
                0x0000000008003e48      0x148 ./Drivers/STM32F4xx_HAL_Driver/Src/stm32f4xx_ll_gpio.o
                0x0000000008003e48                LL_GPIO_Init
 .text.LL_RCC_GetI2SClockFreq
                0x0000000008003f90       0x68 ./Drivers/STM32F4xx_HAL_Driver/Src/stm32f4xx_ll_rcc.o
                0x0000000008003f90                LL_RCC_GetI2SClockFreq
 .text.LL_SPI_Init
                0x0000000008003ff8       0x70 ./Drivers/STM32F4xx_HAL_Driver/Src/stm32f4xx_ll_spi.o
                0x0000000008003ff8                LL_SPI_Init
 .text.LL_I2S_Init
                0x0000000008004068       0xa0 ./Drivers/STM32F4xx_HAL_Driver/Src/stm32f4xx_ll_spi.o
                0x0000000008004068                LL_I2S_Init
 .text.LL_TIM_Init
                0x0000000008004108       0x98 ./Drivers/STM32F4xx_HAL_Driver/Src/stm32f4xx_ll_tim.o
                0x0000000008004108                LL_TIM_Init
 .text.LL_TIM_OC_Init
                0x00000000080041a0      0x1b8 ./Drivers/STM32F4xx_HAL_Driver/Src/stm32f4xx_ll_tim.o
                0x00000000080041a0                LL_TIM_OC_Init
 .text.LL_Init1msTick
                0x0000000008004358       0x20 ./Drivers/STM32F4xx_HAL_Driver/Src/stm32f4xx_ll_utils.o
                0x0000000008004358                LL_Init1msTick
 .text.LL_mDelay
                0x0000000008004378       0x24 ./Drivers/STM32F4xx_HAL_Driver/Src/stm32f4xx_ll_utils.o
                0x0000000008004378                LL_mDelay
 .text.LL_SetSystemCoreClock
                0x000000000800439c        0xc ./Drivers/STM32F4xx_HAL_Driver/Src/stm32f4xx_ll_utils.o
                0x000000000800439c                LL_SetSystemCoreClock
 .text.EncoderInit
                0x00000000080043a8       0x34 ./Encoder/encoder.o
                0x00000000080043a8                EncoderInit
 .text.EncoderUpdate
                0x00000000080043dc      0x158 ./Encoder/encoder.o
                0x00000000080043dc                EncoderUpdate
 .text.EncoderSetInversion
                0x0000000008004534        0x8 ./Encoder/encoder.o
                0x0000000008004534                EncoderSetInversion
 .text.disk_status
                0x000000000800453c        0x4 ./FATFS/diskio.o
                0x000000000800453c                disk_status
 .text.disk_initialize
                0x0000000008004540        0x4 ./FATFS/diskio.o
                0x0000000008004540                disk_initialize
 .text.disk_read
                0x0000000008004544       0x1c ./FATFS/diskio.o
                0x0000000008004544                disk_read
 .text.get_fileinfo
                0x0000000008004560      0x228 ./FATFS/ff.o
 .text.check_fs
                0x0000000008004788       0xf8 ./FATFS/ff.o
 .text.mount_volume.constprop.0
                0x0000000008004880      0x20c ./FATFS/ff.o
 .text.get_fat.isra.0
                0x0000000008004a8c       0xf8 ./FATFS/ff.o
 .text.dir_sdi.constprop.0
                0x0000000008004b84      0x17c ./FATFS/ff.o
 .text.follow_path
                0x0000000008004d00      0x638 ./FATFS/ff.o
 .text.f_mount  0x0000000008005338       0x64 ./FATFS/ff.o
                0x0000000008005338                f_mount
 .text.f_open   0x000000000800539c       0x84 ./FATFS/ff.o
                0x000000000800539c                f_open
 .text.f_read   0x0000000008005420      0x170 ./FATFS/ff.o
                0x0000000008005420                f_read
 .text.f_close  0x0000000008005590       0x30 ./FATFS/ff.o
                0x0000000008005590                f_close
 .text.f_lseek  0x00000000080055c0      0x230 ./FATFS/ff.o
                0x00000000080055c0                f_lseek
 .text.f_opendir
                0x00000000080057f0       0x78 ./FATFS/ff.o
                0x00000000080057f0                f_opendir
 .text.f_closedir
                0x0000000008005868       0x30 ./FATFS/ff.o
                0x0000000008005868                f_closedir
 .text.f_readdir
                0x0000000008005898      0x46c ./FATFS/ff.o
                0x0000000008005898                f_readdir
 .text.ff_uni2oem
                0x0000000008005d04       0x3c ./FATFS/ffunicode.o
                0x0000000008005d04                ff_uni2oem
 .text.ff_oem2uni
                0x0000000008005d40       0x28 ./FATFS/ffunicode.o
                0x0000000008005d40                ff_oem2uni
 .text.ff_wtoupper
                0x0000000008005d68       0xa8 ./FATFS/ffunicode.o
                0x0000000008005d68                ff_wtoupper
 .text.SPI_DMA_TransmitReceive
                0x0000000008005e10      0x110 ./FATFS/user_diskio_spi.o
 .text.send_cmd
                0x0000000008005f20       0xcc ./FATFS/user_diskio_spi.o
 .text.USER_SPI_initialize
                0x0000000008005fec      0x1c4 ./FATFS/user_diskio_spi.o
                0x0000000008005fec                USER_SPI_initialize
 .text.USER_SPI_status
                0x00000000080061b0        0xc ./FATFS/user_diskio_spi.o
                0x00000000080061b0                USER_SPI_status
 .text.USER_SPI_read
                0x00000000080061bc      0x100 ./FATFS/user_diskio_spi.o
                0x00000000080061bc                USER_SPI_read
 .text.FileManagerSetDisplay
                0x00000000080062bc        0x4 ./FileManager/filemanager.o
 .text.FileManagerSetWin
                0x00000000080062c0        0xc ./FileManager/filemanager.o
 .text.FileManagerSetColor
                0x00000000080062cc        0x4 ./FileManager/filemanager.o
 .text.FileManagerSetFont
                0x00000000080062d0        0x4 ./FileManager/filemanager.o
 .text.FileManagerSetKeys
                0x00000000080062d4       0x10 ./FileManager/filemanager.o
 .text.FileManagerChangeActiveFlag
                0x00000000080062e4        0x8 ./FileManager/filemanager.o
 .text.FileManagerGetStatus
                0x00000000080062ec        0x8 ./FileManager/filemanager.o
 .text.FileManagerGetFilePath
                0x00000000080062f4        0x4 ./FileManager/filemanager.o
 .text.FileManagerGetFileName
                0x00000000080062f8        0x4 ./FileManager/filemanager.o
 .text.FileManagerShow
                0x00000000080062fc      0xa58 ./FileManager/filemanager.o
 .text.FileManagerNew
                0x0000000008006d54       0x84 ./FileManager/filemanager.o
                0x0000000008006d54                FileManagerNew
 .text.FileManagerPopupWin
                0x0000000008006dd8       0xf4 ./FileManager/filemanager.o
                0x0000000008006dd8                FileManagerPopupWin
 .text.tjd_output
                0x0000000008006ecc       0x98 ./JPEG/jpeg_chan.o
 .text.tjd_input_memory
                0x0000000008006f64       0x30 ./JPEG/jpeg_chan.o
 .text.tjd_input_file
                0x0000000008006f94       0x78 ./JPEG/jpeg_chan.o
 .text.LCD_Load_JPG_chan
                0x000000000800700c       0xc4 ./JPEG/jpeg_chan.o
                0x000000000800700c                LCD_Load_JPG_chan
 .text.jd_prepare
                0x00000000080070d0      0x948 ./JPEG/tjpgd.o
                0x00000000080070d0                jd_prepare
 .text.jd_decomp
                0x0000000008007a18      0xf48 ./JPEG/tjpgd.o
                0x0000000008007a18                jd_decomp
 .text.KEYB_Inkeys
                0x0000000008008960       0x3c ./Keyboard/keyboard.o
                0x0000000008008960                KEYB_Inkeys
 .text.KEYB_kbhit
                0x000000000800899c       0x1c ./Keyboard/keyboard.o
                0x000000000800899c                KEYB_kbhit
 .text.xmp3_SetBitstreamPointer
                0x00000000080089b8        0xc ./MP3Helix/src/bitstream.o
                0x00000000080089b8                xmp3_SetBitstreamPointer
 .text.xmp3_GetBits
                0x00000000080089c4       0xd0 ./MP3Helix/src/bitstream.o
                0x00000000080089c4                xmp3_GetBits
 .text.xmp3_CalcBitsUsed
                0x0000000008008a94       0x14 ./MP3Helix/src/bitstream.o
                0x0000000008008a94                xmp3_CalcBitsUsed
 .text.xmp3_CheckPadBit
                0x0000000008008aa8       0x18 ./MP3Helix/src/bitstream.o
                0x0000000008008aa8                xmp3_CheckPadBit
 .text.xmp3_UnpackFrameHeader
                0x0000000008008ac0      0x1b8 ./MP3Helix/src/bitstream.o
                0x0000000008008ac0                xmp3_UnpackFrameHeader
 .text.xmp3_UnpackSideInfo
                0x0000000008008c78     0x10d8 ./MP3Helix/src/bitstream.o
                0x0000000008008c78                xmp3_UnpackSideInfo
 .text.xmp3_FreeBuffers
                0x0000000008009d50       0x4c ./MP3Helix/src/buffers.o
                0x0000000008009d50                xmp3_FreeBuffers
 .text.xmp3_AllocateBuffers
                0x0000000008009d9c       0x9c ./MP3Helix/src/buffers.o
                0x0000000008009d9c                xmp3_AllocateBuffers
 .text.xmp3_FDCT32
                0x0000000008009e38      0xa08 ./MP3Helix/src/dct32.o
                0x0000000008009e38                xmp3_FDCT32
 .text.xmp3_Dequantize
                0x000000000800a840      0x350 ./MP3Helix/src/dequant.o
                0x000000000800a840                xmp3_Dequantize
 .text.DequantBlock
                0x000000000800ab90      0x1e4 ./MP3Helix/src/dqchan.o
 .text.xmp3_DequantChannel
                0x000000000800ad74      0x2d8 ./MP3Helix/src/dqchan.o
                0x000000000800ad74                xmp3_DequantChannel
 .text.xmp3_DecodeHuffman
                0x000000000800b04c      0x770 ./MP3Helix/src/huffman.o
                0x000000000800b04c                xmp3_DecodeHuffman
 .text.WinPrevious.part.0
                0x000000000800b7bc       0xe4 ./MP3Helix/src/imdct.o
 .text.FreqInvertRescale
                0x000000000800b8a0      0x50c ./MP3Helix/src/imdct.o
 .text.xmp3_IMDCT
                0x000000000800bdac     0x20b4 ./MP3Helix/src/imdct.o
                0x000000000800bdac                xmp3_IMDCT
 .text.MP3InitDecoder
                0x000000000800de60        0x4 ./MP3Helix/src/mp3dec.o
                0x000000000800de60                MP3InitDecoder
 .text.MP3FreeDecoder
                0x000000000800de64        0x8 ./MP3Helix/src/mp3dec.o
                0x000000000800de64                MP3FreeDecoder
 .text.MP3Decode
                0x000000000800de6c      0x48c ./MP3Helix/src/mp3dec.o
                0x000000000800de6c                MP3Decode
 .text.xmp3_UnpackScaleFactors
                0x000000000800e2f8      0x91c ./MP3Helix/src/scalfact.o
                0x000000000800e2f8                xmp3_UnpackScaleFactors
 .text.xmp3_MidSideProc
                0x000000000800ec14       0x68 ./MP3Helix/src/stproc.o
                0x000000000800ec14                xmp3_MidSideProc
 .text.xmp3_IntensityProcMPEG1
                0x000000000800ec7c      0x338 ./MP3Helix/src/stproc.o
                0x000000000800ec7c                xmp3_IntensityProcMPEG1
 .text.xmp3_IntensityProcMPEG2
                0x000000000800efb4      0x280 ./MP3Helix/src/stproc.o
                0x000000000800efb4                xmp3_IntensityProcMPEG2
 .text.xmp3_Subband
                0x000000000800f234      0x11c ./MP3Helix/src/subband.o
                0x000000000800f234                xmp3_Subband
 .text.GRAPH_getcolor_unknow
                0x000000000800f350       0x14 ./MicroGL2D/microgl2d.o
 .text.GRAPH_getcolor_R3G3B2
                0x000000000800f364       0x28 ./MicroGL2D/microgl2d.o
 .text.GRAPH_getcolor_R5G6B5
                0x000000000800f38c       0x28 ./MicroGL2D/microgl2d.o
 .text.GRAPH_getcolor_A4R4G4B4
                0x000000000800f3b4       0x24 ./MicroGL2D/microgl2d.o
 .text.GRAPH_getcolor_R8G8B8
                0x000000000800f3d8       0x18 ./MicroGL2D/microgl2d.o
 .text.GRAPH_getcolor_A8R8G8B8
                0x000000000800f3f0       0x18 ./MicroGL2D/microgl2d.o
 .text.MGL_setcolorbuffer
                0x000000000800f408      0xa4c ./MicroGL2D/microgl2d.o
 .text.MGL_GradientCreate
                0x000000000800fe54       0x14 ./MicroGL2D/microgl2d.o
                0x000000000800fe54                MGL_GradientCreate
 .text.MGL_GradientDelete
                0x000000000800fe68       0x24 ./MicroGL2D/microgl2d.o
                0x000000000800fe68                MGL_GradientDelete
 .text.MGL_GradientAddColor
                0x000000000800fe8c       0x68 ./MicroGL2D/microgl2d.o
                0x000000000800fe8c                MGL_GradientAddColor
 .text.MGL_GradientSetDeg
                0x000000000800fef4        0x4 ./MicroGL2D/microgl2d.o
                0x000000000800fef4                MGL_GradientSetDeg
 .text.MGL_ObjectAdd
                0x000000000800fef8       0x74 ./MicroGL2D/microgl2d.o
                0x000000000800fef8                MGL_ObjectAdd
 .text.MGL_ObjectsListDelete
                0x000000000800ff6c       0x44 ./MicroGL2D/microgl2d.o
                0x000000000800ff6c                MGL_ObjectsListDelete
 .text.MGL_ObjectSetTexture
                0x000000000800ffb0        0x4 ./MicroGL2D/microgl2d.o
                0x000000000800ffb0                MGL_ObjectSetTexture
 .text.MGL_ObjectSetGradient
                0x000000000800ffb4        0x4 ./MicroGL2D/microgl2d.o
                0x000000000800ffb4                MGL_ObjectSetGradient
 .text.MGL_ObjectSetTransparency
                0x000000000800ffb8        0x4 ./MicroGL2D/microgl2d.o
                0x000000000800ffb8                MGL_ObjectSetTransparency
 .text.MGL_ObjectSetVisible
                0x000000000800ffbc        0x4 ./MicroGL2D/microgl2d.o
                0x000000000800ffbc                MGL_ObjectSetVisible
 .text.MGL_SetRectangle
                0x000000000800ffc0       0x2c ./MicroGL2D/microgl2d.o
                0x000000000800ffc0                MGL_SetRectangle
 .text.MGL_SetTriangle
                0x000000000800ffec       0x64 ./MicroGL2D/microgl2d.o
                0x000000000800ffec                MGL_SetTriangle
 .text.MGL_SetCircle
                0x0000000008010050       0x10 ./MicroGL2D/microgl2d.o
                0x0000000008010050                MGL_SetCircle
 .text.MGL_SetText
                0x0000000008010060       0x1c ./MicroGL2D/microgl2d.o
                0x0000000008010060                MGL_SetText
 .text.MGL_RenderObjects
                0x000000000801007c      0x6d0 ./MicroGL2D/microgl2d.o
                0x000000000801007c                MGL_RenderObjects
 .text.MGL_ObjectMove
                0x000000000801074c       0x74 ./MicroGL2D/microgl2d.o
                0x000000000801074c                MGL_ObjectMove
 .text.MGL_ObjectListMove
                0x00000000080107c0       0x84 ./MicroGL2D/microgl2d.o
                0x00000000080107c0                MGL_ObjectListMove
 .text.MGL_ObjectListTransparency
                0x0000000008010844        0xc ./MicroGL2D/microgl2d.o
                0x0000000008010844                MGL_ObjectListTransparency
 .text.my_strcpy_fixed_sym
                0x0000000008010850       0x20 ./MyString/mystring.o
                0x0000000008010850                my_strcpy_fixed_sym
 .text.my_strcat_fixed_sym
                0x0000000008010870       0x5c ./MyString/mystring.o
                0x0000000008010870                my_strcat_fixed_sym
 .text.my_strcat
                0x00000000080108cc       0x48 ./MyString/mystring.o
                0x00000000080108cc                my_strcat
 .text.my_strcpy
                0x0000000008010914       0x18 ./MyString/mystring.o
                0x0000000008010914                my_strcpy
 .text.my_strcpy_mem
                0x000000000801092c       0x4c ./MyString/mystring.o
                0x000000000801092c                my_strcpy_mem
 .text.my_strlen
                0x0000000008010978       0x1c ./MyString/mystring.o
                0x0000000008010978                my_strlen
 .text.my_strsplice
                0x0000000008010994      0x130 ./MyString/mystring.o
                0x0000000008010994                my_strsplice
 *fill*         0x0000000008010ac4        0x4 
 .text.Init_DAC
                0x0000000008010ac8      0x224 ./PCM5102/pcm5102.o
                0x0000000008010ac8                Init_DAC
 .text.Start_DAC
                0x0000000008010cec       0xb8 ./PCM5102/pcm5102.o
                0x0000000008010cec                Start_DAC
 .text.Stop_DAC
                0x0000000008010da4       0x74 ./PCM5102/pcm5102.o
                0x0000000008010da4                Stop_DAC
 .text.Setup_DAC
                0x0000000008010e18      0x11c ./PCM5102/pcm5102.o
                0x0000000008010e18                Setup_DAC
 .text.calloc   0x0000000008010f34       0x10 f:/st/stm32cubeide_1.1.0/stm32cubeide/plugins/com.st.stm32cube.ide.mcu.externaltools.gnu-tools-for-stm32.10.3-2021.10.win32_1.0.200.202301161003/tools/bin/../lib/gcc/arm-none-eabi/10.3.1/../../../../arm-none-eabi/lib/thumb/v7e-m+fp/hard\libc_nano.a(lib_a-calloc.o)
                0x0000000008010f34                calloc
 .text.__errno  0x0000000008010f44        0xc f:/st/stm32cubeide_1.1.0/stm32cubeide/plugins/com.st.stm32cube.ide.mcu.externaltools.gnu-tools-for-stm32.10.3-2021.10.win32_1.0.200.202301161003/tools/bin/../lib/gcc/arm-none-eabi/10.3.1/../../../../arm-none-eabi/lib/thumb/v7e-m+fp/hard\libc_nano.a(lib_a-errno.o)
                0x0000000008010f44                __errno
 .text.__libc_init_array
                0x0000000008010f50       0x48 f:/st/stm32cubeide_1.1.0/stm32cubeide/plugins/com.st.stm32cube.ide.mcu.externaltools.gnu-tools-for-stm32.10.3-2021.10.win32_1.0.200.202301161003/tools/bin/../lib/gcc/arm-none-eabi/10.3.1/../../../../arm-none-eabi/lib/thumb/v7e-m+fp/hard\libc_nano.a(lib_a-init.o)
                0x0000000008010f50                __libc_init_array
 .text.malloc   0x0000000008010f98       0x10 f:/st/stm32cubeide_1.1.0/stm32cubeide/plugins/com.st.stm32cube.ide.mcu.externaltools.gnu-tools-for-stm32.10.3-2021.10.win32_1.0.200.202301161003/tools/bin/../lib/gcc/arm-none-eabi/10.3.1/../../../../arm-none-eabi/lib/thumb/v7e-m+fp/hard\libc_nano.a(lib_a-malloc.o)
                0x0000000008010f98                malloc
 .text.free     0x0000000008010fa8       0x10 f:/st/stm32cubeide_1.1.0/stm32cubeide/plugins/com.st.stm32cube.ide.mcu.externaltools.gnu-tools-for-stm32.10.3-2021.10.win32_1.0.200.202301161003/tools/bin/../lib/gcc/arm-none-eabi/10.3.1/../../../../arm-none-eabi/lib/thumb/v7e-m+fp/hard\libc_nano.a(lib_a-malloc.o)
                0x0000000008010fa8                free
 .text.memcpy   0x0000000008010fb8       0x1c f:/st/stm32cubeide_1.1.0/stm32cubeide/plugins/com.st.stm32cube.ide.mcu.externaltools.gnu-tools-for-stm32.10.3-2021.10.win32_1.0.200.202301161003/tools/bin/../lib/gcc/arm-none-eabi/10.3.1/../../../../arm-none-eabi/lib/thumb/v7e-m+fp/hard\libc_nano.a(lib_a-memcpy-stub.o)
                0x0000000008010fb8                memcpy
 .text.memmove  0x0000000008010fd4       0x34 f:/st/stm32cubeide_1.1.0/stm32cubeide/plugins/com.st.stm32cube.ide.mcu.externaltools.gnu-tools-for-stm32.10.3-2021.10.win32_1.0.200.202301161003/tools/bin/../lib/gcc/arm-none-eabi/10.3.1/../../../../arm-none-eabi/lib/thumb/v7e-m+fp/hard\libc_nano.a(lib_a-memmove.o)
                0x0000000008010fd4                memmove
 .text.memset   0x0000000008011008       0x10 f:/st/stm32cubeide_1.1.0/stm32cubeide/plugins/com.st.stm32cube.ide.mcu.externaltools.gnu-tools-for-stm32.10.3-2021.10.win32_1.0.200.202301161003/tools/bin/../lib/gcc/arm-none-eabi/10.3.1/../../../../arm-none-eabi/lib/thumb/v7e-m+fp/hard\libc_nano.a(lib_a-memset.o)
                0x0000000008011008                memset
 .text._calloc_r
                0x0000000008011018       0x2c f:/st/stm32cubeide_1.1.0/stm32cubeide/plugins/com.st.stm32cube.ide.mcu.externaltools.gnu-tools-for-stm32.10.3-2021.10.win32_1.0.200.202301161003/tools/bin/../lib/gcc/arm-none-eabi/10.3.1/../../../../arm-none-eabi/lib/thumb/v7e-m+fp/hard\libc_nano.a(lib_a-nano-callocr.o)
                0x0000000008011018                _calloc_r
 .text._free_r  0x0000000008011044       0x98 f:/st/stm32cubeide_1.1.0/stm32cubeide/plugins/com.st.stm32cube.ide.mcu.externaltools.gnu-tools-for-stm32.10.3-2021.10.win32_1.0.200.202301161003/tools/bin/../lib/gcc/arm-none-eabi/10.3.1/../../../../arm-none-eabi/lib/thumb/v7e-m+fp/hard\libc_nano.a(lib_a-nano-freer.o)
                0x0000000008011044                _free_r
 .text.sbrk_aligned
                0x00000000080110dc       0x40 f:/st/stm32cubeide_1.1.0/stm32cubeide/plugins/com.st.stm32cube.ide.mcu.externaltools.gnu-tools-for-stm32.10.3-2021.10.win32_1.0.200.202301161003/tools/bin/../lib/gcc/arm-none-eabi/10.3.1/../../../../arm-none-eabi/lib/thumb/v7e-m+fp/hard\libc_nano.a(lib_a-nano-mallocr.o)
 .text._malloc_r
                0x000000000801111c       0xe8 f:/st/stm32cubeide_1.1.0/stm32cubeide/plugins/com.st.stm32cube.ide.mcu.externaltools.gnu-tools-for-stm32.10.3-2021.10.win32_1.0.200.202301161003/tools/bin/../lib/gcc/arm-none-eabi/10.3.1/../../../../arm-none-eabi/lib/thumb/v7e-m+fp/hard\libc_nano.a(lib_a-nano-mallocr.o)
                0x000000000801111c                _malloc_r
 .text.realloc  0x0000000008011204       0x10 f:/st/stm32cubeide_1.1.0/stm32cubeide/plugins/com.st.stm32cube.ide.mcu.externaltools.gnu-tools-for-stm32.10.3-2021.10.win32_1.0.200.202301161003/tools/bin/../lib/gcc/arm-none-eabi/10.3.1/../../../../arm-none-eabi/lib/thumb/v7e-m+fp/hard\libc_nano.a(lib_a-realloc.o)
                0x0000000008011204                realloc
 .text._sbrk_r  0x0000000008011214       0x20 f:/st/stm32cubeide_1.1.0/stm32cubeide/plugins/com.st.stm32cube.ide.mcu.externaltools.gnu-tools-for-stm32.10.3-2021.10.win32_1.0.200.202301161003/tools/bin/../lib/gcc/arm-none-eabi/10.3.1/../../../../arm-none-eabi/lib/thumb/v7e-m+fp/hard\libc_nano.a(lib_a-sbrkr.o)
                0x0000000008011214                _sbrk_r
 .text.strstr   0x0000000008011234       0x2c f:/st/stm32cubeide_1.1.0/stm32cubeide/plugins/com.st.stm32cube.ide.mcu.externaltools.gnu-tools-for-stm32.10.3-2021.10.win32_1.0.200.202301161003/tools/bin/../lib/gcc/arm-none-eabi/10.3.1/../../../../arm-none-eabi/lib/thumb/v7e-m+fp/hard\libc_nano.a(lib_a-strstr.o)
                0x0000000008011234                strstr
 .text.__utoa   0x0000000008011260       0x84 f:/st/stm32cubeide_1.1.0/stm32cubeide/plugins/com.st.stm32cube.ide.mcu.externaltools.gnu-tools-for-stm32.10.3-2021.10.win32_1.0.200.202301161003/tools/bin/../lib/gcc/arm-none-eabi/10.3.1/../../../../arm-none-eabi/lib/thumb/v7e-m+fp/hard\libc_nano.a(lib_a-utoa.o)
                0x0000000008011260                __utoa
 .text.utoa     0x00000000080112e4        0x4 f:/st/stm32cubeide_1.1.0/stm32cubeide/plugins/com.st.stm32cube.ide.mcu.externaltools.gnu-tools-for-stm32.10.3-2021.10.win32_1.0.200.202301161003/tools/bin/../lib/gcc/arm-none-eabi/10.3.1/../../../../arm-none-eabi/lib/thumb/v7e-m+fp/hard\libc_nano.a(lib_a-utoa.o)
                0x00000000080112e4                utoa
 .text.__malloc_lock
                0x00000000080112e8        0xc f:/st/stm32cubeide_1.1.0/stm32cubeide/plugins/com.st.stm32cube.ide.mcu.externaltools.gnu-tools-for-stm32.10.3-2021.10.win32_1.0.200.202301161003/tools/bin/../lib/gcc/arm-none-eabi/10.3.1/../../../../arm-none-eabi/lib/thumb/v7e-m+fp/hard\libc_nano.a(lib_a-mlock.o)
                0x00000000080112e8                __malloc_lock
 .text.__malloc_unlock
                0x00000000080112f4        0xc f:/st/stm32cubeide_1.1.0/stm32cubeide/plugins/com.st.stm32cube.ide.mcu.externaltools.gnu-tools-for-stm32.10.3-2021.10.win32_1.0.200.202301161003/tools/bin/../lib/gcc/arm-none-eabi/10.3.1/../../../../arm-none-eabi/lib/thumb/v7e-m+fp/hard\libc_nano.a(lib_a-mlock.o)
                0x00000000080112f4                __malloc_unlock
 .text._realloc_r
                0x0000000008011300       0x5e f:/st/stm32cubeide_1.1.0/stm32cubeide/plugins/com.st.stm32cube.ide.mcu.externaltools.gnu-tools-for-stm32.10.3-2021.10.win32_1.0.200.202301161003/tools/bin/../lib/gcc/arm-none-eabi/10.3.1/../../../../arm-none-eabi/lib/thumb/v7e-m+fp/hard\libc_nano.a(lib_a-nano-reallocr.o)
                0x0000000008011300                _realloc_r
 .text.__retarget_lock_acquire_recursive
                0x000000000801135e        0x2 f:/st/stm32cubeide_1.1.0/stm32cubeide/plugins/com.st.stm32cube.ide.mcu.externaltools.gnu-tools-for-stm32.10.3-2021.10.win32_1.0.200.202301161003/tools/bin/../lib/gcc/arm-none-eabi/10.3.1/../../../../arm-none-eabi/lib/thumb/v7e-m+fp/hard\libc_nano.a(lib_a-lock.o)
                0x000000000801135e                __retarget_lock_acquire_recursive
 .text.__retarget_lock_release_recursive
                0x0000000008011360        0x2 f:/st/stm32cubeide_1.1.0/stm32cubeide/plugins/com.st.stm32cube.ide.mcu.externaltools.gnu-tools-for-stm32.10.3-2021.10.win32_1.0.200.202301161003/tools/bin/../lib/gcc/arm-none-eabi/10.3.1/../../../../arm-none-eabi/lib/thumb/v7e-m+fp/hard\libc_nano.a(lib_a-lock.o)
                0x0000000008011360                __retarget_lock_release_recursive
 .text._malloc_usable_size_r
                0x0000000008011362       0x10 f:/st/stm32cubeide_1.1.0/stm32cubeide/plugins/com.st.stm32cube.ide.mcu.externaltools.gnu-tools-for-stm32.10.3-2021.10.win32_1.0.200.202301161003/tools/bin/../lib/gcc/arm-none-eabi/10.3.1/../../../../arm-none-eabi/lib/thumb/v7e-m+fp/hard\libc_nano.a(lib_a-nano-msizer.o)
                0x0000000008011362                _malloc_usable_size_r
 *(.glue_7)
 .glue_7        0x0000000008011372        0x0 linker stubs
 *(.glue_7t)
 .glue_7t       0x0000000008011372        0x0 linker stubs
 *(.eh_frame)
 *fill*         0x0000000008011372        0x2 
 .eh_frame      0x0000000008011374        0x0 f:/st/stm32cubeide_1.1.0/stm32cubeide/plugins/com.st.stm32cube.ide.mcu.externaltools.gnu-tools-for-stm32.10.3-2021.10.win32_1.0.200.202301161003/tools/bin/../lib/gcc/arm-none-eabi/10.3.1/thumb/v7e-m+fp/hard/crtbegin.o
 *(.init)
 .init          0x0000000008011374        0x4 f:/st/stm32cubeide_1.1.0/stm32cubeide/plugins/com.st.stm32cube.ide.mcu.externaltools.gnu-tools-for-stm32.10.3-2021.10.win32_1.0.200.202301161003/tools/bin/../lib/gcc/arm-none-eabi/10.3.1/thumb/v7e-m+fp/hard/crti.o
                0x0000000008011374                _init
 .init          0x0000000008011378        0x8 f:/st/stm32cubeide_1.1.0/stm32cubeide/plugins/com.st.stm32cube.ide.mcu.externaltools.gnu-tools-for-stm32.10.3-2021.10.win32_1.0.200.202301161003/tools/bin/../lib/gcc/arm-none-eabi/10.3.1/thumb/v7e-m+fp/hard/crtn.o
 *(.fini)
 .fini          0x0000000008011380        0x4 f:/st/stm32cubeide_1.1.0/stm32cubeide/plugins/com.st.stm32cube.ide.mcu.externaltools.gnu-tools-for-stm32.10.3-2021.10.win32_1.0.200.202301161003/tools/bin/../lib/gcc/arm-none-eabi/10.3.1/thumb/v7e-m+fp/hard/crti.o
                0x0000000008011380                _fini
 .fini          0x0000000008011384        0x8 f:/st/stm32cubeide_1.1.0/stm32cubeide/plugins/com.st.stm32cube.ide.mcu.externaltools.gnu-tools-for-stm32.10.3-2021.10.win32_1.0.200.202301161003/tools/bin/../lib/gcc/arm-none-eabi/10.3.1/thumb/v7e-m+fp/hard/crtn.o
                0x000000000801138c                . = ALIGN (0x4)
                0x000000000801138c                _etext = .

.vfp11_veneer   0x000000000801138c        0x0
 .vfp11_veneer  0x000000000801138c        0x0 linker stubs

.v4_bx          0x000000000801138c        0x0
 .v4_bx         0x000000000801138c        0x0 linker stubs

.iplt           0x000000000801138c        0x0
 .iplt          0x000000000801138c        0x0 f:/st/stm32cubeide_1.1.0/stm32cubeide/plugins/com.st.stm32cube.ide.mcu.externaltools.gnu-tools-for-stm32.10.3-2021.10.win32_1.0.200.202301161003/tools/bin/../lib/gcc/arm-none-eabi/10.3.1/thumb/v7e-m+fp/hard/crtbegin.o

.rodata         0x000000000801138c     0x7f10
                0x000000000801138c                . = ALIGN (0x4)
 *(.rodata)
 .rodata        0x000000000801138c       0x9a ./AVI/avi.o
 *fill*         0x0000000008011426        0x2 
 .rodata        0x0000000008011428       0x26 ./AVI/mp3_callback.o
 *fill*         0x000000000801144e        0x2 
 .rodata        0x0000000008011450       0x38 ./Core/Src/main.o
 .rodata        0x0000000008011488       0xa8 ./PCM5102/pcm5102.o
 *(.rodata*)
 .rodata.PlayAVI.str1.4
                0x0000000008011530       0x3a ./AVI/avi.o
 *fill*         0x000000000801156a        0x2 
 .rodata.AVIIntro.str1.4
                0x000000000801156c       0x23 ./AVI/avi.o
 *fill*         0x000000000801158f        0x1 
 .rodata.fon_data
                0x0000000008011590      0xb60 ./AVI/jpeg_data.o
                0x0000000008011590                fon_data
 .rodata.fon_file
                0x00000000080120f0        0x8 ./AVI/jpeg_data.o
                0x00000000080120f0                fon_file
 .rodata.image_avatar
                0x00000000080120f8       0x10 ./AVI/textures.o
                0x00000000080120f8                image_avatar
 .rodata.image_data_avatar
                0x0000000008012108      0xc80 ./AVI/textures.o
                0x0000000008012108                image_data_avatar
 .rodata.image_data_volume
                0x0000000008012d88      0x800 ./AVI/textures.o
                0x0000000008012d88                image_data_volume
 .rodata.image_data_x
                0x0000000008013588      0x800 ./AVI/textures.o
                0x0000000008013588                image_data_x
 .rodata.image_volume
                0x0000000008013d88       0x10 ./AVI/textures.o
                0x0000000008013d88                image_volume
 .rodata.image_x
                0x0000000008013d98       0x10 ./AVI/textures.o
                0x0000000008013d98                image_x
 .rodata.main.str1.4
                0x0000000008013da8       0x13 ./Core/Src/main.o
 *fill*         0x0000000008013dbb        0x1 
 .rodata.STREAM_OFFSET_TAB
                0x0000000008013dbc        0x8 ./Display/display.o
 .rodata.Font8x13
                0x0000000008013dc4      0xb60 ./Display/fonts.o
 .rodata.ENCODER_inc_tbl
                0x0000000008014924       0x10 ./Encoder/encoder.o
 .rodata.check_fs.str1.4
                0x0000000008014934        0x9 ./FATFS/ff.o
 *fill*         0x000000000801493d        0x3 
 .rodata.follow_path.str1.4
                0x0000000008014940       0x13 ./FATFS/ff.o
 *fill*         0x0000000008014953        0x1 
 .rodata.ExCvt  0x0000000008014954       0x80 ./FATFS/ff.o
 .rodata.LfnOfs
                0x00000000080149d4        0xd ./FATFS/ff.o
 *fill*         0x00000000080149e1        0x3 
 .rodata.cvt1.1
                0x00000000080149e4      0x1f2 ./FATFS/ffunicode.o
 *fill*         0x0000000008014bd6        0x2 
 .rodata.cvt2.0
                0x0000000008014bd8       0xbc ./FATFS/ffunicode.o
 .rodata.uc866  0x0000000008014c94      0x100 ./FATFS/ffunicode.o
 .rodata.FileManagerShow.str1.4
                0x0000000008014d94        0x6 ./FileManager/filemanager.o
                                          0xa (size before relaxing)
 .rodata.FileManagerNew.str1.4
                0x0000000008014d9a        0x6 ./FileManager/filemanager.o
                                          0x1 (size before relaxing)
 *fill*         0x0000000008014d9a        0x2 
 .rodata.FM_audio_types
                0x0000000008014d9c       0xa2 ./FileManager/filemanager.o
                0x0000000008014d9c                FM_audio_types
 *fill*         0x0000000008014e3e        0x2 
 .rodata.FM_data_types
                0x0000000008014e40       0xba ./FileManager/filemanager.o
                0x0000000008014e40                FM_data_types
 *fill*         0x0000000008014efa        0x2 
 .rodata.FM_picture_types
                0x0000000008014efc       0xac ./FileManager/filemanager.o
                0x0000000008014efc                FM_picture_types
 .rodata.FM_video_types
                0x0000000008014fa8       0x78 ./FileManager/filemanager.o
                0x0000000008014fa8                FM_video_types
 .rodata.Icon_Audio
                0x0000000008015020        0x8 ./FileManager/icons.o
                0x0000000008015020                Icon_Audio
 .rodata.Icon_Catalog
                0x0000000008015028        0x8 ./FileManager/icons.o
                0x0000000008015028                Icon_Catalog
 .rodata.Icon_Other
                0x0000000008015030        0x8 ./FileManager/icons.o
                0x0000000008015030                Icon_Other
 .rodata.Icon_Picture
                0x0000000008015038        0x8 ./FileManager/icons.o
                0x0000000008015038                Icon_Picture
 .rodata.Icon_Prev
                0x0000000008015040        0x8 ./FileManager/icons.o
                0x0000000008015040                Icon_Prev
 .rodata.Icon_Text
                0x0000000008015048        0x8 ./FileManager/icons.o
                0x0000000008015048                Icon_Text
 .rodata.Icon_Video
                0x0000000008015050        0x8 ./FileManager/icons.o
                0x0000000008015050                Icon_Video
 .rodata.image_data_audio
                0x0000000008015058      0x1e0 ./FileManager/icons.o
                0x0000000008015058                image_data_audio
 .rodata.image_data_catalog
                0x0000000008015238      0x1e0 ./FileManager/icons.o
                0x0000000008015238                image_data_catalog
 .rodata.image_data_other
                0x0000000008015418      0x1e0 ./FileManager/icons.o
                0x0000000008015418                image_data_other
 .rodata.image_data_picture
                0x00000000080155f8      0x1e0 ./FileManager/icons.o
                0x00000000080155f8                image_data_picture
 .rodata.image_data_prev
                0x00000000080157d8      0x1e0 ./FileManager/icons.o
                0x00000000080157d8                image_data_prev
 .rodata.image_data_text
                0x00000000080159b8      0x1e0 ./FileManager/icons.o
                0x00000000080159b8                image_data_text
 .rodata.image_data_video
                0x0000000008015b98      0x1e0 ./FileManager/icons.o
                0x0000000008015b98                image_data_video
 .rodata.Ipsf   0x0000000008015d78       0x80 ./JPEG/tjpgd.o
 .rodata.Zig    0x0000000008015df8       0x40 ./JPEG/tjpgd.o
 .rodata.dcttab
                0x0000000008015e38       0xc0 ./MP3Helix/src/dct32.o
 .rodata.pow14  0x0000000008015ef8       0x10 ./MP3Helix/src/dqchan.o
 .rodata.pow2exp
                0x0000000008015f08       0x20 ./MP3Helix/src/dqchan.o
 .rodata.pow2frac
                0x0000000008015f28       0x20 ./MP3Helix/src/dqchan.o
 .rodata.pow43  0x0000000008015f48       0xc0 ./MP3Helix/src/dqchan.o
 .rodata.pow43_14
                0x0000000008016008      0x100 ./MP3Helix/src/dqchan.o
 .rodata.preTab
                0x0000000008016108       0x16 ./MP3Helix/src/dqchan.o
 *fill*         0x000000000801611e        0x2 
 .rodata.xmp3_huffTabLookup
                0x0000000008016120      0x100 ./MP3Helix/src/hufftabs.o
                0x0000000008016120                xmp3_huffTabLookup
 .rodata.xmp3_huffTabOffset
                0x0000000008016220       0x80 ./MP3Helix/src/hufftabs.o
                0x0000000008016220                xmp3_huffTabOffset
 .rodata.xmp3_huffTable
                0x00000000080162a0     0x2124 ./MP3Helix/src/hufftabs.o
                0x00000000080162a0                xmp3_huffTable
 .rodata.xmp3_quadTabMaxBits
                0x00000000080183c4        0x8 ./MP3Helix/src/hufftabs.o
                0x00000000080183c4                xmp3_quadTabMaxBits
 .rodata.xmp3_quadTabOffset
                0x00000000080183cc        0x8 ./MP3Helix/src/hufftabs.o
                0x00000000080183cc                xmp3_quadTabOffset
 .rodata.xmp3_quadTable
                0x00000000080183d4       0x50 ./MP3Helix/src/hufftabs.o
                0x00000000080183d4                xmp3_quadTable
 .rodata.c18    0x0000000008018424       0x24 ./MP3Helix/src/imdct.o
 .rodata.fastWin36
                0x0000000008018448       0x48 ./MP3Helix/src/imdct.o
 .rodata.xmp3_bitrateTab
                0x0000000008018490      0x10e ./MP3Helix/src/mp3tabs.o
                0x0000000008018490                xmp3_bitrateTab
 *fill*         0x000000000801859e        0x2 
 .rodata.xmp3_samplerateTab
                0x00000000080185a0       0x24 ./MP3Helix/src/mp3tabs.o
                0x00000000080185a0                xmp3_samplerateTab
 .rodata.xmp3_samplesPerFrameTab
                0x00000000080185c4       0x12 ./MP3Helix/src/mp3tabs.o
                0x00000000080185c4                xmp3_samplesPerFrameTab
 *fill*         0x00000000080185d6        0x2 
 .rodata.xmp3_sfBandTable
                0x00000000080185d8      0x29a ./MP3Helix/src/mp3tabs.o
                0x00000000080185d8                xmp3_sfBandTable
 *fill*         0x0000000008018872        0x2 
 .rodata.xmp3_sideBytesTab
                0x0000000008018874        0xc ./MP3Helix/src/mp3tabs.o
                0x0000000008018874                xmp3_sideBytesTab
 .rodata.xmp3_slotTab
                0x0000000008018880      0x10e ./MP3Helix/src/mp3tabs.o
                0x0000000008018880                xmp3_slotTab
 *fill*         0x000000000801898e        0x2 
 .rodata.SFLenTab
                0x0000000008018990       0x20 ./MP3Helix/src/scalfact.o
 .rodata.xmp3_ISFIIP
                0x00000000080189b0       0x10 ./MP3Helix/src/trigtabs.o
                0x00000000080189b0                xmp3_ISFIIP
 .rodata.xmp3_ISFMpeg1
                0x00000000080189c0       0x38 ./MP3Helix/src/trigtabs.o
                0x00000000080189c0                xmp3_ISFMpeg1
 .rodata.xmp3_ISFMpeg2
                0x00000000080189f8      0x100 ./MP3Helix/src/trigtabs.o
                0x00000000080189f8                xmp3_ISFMpeg2
 .rodata.xmp3_csa
                0x0000000008018af8       0x40 ./MP3Helix/src/trigtabs.o
                0x0000000008018af8                xmp3_csa
 .rodata.xmp3_imdctWin
                0x0000000008018b38      0x240 ./MP3Helix/src/trigtabs.o
                0x0000000008018b38                xmp3_imdctWin
 .rodata.xmp3_polyCoef
                0x0000000008018d78      0x420 ./MP3Helix/src/trigtabs.o
                0x0000000008018d78                xmp3_polyCoef
 .rodata.CSWTCH.32
                0x0000000008019198        0x5 ./MicroGL2D/microgl2d.o
 *fill*         0x000000000801919d        0x3 
 .rodata.CSWTCH.33
                0x00000000080191a0       0x14 ./MicroGL2D/microgl2d.o
 .rodata.sin_tbl_int
                0x00000000080191b4       0xb6 ./MicroGL2D/microgl2d.o
                0x00000000080191b4                sin_tbl_int
 *fill*         0x000000000801926a        0x2 
 .rodata.STREAM_OFFSET_TAB
                0x000000000801926c        0x8 ./PCM5102/pcm5102.o
 .rodata.__utoa.str1.1
                0x0000000008019274       0x25 f:/st/stm32cubeide_1.1.0/stm32cubeide/plugins/com.st.stm32cube.ide.mcu.externaltools.gnu-tools-for-stm32.10.3-2021.10.win32_1.0.200.202301161003/tools/bin/../lib/gcc/arm-none-eabi/10.3.1/../../../../arm-none-eabi/lib/thumb/v7e-m+fp/hard\libc_nano.a(lib_a-utoa.o)
                0x000000000801929c                . = ALIGN (0x4)
 *fill*         0x0000000008019299        0x3 

.ARM.extab      0x000000000801929c        0x0
                0x000000000801929c                . = ALIGN (0x4)
 *(.ARM.extab* .gnu.linkonce.armextab.*)
                0x000000000801929c                . = ALIGN (0x4)

.ARM            0x000000000801929c        0x8
                0x000000000801929c                . = ALIGN (0x4)
                0x000000000801929c                __exidx_start = .
 *(.ARM.exidx*)
 .ARM.exidx     0x000000000801929c        0x8 f:/st/stm32cubeide_1.1.0/stm32cubeide/plugins/com.st.stm32cube.ide.mcu.externaltools.gnu-tools-for-stm32.10.3-2021.10.win32_1.0.200.202301161003/tools/bin/../lib/gcc/arm-none-eabi/10.3.1/thumb/v7e-m+fp/hard\libgcc.a(_udivmoddi4.o)
                0x00000000080192a4                __exidx_end = .
                0x00000000080192a4                . = ALIGN (0x4)

.rel.dyn        0x00000000080192a4        0x0
 .rel.iplt      0x00000000080192a4        0x0 f:/st/stm32cubeide_1.1.0/stm32cubeide/plugins/com.st.stm32cube.ide.mcu.externaltools.gnu-tools-for-stm32.10.3-2021.10.win32_1.0.200.202301161003/tools/bin/../lib/gcc/arm-none-eabi/10.3.1/thumb/v7e-m+fp/hard/crtbegin.o

.preinit_array  0x00000000080192a4        0x0
                0x00000000080192a4                . = ALIGN (0x4)
                0x00000000080192a4                PROVIDE (__preinit_array_start = .)
 *(.preinit_array*)
                0x00000000080192a4                PROVIDE (__preinit_array_end = .)
                0x00000000080192a4                . = ALIGN (0x4)

.init_array     0x00000000080192a4        0x4
                0x00000000080192a4                . = ALIGN (0x4)
                0x00000000080192a4                PROVIDE (__init_array_start = .)
 *(SORT_BY_NAME(.init_array.*))
 *(.init_array*)
 .init_array    0x00000000080192a4        0x4 f:/st/stm32cubeide_1.1.0/stm32cubeide/plugins/com.st.stm32cube.ide.mcu.externaltools.gnu-tools-for-stm32.10.3-2021.10.win32_1.0.200.202301161003/tools/bin/../lib/gcc/arm-none-eabi/10.3.1/thumb/v7e-m+fp/hard/crtbegin.o
                0x00000000080192a8                PROVIDE (__init_array_end = .)
                0x00000000080192a8                . = ALIGN (0x4)

.fini_array     0x00000000080192a8        0x4
                0x00000000080192a8                . = ALIGN (0x4)
                [!provide]                        PROVIDE (__fini_array_start = .)
 *(SORT_BY_NAME(.fini_array.*))
 *(.fini_array*)
 .fini_array    0x00000000080192a8        0x4 f:/st/stm32cubeide_1.1.0/stm32cubeide/plugins/com.st.stm32cube.ide.mcu.externaltools.gnu-tools-for-stm32.10.3-2021.10.win32_1.0.200.202301161003/tools/bin/../lib/gcc/arm-none-eabi/10.3.1/thumb/v7e-m+fp/hard/crtbegin.o
                [!provide]                        PROVIDE (__fini_array_end = .)
                0x00000000080192ac                . = ALIGN (0x4)
                0x00000000080192ac                _sidata = LOADADDR (.data)

.data           0x0000000020000000      0x130 load address 0x00000000080192ac
                0x0000000020000000                . = ALIGN (0x4)
                0x0000000020000000                _sdata = .
 *(.data)
 *(.data*)
 .data.AVI_color_mode
                0x0000000020000000        0x1 ./AVI/avi.o
                0x0000000020000000                AVI_color_mode
 .data.AVI_volume
                0x0000000020000001        0x1 ./AVI/avi.o
                0x0000000020000001                AVI_volume
 *fill*         0x0000000020000002        0x2 
 .data.SystemCoreClock
                0x0000000020000004        0x4 ./Core/Src/system_stm32f4xx.o
                0x0000000020000004                SystemCoreClock
 .data.Font_8x13
                0x0000000020000008        0xc ./Display/fonts.o
                0x0000000020000008                Font_8x13
 .data.ili9341_init_str
                0x0000000020000014       0x91 ./Display/ili9341.o
                0x0000000020000014                ili9341_init_str
 *fill*         0x00000000200000a5        0x3 
 .data.ili9341_setwin_str
                0x00000000200000a8       0x12 ./Display/ili9341.o
                0x00000000200000a8                ili9341_setwin_str
 *fill*         0x00000000200000ba        0x2 
 .data.ili9341_sleepin_str
                0x00000000200000bc        0x6 ./Display/ili9341.o
                0x00000000200000bc                ili9341_sleepin_str
 *fill*         0x00000000200000c2        0x2 
 .data.ili9341_sleepout_str
                0x00000000200000c4        0x6 ./Display/ili9341.o
                0x00000000200000c4                ili9341_sleepout_str
 .data.Stat     0x00000000200000ca        0x1 ./FATFS/user_diskio_spi.o
 *fill*         0x00000000200000cb        0x1 
 .data._impure_ptr
                0x00000000200000cc        0x4 f:/st/stm32cubeide_1.1.0/stm32cubeide/plugins/com.st.stm32cube.ide.mcu.externaltools.gnu-tools-for-stm32.10.3-2021.10.win32_1.0.200.202301161003/tools/bin/../lib/gcc/arm-none-eabi/10.3.1/../../../../arm-none-eabi/lib/thumb/v7e-m+fp/hard\libc_nano.a(lib_a-impure.o)
                0x00000000200000cc                _impure_ptr
 .data.impure_data
                0x00000000200000d0       0x60 f:/st/stm32cubeide_1.1.0/stm32cubeide/plugins/com.st.stm32cube.ide.mcu.externaltools.gnu-tools-for-stm32.10.3-2021.10.win32_1.0.200.202301161003/tools/bin/../lib/gcc/arm-none-eabi/10.3.1/../../../../arm-none-eabi/lib/thumb/v7e-m+fp/hard\libc_nano.a(lib_a-impure.o)
 *(.RamFunc)
 *(.RamFunc*)
                0x0000000020000130                . = ALIGN (0x4)
                0x0000000020000130                _edata = .

.igot.plt       0x0000000020000130        0x0 load address 0x00000000080193dc
 .igot.plt      0x0000000020000130        0x0 f:/st/stm32cubeide_1.1.0/stm32cubeide/plugins/com.st.stm32cube.ide.mcu.externaltools.gnu-tools-for-stm32.10.3-2021.10.win32_1.0.200.202301161003/tools/bin/../lib/gcc/arm-none-eabi/10.3.1/thumb/v7e-m+fp/hard/crtbegin.o
                0x0000000020000130                . = ALIGN (0x4)

.bss            0x0000000020000130     0x33e0 load address 0x00000000080193dc
                0x0000000020000130                _sbss = .
                0x0000000020000130                __bss_start__ = _sbss
 *(.bss)
 .bss           0x0000000020000130       0x1c f:/st/stm32cubeide_1.1.0/stm32cubeide/plugins/com.st.stm32cube.ide.mcu.externaltools.gnu-tools-for-stm32.10.3-2021.10.win32_1.0.200.202301161003/tools/bin/../lib/gcc/arm-none-eabi/10.3.1/thumb/v7e-m+fp/hard/crtbegin.o
 *(.bss*)
 .bss.AVI_osd   0x000000002000014c        0x4 ./AVI/avi.o
                0x000000002000014c                AVI_osd
 .bss.player1   0x0000000020000150        0x4 ./AVI/player.o
                0x0000000020000150                player1
 .bss.FatFS     0x0000000020000154      0x22c ./Core/Src/main.o
                0x0000000020000154                FatFS
 .bss.Path      0x0000000020000380        0x4 ./Core/Src/main.o
                0x0000000020000380                Path
 .bss.encoder1  0x0000000020000384       0x2c ./Core/Src/main.o
                0x0000000020000384                encoder1
 .bss.millis    0x00000000200003b0        0x4 ./Core/Src/main.o
                0x00000000200003b0                millis
 .bss.__sbrk_heap_end
                0x00000000200003b4        0x4 ./Core/Src/sysmem.o
 .bss.LCD       0x00000000200003b8        0x4 ./Display/display.o
                0x00000000200003b8                LCD
 .bss.FatFs     0x00000000200003bc        0x4 ./FATFS/ff.o
 .bss.Fsid      0x00000000200003c0        0x2 ./FATFS/ff.o
 *fill*         0x00000000200003c2        0x2 
 .bss.LfnBuf    0x00000000200003c4      0x200 ./FATFS/ff.o
 .bss.CardType  0x00000000200005c4        0x1 ./FATFS/user_diskio_spi.o
 *fill*         0x00000000200005c5        0x3 
 .bss.OSD_cycle_counter
                0x00000000200005c8        0x4 ./JPEG/jpeg_chan.o
                0x00000000200005c8                OSD_cycle_counter
 .bss.work_buffer
                0x00000000200005cc     0x2ee0 ./JPEG/jpeg_chan.o
                0x00000000200005cc                work_buffer
 .bss.KEYB_all_button
                0x00000000200034ac        0x1 ./Keyboard/keyboard.o
                0x00000000200034ac                KEYB_all_button
 .bss.KEYB_count_key
                0x00000000200034ad        0x1 ./Keyboard/keyboard.o
                0x00000000200034ad                KEYB_count_key
 *fill*         0x00000000200034ae        0x2 
 .bss.KEYB_key_buff
                0x00000000200034b0       0x50 ./Keyboard/keyboard.o
                0x00000000200034b0                KEYB_key_buff
 .bss.__malloc_free_list
                0x0000000020003500        0x4 f:/st/stm32cubeide_1.1.0/stm32cubeide/plugins/com.st.stm32cube.ide.mcu.externaltools.gnu-tools-for-stm32.10.3-2021.10.win32_1.0.200.202301161003/tools/bin/../lib/gcc/arm-none-eabi/10.3.1/../../../../arm-none-eabi/lib/thumb/v7e-m+fp/hard\libc_nano.a(lib_a-nano-mallocr.o)
                0x0000000020003500                __malloc_free_list
 .bss.__malloc_sbrk_start
                0x0000000020003504        0x4 f:/st/stm32cubeide_1.1.0/stm32cubeide/plugins/com.st.stm32cube.ide.mcu.externaltools.gnu-tools-for-stm32.10.3-2021.10.win32_1.0.200.202301161003/tools/bin/../lib/gcc/arm-none-eabi/10.3.1/../../../../arm-none-eabi/lib/thumb/v7e-m+fp/hard\libc_nano.a(lib_a-nano-mallocr.o)
                0x0000000020003504                __malloc_sbrk_start
 .bss.errno     0x0000000020003508        0x4 f:/st/stm32cubeide_1.1.0/stm32cubeide/plugins/com.st.stm32cube.ide.mcu.externaltools.gnu-tools-for-stm32.10.3-2021.10.win32_1.0.200.202301161003/tools/bin/../lib/gcc/arm-none-eabi/10.3.1/../../../../arm-none-eabi/lib/thumb/v7e-m+fp/hard\libc_nano.a(lib_a-reent.o)
                0x0000000020003508                errno
 .bss.__lock___malloc_recursive_mutex
                0x000000002000350c        0x1 f:/st/stm32cubeide_1.1.0/stm32cubeide/plugins/com.st.stm32cube.ide.mcu.externaltools.gnu-tools-for-stm32.10.3-2021.10.win32_1.0.200.202301161003/tools/bin/../lib/gcc/arm-none-eabi/10.3.1/../../../../arm-none-eabi/lib/thumb/v7e-m+fp/hard\libc_nano.a(lib_a-lock.o)
                0x000000002000350c                __lock___malloc_recursive_mutex
 *(COMMON)
                0x0000000020003510                . = ALIGN (0x4)
 *fill*         0x000000002000350d        0x3 
                0x0000000020003510                _ebss = .
                0x0000000020003510                __bss_end__ = _ebss

._user_heap_stack
                0x0000000020003510      0x600 load address 0x00000000080193dc
                0x0000000020003510                . = ALIGN (0x8)
                [!provide]                        PROVIDE (end = .)
                0x0000000020003510                PROVIDE (_end = .)
                0x0000000020003710                . = (. + _Min_Heap_Size)
 *fill*         0x0000000020003510      0x200 
                0x0000000020003b10                . = (. + _Min_Stack_Size)
 *fill*         0x0000000020003710      0x400 
                0x0000000020003b10                . = ALIGN (0x8)

/DISCARD/
 libc.a(*)
 libm.a(*)
 libgcc.a(*)

.ARM.attributes
                0x0000000000000000       0x30
 *(.ARM.attributes)
 .ARM.attributes
                0x0000000000000000       0x1e f:/st/stm32cubeide_1.1.0/stm32cubeide/plugins/com.st.stm32cube.ide.mcu.externaltools.gnu-tools-for-stm32.10.3-2021.10.win32_1.0.200.202301161003/tools/bin/../lib/gcc/arm-none-eabi/10.3.1/thumb/v7e-m+fp/hard/crti.o
 .ARM.attributes
                0x000000000000001e       0x34 f:/st/stm32cubeide_1.1.0/stm32cubeide/plugins/com.st.stm32cube.ide.mcu.externaltools.gnu-tools-for-stm32.10.3-2021.10.win32_1.0.200.202301161003/tools/bin/../lib/gcc/arm-none-eabi/10.3.1/thumb/v7e-m+fp/hard/crtbegin.o
 .ARM.attributes
                0x0000000000000052       0x30 ./AVI/avi.o
 .ARM.attributes
                0x0000000000000082       0x30 ./AVI/jpeg_data.o
 .ARM.attributes
                0x00000000000000b2       0x30 ./AVI/mp3_callback.o
 .ARM.attributes
                0x00000000000000e2       0x30 ./AVI/player.o
 .ARM.attributes
                0x0000000000000112       0x30 ./AVI/riff_read_header.o
 .ARM.attributes
                0x0000000000000142       0x30 ./AVI/textures.o
 .ARM.attributes
                0x0000000000000172       0x25 ./Core/Src/asm.o
 .ARM.attributes
                0x0000000000000197       0x30 ./Core/Src/main.o
 .ARM.attributes
                0x00000000000001c7       0x30 ./Core/Src/stm32f4xx_it.o
 .ARM.attributes
                0x00000000000001f7       0x30 ./Core/Src/sysmem.o
 .ARM.attributes
                0x0000000000000227       0x30 ./Core/Src/system_stm32f4xx.o
 .ARM.attributes
                0x0000000000000257       0x21 ./Core/Startup/startup_stm32f401ccux.o
 .ARM.attributes
                0x0000000000000278       0x30 ./Display/display.o
 .ARM.attributes
                0x00000000000002a8       0x25 ./Display/display_asm.o
 .ARM.attributes
                0x00000000000002cd       0x30 ./Display/fonts.o
 .ARM.attributes
                0x00000000000002fd       0x30 ./Display/ili9341.o
 .ARM.attributes
                0x000000000000032d       0x30 ./Drivers/STM32F4xx_HAL_Driver/Src/stm32f4xx_ll_exti.o
 .ARM.attributes
                0x000000000000035d       0x30 ./Drivers/STM32F4xx_HAL_Driver/Src/stm32f4xx_ll_gpio.o
 .ARM.attributes
                0x000000000000038d       0x30 ./Drivers/STM32F4xx_HAL_Driver/Src/stm32f4xx_ll_rcc.o
 .ARM.attributes
                0x00000000000003bd       0x30 ./Drivers/STM32F4xx_HAL_Driver/Src/stm32f4xx_ll_spi.o
 .ARM.attributes
                0x00000000000003ed       0x30 ./Drivers/STM32F4xx_HAL_Driver/Src/stm32f4xx_ll_tim.o
 .ARM.attributes
                0x000000000000041d       0x30 ./Drivers/STM32F4xx_HAL_Driver/Src/stm32f4xx_ll_utils.o
 .ARM.attributes
                0x000000000000044d       0x30 ./Encoder/encoder.o
 .ARM.attributes
                0x000000000000047d       0x30 ./FATFS/diskio.o
 .ARM.attributes
                0x00000000000004ad       0x30 ./FATFS/ff.o
 .ARM.attributes
                0x00000000000004dd       0x30 ./FATFS/ffunicode.o
 .ARM.attributes
                0x000000000000050d       0x30 ./FATFS/user_diskio_spi.o
 .ARM.attributes
                0x000000000000053d       0x30 ./FileManager/filemanager.o
 .ARM.attributes
                0x000000000000056d       0x30 ./FileManager/icons.o
 .ARM.attributes
                0x000000000000059d       0x30 ./JPEG/jpeg_chan.o
 .ARM.attributes
                0x00000000000005cd       0x30 ./JPEG/tjpgd.o
 .ARM.attributes
                0x00000000000005fd       0x30 ./Keyboard/keyboard.o
 .ARM.attributes
                0x000000000000062d       0x25 ./MP3Helix/src/asmpoly_thumb2.o
 .ARM.attributes
                0x0000000000000652       0x30 ./MP3Helix/src/bitstream.o
 .ARM.attributes
                0x0000000000000682       0x30 ./MP3Helix/src/buffers.o
 .ARM.attributes
                0x00000000000006b2       0x30 ./MP3Helix/src/dct32.o
 .ARM.attributes
                0x00000000000006e2       0x30 ./MP3Helix/src/dequant.o
 .ARM.attributes
                0x0000000000000712       0x30 ./MP3Helix/src/dqchan.o
 .ARM.attributes
                0x0000000000000742       0x30 ./MP3Helix/src/huffman.o
 .ARM.attributes
                0x0000000000000772       0x30 ./MP3Helix/src/hufftabs.o
 .ARM.attributes
                0x00000000000007a2       0x30 ./MP3Helix/src/imdct.o
 .ARM.attributes
                0x00000000000007d2       0x30 ./MP3Helix/src/mp3dec.o
 .ARM.attributes
                0x0000000000000802       0x30 ./MP3Helix/src/mp3tabs.o
 .ARM.attributes
                0x0000000000000832       0x30 ./MP3Helix/src/scalfact.o
 .ARM.attributes
                0x0000000000000862       0x30 ./MP3Helix/src/stproc.o
 .ARM.attributes
                0x0000000000000892       0x30 ./MP3Helix/src/subband.o
 .ARM.attributes
                0x00000000000008c2       0x30 ./MP3Helix/src/trigtabs.o
 .ARM.attributes
                0x00000000000008f2       0x30 ./MicroGL2D/microgl2d.o
 .ARM.attributes
                0x0000000000000922       0x30 ./MyString/mystring.o
 .ARM.attributes
                0x0000000000000952       0x30 ./PCM5102/pcm5102.o
 .ARM.attributes
                0x0000000000000982       0x34 f:/st/stm32cubeide_1.1.0/stm32cubeide/plugins/com.st.stm32cube.ide.mcu.externaltools.gnu-tools-for-stm32.10.3-2021.10.win32_1.0.200.202301161003/tools/bin/../lib/gcc/arm-none-eabi/10.3.1/../../../../arm-none-eabi/lib/thumb/v7e-m+fp/hard\libc_nano.a(lib_a-calloc.o)
 .ARM.attributes
                0x00000000000009b6       0x34 f:/st/stm32cubeide_1.1.0/stm32cubeide/plugins/com.st.stm32cube.ide.mcu.externaltools.gnu-tools-for-stm32.10.3-2021.10.win32_1.0.200.202301161003/tools/bin/../lib/gcc/arm-none-eabi/10.3.1/../../../../arm-none-eabi/lib/thumb/v7e-m+fp/hard\libc_nano.a(lib_a-errno.o)
 .ARM.attributes
                0x00000000000009ea       0x34 f:/st/stm32cubeide_1.1.0/stm32cubeide/plugins/com.st.stm32cube.ide.mcu.externaltools.gnu-tools-for-stm32.10.3-2021.10.win32_1.0.200.202301161003/tools/bin/../lib/gcc/arm-none-eabi/10.3.1/../../../../arm-none-eabi/lib/thumb/v7e-m+fp/hard\libc_nano.a(lib_a-impure.o)
 .ARM.attributes
                0x0000000000000a1e       0x34 f:/st/stm32cubeide_1.1.0/stm32cubeide/plugins/com.st.stm32cube.ide.mcu.externaltools.gnu-tools-for-stm32.10.3-2021.10.win32_1.0.200.202301161003/tools/bin/../lib/gcc/arm-none-eabi/10.3.1/../../../../arm-none-eabi/lib/thumb/v7e-m+fp/hard\libc_nano.a(lib_a-init.o)
 .ARM.attributes
                0x0000000000000a52       0x34 f:/st/stm32cubeide_1.1.0/stm32cubeide/plugins/com.st.stm32cube.ide.mcu.externaltools.gnu-tools-for-stm32.10.3-2021.10.win32_1.0.200.202301161003/tools/bin/../lib/gcc/arm-none-eabi/10.3.1/../../../../arm-none-eabi/lib/thumb/v7e-m+fp/hard\libc_nano.a(lib_a-malloc.o)
 .ARM.attributes
                0x0000000000000a86       0x34 f:/st/stm32cubeide_1.1.0/stm32cubeide/plugins/com.st.stm32cube.ide.mcu.externaltools.gnu-tools-for-stm32.10.3-2021.10.win32_1.0.200.202301161003/tools/bin/../lib/gcc/arm-none-eabi/10.3.1/../../../../arm-none-eabi/lib/thumb/v7e-m+fp/hard\libc_nano.a(lib_a-memcpy-stub.o)
 .ARM.attributes
                0x0000000000000aba       0x34 f:/st/stm32cubeide_1.1.0/stm32cubeide/plugins/com.st.stm32cube.ide.mcu.externaltools.gnu-tools-for-stm32.10.3-2021.10.win32_1.0.200.202301161003/tools/bin/../lib/gcc/arm-none-eabi/10.3.1/../../../../arm-none-eabi/lib/thumb/v7e-m+fp/hard\libc_nano.a(lib_a-memmove.o)
 .ARM.attributes
                0x0000000000000aee       0x34 f:/st/stm32cubeide_1.1.0/stm32cubeide/plugins/com.st.stm32cube.ide.mcu.externaltools.gnu-tools-for-stm32.10.3-2021.10.win32_1.0.200.202301161003/tools/bin/../lib/gcc/arm-none-eabi/10.3.1/../../../../arm-none-eabi/lib/thumb/v7e-m+fp/hard\libc_nano.a(lib_a-memset.o)
 .ARM.attributes
                0x0000000000000b22       0x34 f:/st/stm32cubeide_1.1.0/stm32cubeide/plugins/com.st.stm32cube.ide.mcu.externaltools.gnu-tools-for-stm32.10.3-2021.10.win32_1.0.200.202301161003/tools/bin/../lib/gcc/arm-none-eabi/10.3.1/../../../../arm-none-eabi/lib/thumb/v7e-m+fp/hard\libc_nano.a(lib_a-nano-callocr.o)
 .ARM.attributes
                0x0000000000000b56       0x34 f:/st/stm32cubeide_1.1.0/stm32cubeide/plugins/com.st.stm32cube.ide.mcu.externaltools.gnu-tools-for-stm32.10.3-2021.10.win32_1.0.200.202301161003/tools/bin/../lib/gcc/arm-none-eabi/10.3.1/../../../../arm-none-eabi/lib/thumb/v7e-m+fp/hard\libc_nano.a(lib_a-nano-freer.o)
 .ARM.attributes
                0x0000000000000b8a       0x34 f:/st/stm32cubeide_1.1.0/stm32cubeide/plugins/com.st.stm32cube.ide.mcu.externaltools.gnu-tools-for-stm32.10.3-2021.10.win32_1.0.200.202301161003/tools/bin/../lib/gcc/arm-none-eabi/10.3.1/../../../../arm-none-eabi/lib/thumb/v7e-m+fp/hard\libc_nano.a(lib_a-nano-mallocr.o)
 .ARM.attributes
                0x0000000000000bbe       0x34 f:/st/stm32cubeide_1.1.0/stm32cubeide/plugins/com.st.stm32cube.ide.mcu.externaltools.gnu-tools-for-stm32.10.3-2021.10.win32_1.0.200.202301161003/tools/bin/../lib/gcc/arm-none-eabi/10.3.1/../../../../arm-none-eabi/lib/thumb/v7e-m+fp/hard\libc_nano.a(lib_a-realloc.o)
 .ARM.attributes
                0x0000000000000bf2       0x34 f:/st/stm32cubeide_1.1.0/stm32cubeide/plugins/com.st.stm32cube.ide.mcu.externaltools.gnu-tools-for-stm32.10.3-2021.10.win32_1.0.200.202301161003/tools/bin/../lib/gcc/arm-none-eabi/10.3.1/../../../../arm-none-eabi/lib/thumb/v7e-m+fp/hard\libc_nano.a(lib_a-sbrkr.o)
 .ARM.attributes
                0x0000000000000c26       0x17 f:/st/stm32cubeide_1.1.0/stm32cubeide/plugins/com.st.stm32cube.ide.mcu.externaltools.gnu-tools-for-stm32.10.3-2021.10.win32_1.0.200.202301161003/tools/bin/../lib/gcc/arm-none-eabi/10.3.1/../../../../arm-none-eabi/lib/thumb/v7e-m+fp/hard\libc_nano.a(lib_a-strlen.o)
 .ARM.attributes
                0x0000000000000c3d       0x34 f:/st/stm32cubeide_1.1.0/stm32cubeide/plugins/com.st.stm32cube.ide.mcu.externaltools.gnu-tools-for-stm32.10.3-2021.10.win32_1.0.200.202301161003/tools/bin/../lib/gcc/arm-none-eabi/10.3.1/../../../../arm-none-eabi/lib/thumb/v7e-m+fp/hard\libc_nano.a(lib_a-strstr.o)
 .ARM.attributes
                0x0000000000000c71       0x34 f:/st/stm32cubeide_1.1.0/stm32cubeide/plugins/com.st.stm32cube.ide.mcu.externaltools.gnu-tools-for-stm32.10.3-2021.10.win32_1.0.200.202301161003/tools/bin/../lib/gcc/arm-none-eabi/10.3.1/../../../../arm-none-eabi/lib/thumb/v7e-m+fp/hard\libc_nano.a(lib_a-utoa.o)
 .ARM.attributes
                0x0000000000000ca5       0x34 f:/st/stm32cubeide_1.1.0/stm32cubeide/plugins/com.st.stm32cube.ide.mcu.externaltools.gnu-tools-for-stm32.10.3-2021.10.win32_1.0.200.202301161003/tools/bin/../lib/gcc/arm-none-eabi/10.3.1/../../../../arm-none-eabi/lib/thumb/v7e-m+fp/hard\libc_nano.a(lib_a-mlock.o)
 .ARM.attributes
                0x0000000000000cd9       0x34 f:/st/stm32cubeide_1.1.0/stm32cubeide/plugins/com.st.stm32cube.ide.mcu.externaltools.gnu-tools-for-stm32.10.3-2021.10.win32_1.0.200.202301161003/tools/bin/../lib/gcc/arm-none-eabi/10.3.1/../../../../arm-none-eabi/lib/thumb/v7e-m+fp/hard\libc_nano.a(lib_a-nano-reallocr.o)
 .ARM.attributes
                0x0000000000000d0d       0x34 f:/st/stm32cubeide_1.1.0/stm32cubeide/plugins/com.st.stm32cube.ide.mcu.externaltools.gnu-tools-for-stm32.10.3-2021.10.win32_1.0.200.202301161003/tools/bin/../lib/gcc/arm-none-eabi/10.3.1/../../../../arm-none-eabi/lib/thumb/v7e-m+fp/hard\libc_nano.a(lib_a-reent.o)
 .ARM.attributes
                0x0000000000000d41       0x34 f:/st/stm32cubeide_1.1.0/stm32cubeide/plugins/com.st.stm32cube.ide.mcu.externaltools.gnu-tools-for-stm32.10.3-2021.10.win32_1.0.200.202301161003/tools/bin/../lib/gcc/arm-none-eabi/10.3.1/../../../../arm-none-eabi/lib/thumb/v7e-m+fp/hard\libc_nano.a(lib_a-lock.o)
 .ARM.attributes
                0x0000000000000d75       0x34 f:/st/stm32cubeide_1.1.0/stm32cubeide/plugins/com.st.stm32cube.ide.mcu.externaltools.gnu-tools-for-stm32.10.3-2021.10.win32_1.0.200.202301161003/tools/bin/../lib/gcc/arm-none-eabi/10.3.1/../../../../arm-none-eabi/lib/thumb/v7e-m+fp/hard\libc_nano.a(lib_a-nano-msizer.o)
 .ARM.attributes
                0x0000000000000da9       0x1e f:/st/stm32cubeide_1.1.0/stm32cubeide/plugins/com.st.stm32cube.ide.mcu.externaltools.gnu-tools-for-stm32.10.3-2021.10.win32_1.0.200.202301161003/tools/bin/../lib/gcc/arm-none-eabi/10.3.1/thumb/v7e-m+fp/hard\libgcc.a(_aeabi_uldivmod.o)
 .ARM.attributes
                0x0000000000000dc7       0x34 f:/st/stm32cubeide_1.1.0/stm32cubeide/plugins/com.st.stm32cube.ide.mcu.externaltools.gnu-tools-for-stm32.10.3-2021.10.win32_1.0.200.202301161003/tools/bin/../lib/gcc/arm-none-eabi/10.3.1/thumb/v7e-m+fp/hard\libgcc.a(_udivmoddi4.o)
 .ARM.attributes
                0x0000000000000dfb       0x1e f:/st/stm32cubeide_1.1.0/stm32cubeide/plugins/com.st.stm32cube.ide.mcu.externaltools.gnu-tools-for-stm32.10.3-2021.10.win32_1.0.200.202301161003/tools/bin/../lib/gcc/arm-none-eabi/10.3.1/thumb/v7e-m+fp/hard\libgcc.a(_dvmd_tls.o)
 .ARM.attributes
                0x0000000000000e19       0x1e f:/st/stm32cubeide_1.1.0/stm32cubeide/plugins/com.st.stm32cube.ide.mcu.externaltools.gnu-tools-for-stm32.10.3-2021.10.win32_1.0.200.202301161003/tools/bin/../lib/gcc/arm-none-eabi/10.3.1/thumb/v7e-m+fp/hard/crtn.o
OUTPUT(stm32f401ccu6_avi_player.elf elf32-littlearm)
LOAD linker stubs
LOAD f:/st/stm32cubeide_1.1.0/stm32cubeide/plugins/com.st.stm32cube.ide.mcu.externaltools.gnu-tools-for-stm32.10.3-2021.10.win32_1.0.200.202301161003/tools/bin/../lib/gcc/arm-none-eabi/10.3.1/../../../../arm-none-eabi/lib/thumb/v7e-m+fp/hard\libc.a
LOAD f:/st/stm32cubeide_1.1.0/stm32cubeide/plugins/com.st.stm32cube.ide.mcu.externaltools.gnu-tools-for-stm32.10.3-2021.10.win32_1.0.200.202301161003/tools/bin/../lib/gcc/arm-none-eabi/10.3.1/../../../../arm-none-eabi/lib/thumb/v7e-m+fp/hard\libm.a
LOAD f:/st/stm32cubeide_1.1.0/stm32cubeide/plugins/com.st.stm32cube.ide.mcu.externaltools.gnu-tools-for-stm32.10.3-2021.10.win32_1.0.200.202301161003/tools/bin/../lib/gcc/arm-none-eabi/10.3.1/thumb/v7e-m+fp/hard\libgcc.a

.comment        0x0000000000000000       0x50
 .comment       0x0000000000000000       0x50 ./AVI/avi.o
                                         0x51 (size before relaxing)
 .comment       0x0000000000000050       0x51 ./AVI/jpeg_data.o
 .comment       0x0000000000000050       0x51 ./AVI/mp3_callback.o
 .comment       0x0000000000000050       0x51 ./AVI/player.o
 .comment       0x0000000000000050       0x51 ./AVI/riff_read_header.o
 .comment       0x0000000000000050       0x51 ./AVI/textures.o
 .comment       0x0000000000000050       0x51 ./Core/Src/main.o
 .comment       0x0000000000000050       0x51 ./Core/Src/stm32f4xx_it.o
 .comment       0x0000000000000050       0x51 ./Core/Src/sysmem.o
 .comment       0x0000000000000050       0x51 ./Core/Src/system_stm32f4xx.o
 .comment       0x0000000000000050       0x51 ./Display/display.o
 .comment       0x0000000000000050       0x51 ./Display/fonts.o
 .comment       0x0000000000000050       0x51 ./Display/ili9341.o
 .comment       0x0000000000000050       0x51 ./Drivers/STM32F4xx_HAL_Driver/Src/stm32f4xx_ll_exti.o
 .comment       0x0000000000000050       0x51 ./Drivers/STM32F4xx_HAL_Driver/Src/stm32f4xx_ll_gpio.o
 .comment       0x0000000000000050       0x51 ./Drivers/STM32F4xx_HAL_Driver/Src/stm32f4xx_ll_rcc.o
 .comment       0x0000000000000050       0x51 ./Drivers/STM32F4xx_HAL_Driver/Src/stm32f4xx_ll_spi.o
 .comment       0x0000000000000050       0x51 ./Drivers/STM32F4xx_HAL_Driver/Src/stm32f4xx_ll_tim.o
 .comment       0x0000000000000050       0x51 ./Drivers/STM32F4xx_HAL_Driver/Src/stm32f4xx_ll_utils.o
 .comment       0x0000000000000050       0x51 ./Encoder/encoder.o
 .comment       0x0000000000000050       0x51 ./FATFS/diskio.o
 .comment       0x0000000000000050       0x51 ./FATFS/ff.o
 .comment       0x0000000000000050       0x51 ./FATFS/ffunicode.o
 .comment       0x0000000000000050       0x51 ./FATFS/user_diskio_spi.o
 .comment       0x0000000000000050       0x51 ./FileManager/filemanager.o
 .comment       0x0000000000000050       0x51 ./FileManager/icons.o
 .comment       0x0000000000000050       0x51 ./JPEG/jpeg_chan.o
 .comment       0x0000000000000050       0x51 ./JPEG/tjpgd.o
 .comment       0x0000000000000050       0x51 ./Keyboard/keyboard.o
 .comment       0x0000000000000050       0x51 ./MP3Helix/src/bitstream.o
 .comment       0x0000000000000050       0x51 ./MP3Helix/src/buffers.o
 .comment       0x0000000000000050       0x51 ./MP3Helix/src/dct32.o
 .comment       0x0000000000000050       0x51 ./MP3Helix/src/dequant.o
 .comment       0x0000000000000050       0x51 ./MP3Helix/src/dqchan.o
 .comment       0x0000000000000050       0x51 ./MP3Helix/src/huffman.o
 .comment       0x0000000000000050       0x51 ./MP3Helix/src/hufftabs.o
 .comment       0x0000000000000050       0x51 ./MP3Helix/src/imdct.o
 .comment       0x0000000000000050       0x51 ./MP3Helix/src/mp3dec.o
 .comment       0x0000000000000050       0x51 ./MP3Helix/src/mp3tabs.o
 .comment       0x0000000000000050       0x51 ./MP3Helix/src/scalfact.o
 .comment       0x0000000000000050       0x51 ./MP3Helix/src/stproc.o
 .comment       0x0000000000000050       0x51 ./MP3Helix/src/subband.o
 .comment       0x0000000000000050       0x51 ./MP3Helix/src/trigtabs.o
 .comment       0x0000000000000050       0x51 ./MicroGL2D/microgl2d.o
 .comment       0x0000000000000050       0x51 ./MyString/mystring.o
 .comment       0x0000000000000050       0x51 ./PCM5102/pcm5102.o

.debug_frame    0x0000000000000000      0x478
 .debug_frame   0x0000000000000000       0x20 f:/st/stm32cubeide_1.1.0/stm32cubeide/plugins/com.st.stm32cube.ide.mcu.externaltools.gnu-tools-for-stm32.10.3-2021.10.win32_1.0.200.202301161003/tools/bin/../lib/gcc/arm-none-eabi/10.3.1/../../../../arm-none-eabi/lib/thumb/v7e-m+fp/hard\libc_nano.a(lib_a-calloc.o)
 .debug_frame   0x0000000000000020       0x20 f:/st/stm32cubeide_1.1.0/stm32cubeide/plugins/com.st.stm32cube.ide.mcu.externaltools.gnu-tools-for-stm32.10.3-2021.10.win32_1.0.200.202301161003/tools/bin/../lib/gcc/arm-none-eabi/10.3.1/../../../../arm-none-eabi/lib/thumb/v7e-m+fp/hard\libc_nano.a(lib_a-errno.o)
 .debug_frame   0x0000000000000040       0x2c f:/st/stm32cubeide_1.1.0/stm32cubeide/plugins/com.st.stm32cube.ide.mcu.externaltools.gnu-tools-for-stm32.10.3-2021.10.win32_1.0.200.202301161003/tools/bin/../lib/gcc/arm-none-eabi/10.3.1/../../../../arm-none-eabi/lib/thumb/v7e-m+fp/hard\libc_nano.a(lib_a-init.o)
 .debug_frame   0x000000000000006c       0x30 f:/st/stm32cubeide_1.1.0/stm32cubeide/plugins/com.st.stm32cube.ide.mcu.externaltools.gnu-tools-for-stm32.10.3-2021.10.win32_1.0.200.202301161003/tools/bin/../lib/gcc/arm-none-eabi/10.3.1/../../../../arm-none-eabi/lib/thumb/v7e-m+fp/hard\libc_nano.a(lib_a-malloc.o)
 .debug_frame   0x000000000000009c       0x28 f:/st/stm32cubeide_1.1.0/stm32cubeide/plugins/com.st.stm32cube.ide.mcu.externaltools.gnu-tools-for-stm32.10.3-2021.10.win32_1.0.200.202301161003/tools/bin/../lib/gcc/arm-none-eabi/10.3.1/../../../../arm-none-eabi/lib/thumb/v7e-m+fp/hard\libc_nano.a(lib_a-memcpy-stub.o)
 .debug_frame   0x00000000000000c4       0x28 f:/st/stm32cubeide_1.1.0/stm32cubeide/plugins/com.st.stm32cube.ide.mcu.externaltools.gnu-tools-for-stm32.10.3-2021.10.win32_1.0.200.202301161003/tools/bin/../lib/gcc/arm-none-eabi/10.3.1/../../../../arm-none-eabi/lib/thumb/v7e-m+fp/hard\libc_nano.a(lib_a-memmove.o)
 .debug_frame   0x00000000000000ec       0x20 f:/st/stm32cubeide_1.1.0/stm32cubeide/plugins/com.st.stm32cube.ide.mcu.externaltools.gnu-tools-for-stm32.10.3-2021.10.win32_1.0.200.202301161003/tools/bin/../lib/gcc/arm-none-eabi/10.3.1/../../../../arm-none-eabi/lib/thumb/v7e-m+fp/hard\libc_nano.a(lib_a-memset.o)
 .debug_frame   0x000000000000010c       0x30 f:/st/stm32cubeide_1.1.0/stm32cubeide/plugins/com.st.stm32cube.ide.mcu.externaltools.gnu-tools-for-stm32.10.3-2021.10.win32_1.0.200.202301161003/tools/bin/../lib/gcc/arm-none-eabi/10.3.1/../../../../arm-none-eabi/lib/thumb/v7e-m+fp/hard\libc_nano.a(lib_a-nano-callocr.o)
 .debug_frame   0x000000000000013c       0x38 f:/st/stm32cubeide_1.1.0/stm32cubeide/plugins/com.st.stm32cube.ide.mcu.externaltools.gnu-tools-for-stm32.10.3-2021.10.win32_1.0.200.202301161003/tools/bin/../lib/gcc/arm-none-eabi/10.3.1/../../../../arm-none-eabi/lib/thumb/v7e-m+fp/hard\libc_nano.a(lib_a-nano-freer.o)
 .debug_frame   0x0000000000000174       0x4c f:/st/stm32cubeide_1.1.0/stm32cubeide/plugins/com.st.stm32cube.ide.mcu.externaltools.gnu-tools-for-stm32.10.3-2021.10.win32_1.0.200.202301161003/tools/bin/../lib/gcc/arm-none-eabi/10.3.1/../../../../arm-none-eabi/lib/thumb/v7e-m+fp/hard\libc_nano.a(lib_a-nano-mallocr.o)
 .debug_frame   0x00000000000001c0       0x20 f:/st/stm32cubeide_1.1.0/stm32cubeide/plugins/com.st.stm32cube.ide.mcu.externaltools.gnu-tools-for-stm32.10.3-2021.10.win32_1.0.200.202301161003/tools/bin/../lib/gcc/arm-none-eabi/10.3.1/../../../../arm-none-eabi/lib/thumb/v7e-m+fp/hard\libc_nano.a(lib_a-realloc.o)
 .debug_frame   0x00000000000001e0       0x2c f:/st/stm32cubeide_1.1.0/stm32cubeide/plugins/com.st.stm32cube.ide.mcu.externaltools.gnu-tools-for-stm32.10.3-2021.10.win32_1.0.200.202301161003/tools/bin/../lib/gcc/arm-none-eabi/10.3.1/../../../../arm-none-eabi/lib/thumb/v7e-m+fp/hard\libc_nano.a(lib_a-sbrkr.o)
 .debug_frame   0x000000000000020c       0x2c f:/st/stm32cubeide_1.1.0/stm32cubeide/plugins/com.st.stm32cube.ide.mcu.externaltools.gnu-tools-for-stm32.10.3-2021.10.win32_1.0.200.202301161003/tools/bin/../lib/gcc/arm-none-eabi/10.3.1/../../../../arm-none-eabi/lib/thumb/v7e-m+fp/hard\libc_nano.a(lib_a-strstr.o)
 .debug_frame   0x0000000000000238       0x48 f:/st/stm32cubeide_1.1.0/stm32cubeide/plugins/com.st.stm32cube.ide.mcu.externaltools.gnu-tools-for-stm32.10.3-2021.10.win32_1.0.200.202301161003/tools/bin/../lib/gcc/arm-none-eabi/10.3.1/../../../../arm-none-eabi/lib/thumb/v7e-m+fp/hard\libc_nano.a(lib_a-utoa.o)
 .debug_frame   0x0000000000000280       0x30 f:/st/stm32cubeide_1.1.0/stm32cubeide/plugins/com.st.stm32cube.ide.mcu.externaltools.gnu-tools-for-stm32.10.3-2021.10.win32_1.0.200.202301161003/tools/bin/../lib/gcc/arm-none-eabi/10.3.1/../../../../arm-none-eabi/lib/thumb/v7e-m+fp/hard\libc_nano.a(lib_a-mlock.o)
 .debug_frame   0x00000000000002b0       0x3c f:/st/stm32cubeide_1.1.0/stm32cubeide/plugins/com.st.stm32cube.ide.mcu.externaltools.gnu-tools-for-stm32.10.3-2021.10.win32_1.0.200.202301161003/tools/bin/../lib/gcc/arm-none-eabi/10.3.1/../../../../arm-none-eabi/lib/thumb/v7e-m+fp/hard\libc_nano.a(lib_a-nano-reallocr.o)
 .debug_frame   0x00000000000002ec       0x5c f:/st/stm32cubeide_1.1.0/stm32cubeide/plugins/com.st.stm32cube.ide.mcu.externaltools.gnu-tools-for-stm32.10.3-2021.10.win32_1.0.200.202301161003/tools/bin/../lib/gcc/arm-none-eabi/10.3.1/../../../../arm-none-eabi/lib/thumb/v7e-m+fp/hard\libc_nano.a(lib_a-reent.o)
 .debug_frame   0x0000000000000348       0xb0 f:/st/stm32cubeide_1.1.0/stm32cubeide/plugins/com.st.stm32cube.ide.mcu.externaltools.gnu-tools-for-stm32.10.3-2021.10.win32_1.0.200.202301161003/tools/bin/../lib/gcc/arm-none-eabi/10.3.1/../../../../arm-none-eabi/lib/thumb/v7e-m+fp/hard\libc_nano.a(lib_a-lock.o)
 .debug_frame   0x00000000000003f8       0x20 f:/st/stm32cubeide_1.1.0/stm32cubeide/plugins/com.st.stm32cube.ide.mcu.externaltools.gnu-tools-for-stm32.10.3-2021.10.win32_1.0.200.202301161003/tools/bin/../lib/gcc/arm-none-eabi/10.3.1/../../../../arm-none-eabi/lib/thumb/v7e-m+fp/hard\libc_nano.a(lib_a-nano-msizer.o)