Archive member included to satisfy reference by file (symbol)

F:/ST/STM32CubeIDE_1.1.0/STM32CubeIDE/plugins/com.st.stm32cube.ide.mcu.externaltools.gnu-tools-for-stm32.12.3.rel1.win32_1.1.0.202410251130/tools/bin/../lib/gcc/arm-none-eabi/12.3.1/../../../../arm-none-eabi/lib/thumb/v7e-m+fp/hard\libc_nano.a(libc_a-calloc.o)
                              ./AVI/avi.o (calloc)
F:/ST/STM32CubeIDE_1.1.0/STM32CubeIDE/plugins/com.st.stm32cube.ide.mcu.externaltools.gnu-tools-for-stm32.12.3.rel1.win32_1.1.0.202410251130/tools/bin/../lib/gcc/arm-none-eabi/12.3.1/../../../../arm-none-eabi/lib/thumb/v7e-m+fp/hard\libc_nano.a(libc_a-callocr.o)
                              F:/ST/STM32CubeIDE_1.1.0/STM32CubeIDE/plugins/com.st.stm32cube.ide.mcu.externaltools.gnu-tools-for-stm32.12.3.rel1.win32_1.1.0.202410251130/tools/bin/../lib/gcc/arm-none-eabi/12.3.1/../../../../arm-none-eabi/lib/thumb/v7e-m+fp/hard\libc_nano.a(libc_a-calloc.o) (_calloc_r)
F:/ST/STM32CubeIDE_1.1.0/STM32CubeIDE/plugins/com.st.stm32cube.ide.mcu.externaltools.gnu-tools-for-stm32.12.3.rel1.win32_1.1.0.202410251130/tools/bin/../lib/gcc/arm-none-eabi/12.3.1/../../../../arm-none-eabi/lib/thumb/v7e-m+fp/hard\libc_nano.a(libc_a-exit.o)
                              F:/ST/STM32CubeIDE_1.1.0/STM32CubeIDE/plugins/com.st.stm32cube.ide.mcu.externaltools.gnu-tools-for-stm32.12.3.rel1.win32_1.1.0.202410251130/tools/bin/../lib/gcc/arm-none-eabi/12.3.1/../../../../arm-none-eabi/lib/thumb/v7e-m+fp/hard/crt0.o (exit)
F:/ST/STM32CubeIDE_1.1.0/STM32CubeIDE/plugins/com.st.stm32cube.ide.mcu.externaltools.gnu-tools-for-stm32.12.3.rel1.win32_1.1.0.202410251130/tools/bin/../lib/gcc/arm-none-eabi/12.3.1/../../../../arm-none-eabi/lib/thumb/v7e-m+fp/hard\libc_nano.a(libc_a-malloc.o)
                              ./MicroGL2D/microgl2d.o (malloc)
F:/ST/STM32CubeIDE_1.1.0/STM32CubeIDE/plugins/com.st.stm32cube.ide.mcu.externaltools.gnu-tools-for-stm32.12.3.rel1.win32_1.1.0.202410251130/tools/bin/../lib/gcc/arm-none-eabi/12.3.1/../../../../arm-none-eabi/lib/thumb/v7e-m+fp/hard\libc_nano.a(libc_a-mallocr.o)
                              F:/ST/STM32CubeIDE_1.1.0/STM32CubeIDE/plugins/com.st.stm32cube.ide.mcu.externaltools.gnu-tools-for-stm32.12.3.rel1.win32_1.1.0.202410251130/tools/bin/../lib/gcc/arm-none-eabi/12.3.1/../../../../arm-none-eabi/lib/thumb/v7e-m+fp/hard\libc_nano.a(libc_a-callocr.o) (_malloc_r)
F:/ST/STM32CubeIDE_1.1.0/STM32CubeIDE/plugins/com.st.stm32cube.ide.mcu.externaltools.gnu-tools-for-stm32.12.3.rel1.win32_1.1.0.202410251130/tools/bin/../lib/gcc/arm-none-eabi/12.3.1/../../../../arm-none-eabi/lib/thumb/v7e-m+fp/hard\libc_nano.a(libc_a-mlock.o)
                              F:/ST/STM32CubeIDE_1.1.0/STM32CubeIDE/plugins/com.st.stm32cube.ide.mcu.externaltools.gnu-tools-for-stm32.12.3.rel1.win32_1.1.0.202410251130/tools/bin/../lib/gcc/arm-none-eabi/12.3.1/../../../../arm-none-eabi/lib/thumb/v7e-m+fp/hard\libc_nano.a(libc_a-mallocr.o) (__malloc_lock)
F:/ST/STM32CubeIDE_1.1.0/STM32CubeIDE/plugins/com.st.stm32cube.ide.mcu.externaltools.gnu-tools-for-stm32.12.3.rel1.win32_1.1.0.202410251130/tools/bin/../lib/gcc/arm-none-eabi/12.3.1/../../../../arm-none-eabi/lib/thumb/v7e-m+fp/hard\libc_nano.a(libc_a-realloc.o)
                              ./AVI/riff_read_header.o (realloc)
F:/ST/STM32CubeIDE_1.1.0/STM32CubeIDE/plugins/com.st.stm32cube.ide.mcu.externaltools.gnu-tools-for-stm32.12.3.rel1.win32_1.1.0.202410251130/tools/bin/../lib/gcc/arm-none-eabi/12.3.1/../../../../arm-none-eabi/lib/thumb/v7e-m+fp/hard\libc_nano.a(libc_a-reallocr.o)
                              F:/ST/STM32CubeIDE_1.1.0/STM32CubeIDE/plugins/com.st.stm32cube.ide.mcu.externaltools.gnu-tools-for-stm32.12.3.rel1.win32_1.1.0.202410251130/tools/bin/../lib/gcc/arm-none-eabi/12.3.1/../../../../arm-none-eabi/lib/thumb/v7e-m+fp/hard\libc_nano.a(libc_a-realloc.o) (_realloc_r)
F:/ST/STM32CubeIDE_1.1.0/STM32CubeIDE/plugins/com.st.stm32cube.ide.mcu.externaltools.gnu-tools-for-stm32.12.3.rel1.win32_1.1.0.202410251130/tools/bin/../lib/gcc/arm-none-eabi/12.3.1/../../../../arm-none-eabi/lib/thumb/v7e-m+fp/hard\libc_nano.a(libc_a-utoa.o)
                              ./AVI/avi.o (utoa)
F:/ST/STM32CubeIDE_1.1.0/STM32CubeIDE/plugins/com.st.stm32cube.ide.mcu.externaltools.gnu-tools-for-stm32.12.3.rel1.win32_1.1.0.202410251130/tools/bin/../lib/gcc/arm-none-eabi/12.3.1/../../../../arm-none-eabi/lib/thumb/v7e-m+fp/hard\libc_nano.a(libc_a-findfp.o)
                              F:/ST/STM32CubeIDE_1.1.0/STM32CubeIDE/plugins/com.st.stm32cube.ide.mcu.externaltools.gnu-tools-for-stm32.12.3.rel1.win32_1.1.0.202410251130/tools/bin/../lib/gcc/arm-none-eabi/12.3.1/../../../../arm-none-eabi/lib/thumb/v7e-m+fp/hard\libc_nano.a(libc_a-exit.o) (__stdio_exit_handler)
F:/ST/STM32CubeIDE_1.1.0/STM32CubeIDE/plugins/com.st.stm32cube.ide.mcu.externaltools.gnu-tools-for-stm32.12.3.rel1.win32_1.1.0.202410251130/tools/bin/../lib/gcc/arm-none-eabi/12.3.1/../../../../arm-none-eabi/lib/thumb/v7e-m+fp/hard\libc_nano.a(libc_a-fwalk.o)
[...]
Memory Configuration

Name             Origin             Length             Attributes
RAM              0x20000000         0x00010000         xrw
FLASH            0x08000000         0x00040000         xr
*default*        0x00000000         0xffffffff

Linker script and memory map

LOAD F:/ST/STM32CubeIDE_1.1.0/STM32CubeIDE/plugins/com.st.stm32cube.ide.mcu.externaltools.gnu-tools-for-stm32.12.3.rel1.win32_1.1.0.202410251130/tools/bin/../lib/gcc/arm-none-eabi/12.3.1/thumb/v7e-m+fp/hard/crti.o
LOAD F:/ST/STM32CubeIDE_1.1.0/STM32CubeIDE/plugins/com.st.stm32cube.ide.mcu.externaltools.gnu-tools-for-stm32.12.3.rel1.win32_1.1.0.202410251130/tools/bin/../lib/gcc/arm-none-eabi/12.3.1/thumb/v7e-m+fp/hard/crtbegin.o
LOAD F:/ST/STM32CubeIDE_1.1.0/STM32CubeIDE/plugins/com.st.stm32cube.ide.mcu.externaltools.gnu-tools-for-stm32.12.3.rel1.win32_1.1.0.202410251130/tools/bin/../lib/gcc/arm-none-eabi/12.3.1/../../../../arm-none-eabi/lib/thumb/v7e-m+fp/hard/crt0.o
LOAD ./AVI/avi.o
LOAD ./AVI/jpeg_data.o
LOAD ./AVI/mp3_callback.o
LOAD ./AVI/player.o
LOAD ./AVI/riff_read_header.o
LOAD ./AVI/textures.o
LOAD ./Core/Src/asm.o
LOAD ./Core/Src/main.o
LOAD ./Core/Src/stm32f4xx_it.o
LOAD ./Core/Src/syscalls.o
LOAD ./Core/Src/sysmem.o
LOAD ./Core/Src/system_stm32f4xx.o
LOAD ./Core/Startup/startup_stm32f401ccux.o
LOAD ./Display/display.o
LOAD ./Display/display_asm.o
LOAD ./Display/display_offsets.o
LOAD ./Display/fonts.o
LOAD ./Display/ili9341.o
LOAD ./Display/st7789.o
LOAD ./Drivers/STM32F4xx_HAL_Driver/Src/stm32f4xx_ll_dma.o
LOAD ./Drivers/STM32F4xx_HAL_Driver/Src/stm32f4xx_ll_exti.o
LOAD ./Drivers/STM32F4xx_HAL_Driver/Src/stm32f4xx_ll_gpio.o
LOAD ./Drivers/STM32F4xx_HAL_Driver/Src/stm32f4xx_ll_rcc.o
LOAD ./Drivers/STM32F4xx_HAL_Driver/Src/stm32f4xx_ll_spi.o
LOAD ./Drivers/STM32F4xx_HAL_Driver/Src/stm32f4xx_ll_tim.o
LOAD ./Drivers/STM32F4xx_HAL_Driver/Src/stm32f4xx_ll_utils.o
LOAD ./Encoder/encoder.o
LOAD ./FATFS/diskio.o
LOAD ./FATFS/ff.o
LOAD ./FATFS/ffsystem.o
LOAD ./FATFS/ffunicode.o
LOAD ./FATFS/user_diskio_spi.o
LOAD ./FileManager/filemanager.o
LOAD ./FileManager/icons.o
LOAD ./JPEG/jpeg_chan.o
LOAD ./JPEG/tjpgd.o
LOAD ./Keyboard/keyboard.o
LOAD ./MP3Helix/src/asmpoly_thumb2.o
LOAD ./MP3Helix/src/bitstream.o
LOAD ./MP3Helix/src/buffers.o
LOAD ./MP3Helix/src/dct32.o
LOAD ./MP3Helix/src/dequant.o
LOAD ./MP3Helix/src/dqchan.o
LOAD ./MP3Helix/src/huffman.o
LOAD ./MP3Helix/src/hufftabs.o
LOAD ./MP3Helix/src/imdct.o
LOAD ./MP3Helix/src/mp3dec.o
LOAD ./MP3Helix/src/mp3tabs.o
LOAD ./MP3Helix/src/scalfact.o
LOAD ./MP3Helix/src/stproc.o
LOAD ./MP3Helix/src/subband.o
LOAD ./MP3Helix/src/trigtabs.o
LOAD ./MicroGL2D/microgl2d.o
LOAD ./MyString/mystring.o
LOAD ./PCM5102/pcm5102.o
START GROUP
LOAD F:/ST/STM32CubeIDE_1.1.0/STM32CubeIDE/plugins/com.st.stm32cube.ide.mcu.externaltools.gnu-tools-for-stm32.12.3.rel1.win32_1.1.0.202410251130/tools/bin/../lib/gcc/arm-none-eabi/12.3.1/../../../../arm-none-eabi/lib/thumb/v7e-m+fp/hard\libc_nano.a
LOAD F:/ST/STM32CubeIDE_1.1.0/STM32CubeIDE/plugins/com.st.stm32cube.ide.mcu.externaltools.gnu-tools-for-stm32.12.3.rel1.win32_1.1.0.202410251130/tools/bin/../lib/gcc/arm-none-eabi/12.3.1/../../../../arm-none-eabi/lib/thumb/v7e-m+fp/hard\libm.a
END GROUP
START GROUP
LOAD F:/ST/STM32CubeIDE_1.1.0/STM32CubeIDE/plugins/com.st.stm32cube.ide.mcu.externaltools.gnu-tools-for-stm32.12.3.rel1.win32_1.1.0.202410251130/tools/bin/../lib/gcc/arm-none-eabi/12.3.1/thumb/v7e-m+fp/hard\libgcc.a
LOAD F:/ST/STM32CubeIDE_1.1.0/STM32CubeIDE/plugins/com.st.stm32cube.ide.mcu.externaltools.gnu-tools-for-stm32.12.3.rel1.win32_1.1.0.202410251130/tools/bin/../lib/gcc/arm-none-eabi/12.3.1/../../../../arm-none-eabi/lib/thumb/v7e-m+fp/hard\libc_nano.a
END GROUP
START GROUP
LOAD F:/ST/STM32CubeIDE_1.1.0/STM32CubeIDE/plugins/com.st.stm32cube.ide.mcu.externaltools.gnu-tools-for-stm32.12.3.rel1.win32_1.1.0.202410251130/tools/bin/../lib/gcc/arm-none-eabi/12.3.1/thumb/v7e-m+fp/hard\libgcc.a
LOAD F:/ST/STM32CubeIDE_1.1.0/STM32CubeIDE/plugins/com.st.stm32cube.ide.mcu.externaltools.gnu-tools-for-stm32.12.3.rel1.win32_1.1.0.202410251130/tools/bin/../lib/gcc/arm-none-eabi/12.3.1/../../../../arm-none-eabi/lib/thumb/v7e-m+fp/hard\libc_nano.a
LOAD F:/ST/STM32CubeIDE_1.1.0/STM32CubeIDE/plugins/com.st.stm32cube.ide.mcu.externaltools.gnu-tools-for-stm32.12.3.rel1.win32_1.1.0.202410251130/tools/bin/../lib/gcc/arm-none-eabi/12.3.1/../../../../arm-none-eabi/lib/thumb/v7e-m+fp/hard\libnosys.a
END GROUP
START GROUP
LOAD F:/ST/STM32CubeIDE_1.1.0/STM32CubeIDE/plugins/com.st.stm32cube.ide.mcu.externaltools.gnu-tools-for-stm32.12.3.rel1.win32_1.1.0.202410251130/tools/bin/../lib/gcc/arm-none-eabi/12.3.1/thumb/v7e-m+fp/hard\libgcc.a
LOAD F:/ST/STM32CubeIDE_1.1.0/STM32CubeIDE/plugins/com.st.stm32cube.ide.mcu.externaltools.gnu-tools-for-stm32.12.3.rel1.win32_1.1.0.202410251130/tools/bin/../lib/gcc/arm-none-eabi/12.3.1/../../../../arm-none-eabi/lib/thumb/v7e-m+fp/hard\libc_nano.a
LOAD F:/ST/STM32CubeIDE_1.1.0/STM32CubeIDE/plugins/com.st.stm32cube.ide.mcu.externaltools.gnu-tools-for-stm32.12.3.rel1.win32_1.1.0.202410251130/tools/bin/../lib/gcc/arm-none-eabi/12.3.1/../../../../arm-none-eabi/lib/thumb/v7e-m+fp/hard\libnosys.a
END GROUP
LOAD F:/ST/STM32CubeIDE_1.1.0/STM32CubeIDE/plugins/com.st.stm32cube.ide.mcu.externaltools.gnu-tools-for-stm32.12.3.rel1.win32_1.1.0.202410251130/tools/bin/../lib/gcc/arm-none-eabi/12.3.1/thumb/v7e-m+fp/hard/crtend.o
LOAD F:/ST/STM32CubeIDE_1.1.0/STM32CubeIDE/plugins/com.st.stm32cube.ide.mcu.externaltools.gnu-tools-for-stm32.12.3.rel1.win32_1.1.0.202410251130/tools/bin/../lib/gcc/arm-none-eabi/12.3.1/thumb/v7e-m+fp/hard/crtn.o
                0x20010000                        _estack = (ORIGIN (RAM) + LENGTH (RAM))
                0x00000200                        _Min_Heap_Size = 0x200
                0x00000400                        _Min_Stack_Size = 0x400

.isr_vector     0x08000000      0x194
                0x08000000                        . = ALIGN (0x4)
 *(.isr_vector)
 .isr_vector    0x08000000      0x194 ./Core/Startup/startup_stm32f401ccux.o
                0x08000000                g_pfnVectors
                0x08000194                        . = ALIGN (0x4)

.text           0x08000198    0x10cb4
                0x08000198                        . = ALIGN (0x4)
 *(.text)
 .text          0x08000198       0x40 F:/ST/STM32CubeIDE_1.1.0/STM32CubeIDE/plugins/com.st.stm32cube.ide.mcu.externaltools.gnu-tools-for-stm32.12.3.rel1.win32_1.1.0.202410251130/tools/bin/../lib/gcc/arm-none-eabi/12.3.1/thumb/v7e-m+fp/hard/crtbegin.o
 .text          0x080001d8      0x864 ./MP3Helix/src/asmpoly_thumb2.o
                0x080001d8                xmp3_PolyphaseStereo
                0x0800072c                xmp3_PolyphaseMono
 .text          0x08000a3c       0x10 F:/ST/STM32CubeIDE_1.1.0/STM32CubeIDE/plugins/com.st.stm32cube.ide.mcu.externaltools.gnu-tools-for-stm32.12.3.rel1.win32_1.1.0.202410251130/tools/bin/../lib/gcc/arm-none-eabi/12.3.1/../../../../arm-none-eabi/lib/thumb/v7e-m+fp/hard\libc_nano.a(libc_a-strlen.o)
                0x08000a3c                strlen
 .text          0x08000a4c       0x30 F:/ST/STM32CubeIDE_1.1.0/STM32CubeIDE/plugins/com.st.stm32cube.ide.mcu.externaltools.gnu-tools-for-stm32.12.3.rel1.win32_1.1.0.202410251130/tools/bin/../lib/gcc/arm-none-eabi/12.3.1/thumb/v7e-m+fp/hard\libgcc.a(_aeabi_uldivmod.o)
                0x08000a4c                __aeabi_uldivmod
 .text          0x08000a7c      0x2bc F:/ST/STM32CubeIDE_1.1.0/STM32CubeIDE/plugins/com.st.stm32cube.ide.mcu.externaltools.gnu-tools-for-stm32.12.3.rel1.win32_1.1.0.202410251130/tools/bin/../lib/gcc/arm-none-eabi/12.3.1/thumb/v7e-m+fp/hard\libgcc.a(_udivmoddi4.o)
                0x08000a7c                __udivmoddi4
 .text          0x08000d38        0x4 F:/ST/STM32CubeIDE_1.1.0/STM32CubeIDE/plugins/com.st.stm32cube.ide.mcu.externaltools.gnu-tools-for-stm32.12.3.rel1.win32_1.1.0.202410251130/tools/bin/../lib/gcc/arm-none-eabi/12.3.1/thumb/v7e-m+fp/hard\libgcc.a(_dvmd_tls.o)
                0x08000d38                __aeabi_idiv0
                0x08000d38                __aeabi_ldiv0
 *(.text*)
 .text.PlayAVI  0x08000d3c      0xb18 ./AVI/avi.o
                0x08000d3c                PlayAVI
 .text.AVIIntro
                0x08001854      0x304 ./AVI/avi.o
                0x08001854                AVIIntro
 .text.mp3_process_decode
                0x08001b58      0x154 ./AVI/mp3_callback.o
 .text.mp3_read_header_callback
                0x08001cac      0x124 ./AVI/mp3_callback.o
                0x08001cac                mp3_read_header_callback
 .text.mp3_start_play_callback
                0x08001dd0       0x30 ./AVI/mp3_callback.o
                0x08001dd0                mp3_start_play_callback
 .text.mp3_update_play_callback
                0x08001e00       0x20 ./AVI/mp3_callback.o
                0x08001e00                mp3_update_play_callback
 .text.mp3_stop_callback
                0x08001e20       0x18 ./AVI/mp3_callback.o
                0x08001e20                mp3_stop_callback
 .text.PlayerNew
                0x08001e38        0x8 ./AVI/player.o
                0x08001e38                PlayerNew
 .text.PlayerDelete
                0x08001e40       0x68 ./AVI/player.o
                0x08001e40                PlayerDelete
 .text.PlayerInit
                0x08001ea8       0x34 ./AVI/player.o
                0x08001ea8                PlayerInit
 .text.PlayerReadHeader
                0x08001edc        0xc ./AVI/player.o
                0x08001edc                PlayerReadHeader
 .text.PlayerStartPlay
                0x08001ee8       0x64 ./AVI/player.o
                0x08001ee8                PlayerStartPlay
 .text.PlayerUpdate
                0x08001f4c       0x24 ./AVI/player.o
                0x08001f4c                PlayerUpdate
 .text.PlayerStop
                0x08001f70        0xc ./AVI/player.o
                0x08001f70                PlayerStop
 .text.Read_RIFF_Header
                0x08001f7c      0x244 ./AVI/riff_read_header.o
                0x08001f7c                Read_RIFF_Header
 .text.memset_word
                0x080021c0        0xc ./Core/Src/asm.o
                0x080021c0                memset_word
 .text.SystemClock_Config
                0x080021cc       0xd4 ./Core/Src/main.o
                0x080021cc                SystemClock_Config
 .text.startup.main
                0x080022a0      0xa00 ./Core/Src/main.o
                0x080022a0                main
 .text.NMI_Handler
                0x08002ca0        0x4 ./Core/Src/stm32f4xx_it.o
                0x08002ca0                NMI_Handler
 .text.HardFault_Handler
                0x08002ca4        0x4 ./Core/Src/stm32f4xx_it.o
                0x08002ca4                HardFault_Handler
 .text.MemManage_Handler
                0x08002ca8        0x4 ./Core/Src/stm32f4xx_it.o
                0x08002ca8                MemManage_Handler
 .text.BusFault_Handler
                0x08002cac        0x4 ./Core/Src/stm32f4xx_it.o
                0x08002cac                BusFault_Handler
 .text.UsageFault_Handler
                0x08002cb0        0x4 ./Core/Src/stm32f4xx_it.o
                0x08002cb0                UsageFault_Handler
 .text.SVC_Handler
                0x08002cb4        0x4 ./Core/Src/stm32f4xx_it.o
                0x08002cb4                SVC_Handler
 .text.DebugMon_Handler
                0x08002cb8        0x4 ./Core/Src/stm32f4xx_it.o
                0x08002cb8                DebugMon_Handler
 .text.PendSV_Handler
                0x08002cbc        0x4 ./Core/Src/stm32f4xx_it.o
                0x08002cbc                PendSV_Handler
 .text.SysTick_Handler
                0x08002cc0       0x10 ./Core/Src/stm32f4xx_it.o
                0x08002cc0                SysTick_Handler
 .text.EXTI0_IRQHandler
                0x08002cd0       0xdc ./Core/Src/stm32f4xx_it.o
                0x08002cd0                EXTI0_IRQHandler
 .text.EXTI1_IRQHandler
                0x08002dac       0x7c ./Core/Src/stm32f4xx_it.o
                0x08002dac                EXTI1_IRQHandler
 .text.DMA1_Stream3_IRQHandler
                0x08002e28        0x4 ./Core/Src/stm32f4xx_it.o
                0x08002e28                DMA1_Stream3_IRQHandler
 .text.DMA1_Stream4_IRQHandler
                0x08002e2c        0x4 ./Core/Src/stm32f4xx_it.o
                0x08002e2c                DMA1_Stream4_IRQHandler
 .text.EXTI15_10_IRQHandler
                0x08002e30       0x80 ./Core/Src/stm32f4xx_it.o
                0x08002e30                EXTI15_10_IRQHandler
 .text.DMA2_Stream3_IRQHandler
                0x08002eb0        0xc ./Core/Src/stm32f4xx_it.o
                0x08002eb0                DMA2_Stream3_IRQHandler
 .text.DMA1_Stream5_IRQHandler
                0x08002ebc       0xb8 ./Core/Src/stm32f4xx_it.o
                0x08002ebc                DMA1_Stream5_IRQHandler
 .text._sbrk    0x08002f74       0x44 ./Core/Src/sysmem.o
                0x08002f74                _sbrk
 .text.SystemInit
                0x08002fb8       0x14 ./Core/Src/system_stm32f4xx.o
                0x08002fb8                SystemInit
 .text.Reset_Handler
                0x08002fcc       0x50 ./Core/Startup/startup_stm32f401ccux.o
                0x08002fcc                Reset_Handler
 .text.Default_Handler
                0x0800301c        0x2 ./Core/Startup/startup_stm32f401ccux.o
                0x0800301c                RTC_Alarm_IRQHandler
                0x0800301c                EXTI2_IRQHandler
                0x0800301c                SPI4_IRQHandler
                0x0800301c                TIM1_CC_IRQHandler
                0x0800301c                DMA2_Stream5_IRQHandler
                0x0800301c                PVD_IRQHandler
                0x0800301c                SDIO_IRQHandler
                0x0800301c                TAMP_STAMP_IRQHandler
                0x0800301c                EXTI3_IRQHandler
                0x0800301c                TIM1_UP_TIM10_IRQHandler
                0x0800301c                I2C3_ER_IRQHandler
                0x0800301c                I2C2_EV_IRQHandler
                0x0800301c                DMA1_Stream2_IRQHandler
                0x0800301c                FPU_IRQHandler
                0x0800301c                DMA2_Stream2_IRQHandler
                0x0800301c                SPI1_IRQHandler
                0x0800301c                TIM1_BRK_TIM9_IRQHandler
                0x0800301c                USART6_IRQHandler
                0x0800301c                DMA2_Stream0_IRQHandler
                0x0800301c                TIM4_IRQHandler
                0x0800301c                I2C1_EV_IRQHandler
                0x0800301c                DMA1_Stream6_IRQHandler
                0x0800301c                DMA1_Stream1_IRQHandler
                0x0800301c                TIM3_IRQHandler
                0x0800301c                RCC_IRQHandler
                0x0800301c                Default_Handler
                0x0800301c                ADC_IRQHandler
                0x0800301c                DMA1_Stream7_IRQHandler
                0x0800301c                TIM5_IRQHandler
                0x0800301c                DMA2_Stream7_IRQHandler
                0x0800301c                I2C3_EV_IRQHandler
                0x0800301c                EXTI9_5_IRQHandler
                0x0800301c                RTC_WKUP_IRQHandler
                0x0800301c                SPI2_IRQHandler
                0x0800301c                DMA1_Stream0_IRQHandler
                0x0800301c                EXTI4_IRQHandler
                0x0800301c                WWDG_IRQHandler
                0x0800301c                TIM2_IRQHandler
                0x0800301c                OTG_FS_WKUP_IRQHandler
                0x0800301c                TIM1_TRG_COM_TIM11_IRQHandler
                0x0800301c                USART2_IRQHandler
                0x0800301c                I2C2_ER_IRQHandler
                0x0800301c                DMA2_Stream1_IRQHandler
                0x0800301c                FLASH_IRQHandler
                0x0800301c                DMA2_Stream4_IRQHandler
                0x0800301c                USART1_IRQHandler
                0x0800301c                OTG_FS_IRQHandler
                0x0800301c                SPI3_IRQHandler
                0x0800301c                I2C1_ER_IRQHandler
                0x0800301c                DMA2_Stream6_IRQHandler
 *fill*         0x0800301e        0x2 
 .text.LCD_SetCS
                0x08003020        0xc ./Display/display.o
                0x08003020                LCD_SetCS
 .text.LCD_ResCS
                0x0800302c       0x10 ./Display/display.o
                0x0800302c                LCD_ResCS
 .text.LCD_SetDC
                0x0800303c        0x8 ./Display/display.o
                0x0800303c                LCD_SetDC
 .text.LCD_String_Interpretator
                0x08003044       0xd8 ./Display/display.o
                0x08003044                LCD_String_Interpretator
 .text.LCD_DisplayAdd
                0x0800311c      0x1d0 ./Display/display.o
                0x0800311c                LCD_DisplayAdd
 .text.LCD_Init
                0x080032ec       0xa8 ./Display/display.o
                0x080032ec                LCD_Init
 .text.LCD_Fill
                0x08003394       0x20 ./Display/display.o
                0x08003394                LCD_Fill
 .text.LCD_DrawLine
                0x080033b4      0x1b4 ./Display/display.o
                0x080033b4                LCD_DrawLine
 .text.LCD_DrawRectangle
                0x08003568       0x58 ./Display/display.o
                0x08003568                LCD_DrawRectangle
 .text.LCD_DrawFilledRectangle
                0x080035c0       0x54 ./Display/display.o
                0x080035c0                LCD_DrawFilledRectangle
 .text.LCD_WriteChar
                0x08003614      0x2ec ./Display/display.o
                0x08003614                LCD_WriteChar
 .text.LCD_WriteString
                0x08003900       0x68 ./Display/display.o
                0x08003900                LCD_WriteString
 .text.LCD_SetActiveWindow
                0x08003968       0xc4 ./Display/display_asm.o
                0x08003968                LCD_SetActiveWindow
 .text.LCD_WriteData
                0x08003a2c       0x68 ./Display/display_asm.o
                0x08003a2c                LCD_WriteData
 .text.LCD_WriteDataDMA
                0x08003a94       0x8e ./Display/display_asm.o
                0x08003a94                LCD_WriteDataDMA
 .text.LCD_FillWindow
                0x08003b22       0x8c ./Display/display_asm.o
                0x08003b22                LCD_FillWindow
 .text.LCD_DrawImage
                0x08003bae       0x50 ./Display/display_asm.o
                0x08003bae                LCD_DrawImage
 *fill*         0x08003bfe        0x2 
 .text.Display_TC_Callback
                0x08003c00       0x90 ./Display/display_asm.o
                0x08003c00                Display_TC_Callback
 .text.ILI9341_Init
                0x08003c90       0x1c ./Display/ili9341.o
                0x08003c90                ILI9341_Init
 .text.ILI9341_SetWindow
                0x08003cac       0x48 ./Display/ili9341.o
                0x08003cac                ILI9341_SetWindow
 .text.ILI9341_SleepIn
                0x08003cf4        0x8 ./Display/ili9341.o
                0x08003cf4                ILI9341_SleepIn
 .text.ILI9341_SleepOut
                0x08003cfc        0x8 ./Display/ili9341.o
                0x08003cfc                ILI9341_SleepOut
 .text.LL_EXTI_Init
                0x08003d04       0xb0 ./Drivers/STM32F4xx_HAL_Driver/Src/stm32f4xx_ll_exti.o
                0x08003d04                LL_EXTI_Init
 .text.LL_GPIO_Init
                0x08003db4      0x13c ./Drivers/STM32F4xx_HAL_Driver/Src/stm32f4xx_ll_gpio.o
                0x08003db4                LL_GPIO_Init
 .text.LL_RCC_GetI2SClockFreq
                0x08003ef0       0x68 ./Drivers/STM32F4xx_HAL_Driver/Src/stm32f4xx_ll_rcc.o
                0x08003ef0                LL_RCC_GetI2SClockFreq
 .text.LL_SPI_Init
                0x08003f58       0x70 ./Drivers/STM32F4xx_HAL_Driver/Src/stm32f4xx_ll_spi.o
                0x08003f58                LL_SPI_Init
 .text.LL_I2S_Init
                0x08003fc8       0xa0 ./Drivers/STM32F4xx_HAL_Driver/Src/stm32f4xx_ll_spi.o
                0x08003fc8                LL_I2S_Init
 .text.LL_TIM_Init
                0x08004068       0x90 ./Drivers/STM32F4xx_HAL_Driver/Src/stm32f4xx_ll_tim.o
                0x08004068                LL_TIM_Init
 .text.LL_TIM_OC_Init
                0x080040f8      0x1a4 ./Drivers/STM32F4xx_HAL_Driver/Src/stm32f4xx_ll_tim.o
                0x080040f8                LL_TIM_OC_Init
 .text.LL_Init1msTick
                0x0800429c       0x20 ./Drivers/STM32F4xx_HAL_Driver/Src/stm32f4xx_ll_utils.o
                0x0800429c                LL_Init1msTick
 .text.LL_mDelay
                0x080042bc       0x24 ./Drivers/STM32F4xx_HAL_Driver/Src/stm32f4xx_ll_utils.o
                0x080042bc                LL_mDelay
 .text.LL_SetSystemCoreClock
                0x080042e0        0xc ./Drivers/STM32F4xx_HAL_Driver/Src/stm32f4xx_ll_utils.o
                0x080042e0                LL_SetSystemCoreClock
 .text.EncoderInit
                0x080042ec       0x24 ./Encoder/encoder.o
                0x080042ec                EncoderInit
 .text.EncoderUpdate
                0x08004310      0x134 ./Encoder/encoder.o
                0x08004310                EncoderUpdate
 .text.EncoderSetInversion
                0x08004444        0x8 ./Encoder/encoder.o
                0x08004444                EncoderSetInversion
 .text.disk_status
                0x0800444c        0x4 ./FATFS/diskio.o
                0x0800444c                disk_status
 .text.disk_initialize
                0x08004450        0x4 ./FATFS/diskio.o
                0x08004450                disk_initialize
 .text.disk_read
                0x08004454       0x1c ./FATFS/diskio.o
                0x08004454                disk_read
 .text.get_fileinfo
                0x08004470      0x220 ./FATFS/ff.o
 .text.check_fs
                0x08004690       0xf8 ./FATFS/ff.o
 .text.mount_volume.constprop.0
                0x08004788      0x1d8 ./FATFS/ff.o
 .text.get_fat.isra.0
                0x08004960       0xf8 ./FATFS/ff.o
 .text.dir_sdi.constprop.0
                0x08004a58      0x164 ./FATFS/ff.o
 .text.follow_path
                0x08004bbc      0x63c ./FATFS/ff.o
 .text.f_mount  0x080051f8       0x60 ./FATFS/ff.o
                0x080051f8                f_mount
 .text.f_open   0x08005258       0x7c ./FATFS/ff.o
                0x08005258                f_open
 .text.f_read   0x080052d4      0x15c ./FATFS/ff.o
                0x080052d4                f_read
 .text.f_close  0x08005430       0x30 ./FATFS/ff.o
                0x08005430                f_close
 .text.f_lseek  0x08005460      0x224 ./FATFS/ff.o
                0x08005460                f_lseek
 .text.f_opendir
                0x08005684       0x6c ./FATFS/ff.o
                0x08005684                f_opendir
 .text.f_closedir
                0x080056f0       0x30 ./FATFS/ff.o
                0x080056f0                f_closedir
 .text.f_readdir
                0x08005720      0x454 ./FATFS/ff.o
                0x08005720                f_readdir
 .text.ff_uni2oem
                0x08005b74       0x38 ./FATFS/ffunicode.o
                0x08005b74                ff_uni2oem
 .text.ff_oem2uni
                0x08005bac       0x28 ./FATFS/ffunicode.o
                0x08005bac                ff_oem2uni
 .text.ff_wtoupper
                0x08005bd4       0xa8 ./FATFS/ffunicode.o
                0x08005bd4                ff_wtoupper
 .text.SPI_DMA_TransmitReceive
                0x08005c7c      0x118 ./FATFS/user_diskio_spi.o
 .text.wait_ready
                0x08005d94       0x64 ./FATFS/user_diskio_spi.o
 .text.send_cmd
                0x08005df8      0x100 ./FATFS/user_diskio_spi.o
 .text.rcvr_datablock
                0x08005ef8       0x94 ./FATFS/user_diskio_spi.o
 .text.USER_SPI_initialize
                0x08005f8c      0x1dc ./FATFS/user_diskio_spi.o
                0x08005f8c                USER_SPI_initialize
 .text.USER_SPI_status
                0x08006168        0xc ./FATFS/user_diskio_spi.o
                0x08006168                USER_SPI_status
 .text.USER_SPI_read
                0x08006174       0x90 ./FATFS/user_diskio_spi.o
                0x08006174                USER_SPI_read
 .text.FileManagerSetDisplay
                0x08006204        0x4 ./FileManager/filemanager.o
 .text.FileManagerSetWin
                0x08006208       0x20 ./FileManager/filemanager.o
 .text.FileManagerSetColor
                0x08006228        0x4 ./FileManager/filemanager.o
 .text.FileManagerSetFont
                0x0800622c        0x4 ./FileManager/filemanager.o
 .text.FileManagerSetKeys
                0x08006230       0x10 ./FileManager/filemanager.o
 .text.FileManagerChangeActiveFlag
                0x08006240        0x8 ./FileManager/filemanager.o
 .text.FileManagerGetStatus
                0x08006248        0x8 ./FileManager/filemanager.o
 .text.FileManagerGetFilePath
                0x08006250        0x4 ./FileManager/filemanager.o
 .text.FileManagerGetFileName
                0x08006254        0x4 ./FileManager/filemanager.o
 .text.FileManagerShow
                0x08006258      0xa2c ./FileManager/filemanager.o
 .text.FileManagerNew
                0x08006c84       0x84 ./FileManager/filemanager.o
                0x08006c84                FileManagerNew
 .text.FileManagerPopupWin
                0x08006d08       0xec ./FileManager/filemanager.o
                0x08006d08                FileManagerPopupWin
 .text.tjd_output
                0x08006df4       0x98 ./JPEG/jpeg_chan.o
 .text.tjd_input_memory
                0x08006e8c       0x30 ./JPEG/jpeg_chan.o
 .text.tjd_input_file
                0x08006ebc       0x70 ./JPEG/jpeg_chan.o
 .text.LCD_Load_JPG_chan
                0x08006f2c       0xc4 ./JPEG/jpeg_chan.o
                0x08006f2c                LCD_Load_JPG_chan
 .text.jd_prepare
                0x08006ff0      0x85c ./JPEG/tjpgd.o
                0x08006ff0                jd_prepare
 .text.jd_decomp
                0x0800784c      0xf94 ./JPEG/tjpgd.o
                0x0800784c                jd_decomp
 .text.KEYB_Inkeys
                0x080087e0       0x3c ./Keyboard/keyboard.o
                0x080087e0                KEYB_Inkeys
 .text.KEYB_kbhit
                0x0800881c       0x1c ./Keyboard/keyboard.o
                0x0800881c                KEYB_kbhit
 .text.xmp3_SetBitstreamPointer
                0x08008838        0xc ./MP3Helix/src/bitstream.o
                0x08008838                xmp3_SetBitstreamPointer
 .text.xmp3_GetBits
                0x08008844       0xe4 ./MP3Helix/src/bitstream.o
                0x08008844                xmp3_GetBits
 .text.xmp3_CalcBitsUsed
                0x08008928       0x14 ./MP3Helix/src/bitstream.o
                0x08008928                xmp3_CalcBitsUsed
 .text.xmp3_CheckPadBit
                0x0800893c       0x18 ./MP3Helix/src/bitstream.o
                0x0800893c                xmp3_CheckPadBit
 .text.xmp3_UnpackFrameHeader
                0x08008954      0x1d8 ./MP3Helix/src/bitstream.o
                0x08008954                xmp3_UnpackFrameHeader
 .text.xmp3_UnpackSideInfo
                0x08008b2c      0xfbc ./MP3Helix/src/bitstream.o
                0x08008b2c                xmp3_UnpackSideInfo
 .text.xmp3_FreeBuffers
                0x08009ae8       0x4c ./MP3Helix/src/buffers.o
                0x08009ae8                xmp3_FreeBuffers
 .text.xmp3_AllocateBuffers
                0x08009b34       0x9c ./MP3Helix/src/buffers.o
                0x08009b34                xmp3_AllocateBuffers
 .text.xmp3_FDCT32
                0x08009bd0      0xa10 ./MP3Helix/src/dct32.o
                0x08009bd0                xmp3_FDCT32
 .text.xmp3_Dequantize
                0x0800a5e0      0x334 ./MP3Helix/src/dequant.o
                0x0800a5e0                xmp3_Dequantize
 .text.DequantBlock
                0x0800a914      0x1e4 ./MP3Helix/src/dqchan.o
 .text.xmp3_DequantChannel
                0x0800aaf8      0x2fc ./MP3Helix/src/dqchan.o
                0x0800aaf8                xmp3_DequantChannel
 .text.xmp3_DecodeHuffman
                0x0800adf4      0x7b4 ./MP3Helix/src/huffman.o
                0x0800adf4                xmp3_DecodeHuffman
 .text.WinPrevious.part.0
                0x0800b5a8       0xe4 ./MP3Helix/src/imdct.o
 .text.FreqInvertRescale
                0x0800b68c      0x1ac ./MP3Helix/src/imdct.o
 .text.xmp3_IMDCT
                0x0800b838     0x21f4 ./MP3Helix/src/imdct.o
                0x0800b838                xmp3_IMDCT
 .text.MP3InitDecoder
                0x0800da2c        0x4 ./MP3Helix/src/mp3dec.o
                0x0800da2c                MP3InitDecoder
 .text.MP3FreeDecoder
                0x0800da30        0x8 ./MP3Helix/src/mp3dec.o
                0x0800da30                MP3FreeDecoder
 .text.MP3Decode
                0x0800da38      0x444 ./MP3Helix/src/mp3dec.o
                0x0800da38                MP3Decode
 .text.xmp3_UnpackScaleFactors
                0x0800de7c      0x86c ./MP3Helix/src/scalfact.o
                0x0800de7c                xmp3_UnpackScaleFactors
 .text.xmp3_MidSideProc
                0x0800e6e8       0x6c ./MP3Helix/src/stproc.o
                0x0800e6e8                xmp3_MidSideProc
 .text.xmp3_IntensityProcMPEG1
                0x0800e754      0x340 ./MP3Helix/src/stproc.o
                0x0800e754                xmp3_IntensityProcMPEG1
 .text.xmp3_IntensityProcMPEG2
                0x0800ea94      0x314 ./MP3Helix/src/stproc.o
                0x0800ea94                xmp3_IntensityProcMPEG2
 .text.xmp3_Subband
                0x0800eda8      0x11c ./MP3Helix/src/subband.o
                0x0800eda8                xmp3_Subband
 .text.GRAPH_getcolor_unknow
                0x0800eec4       0x14 ./MicroGL2D/microgl2d.o
 .text.GRAPH_getcolor_R3G3B2
                0x0800eed8       0x28 ./MicroGL2D/microgl2d.o
 .text.GRAPH_getcolor_R5G6B5
                0x0800ef00       0x28 ./MicroGL2D/microgl2d.o
 .text.GRAPH_getcolor_A4R4G4B4
                0x0800ef28       0x24 ./MicroGL2D/microgl2d.o
 .text.GRAPH_getcolor_R8G8B8
                0x0800ef4c       0x18 ./MicroGL2D/microgl2d.o
 .text.GRAPH_getcolor_A8R8G8B8
                0x0800ef64       0x18 ./MicroGL2D/microgl2d.o
 .text.MGL_setcolorbuffer
                0x0800ef7c      0xa08 ./MicroGL2D/microgl2d.o
 .text.MGL_GradientCreate
                0x0800f984       0x14 ./MicroGL2D/microgl2d.o
                0x0800f984                MGL_GradientCreate
 .text.MGL_GradientDelete
                0x0800f998       0x24 ./MicroGL2D/microgl2d.o
                0x0800f998                MGL_GradientDelete
 .text.MGL_GradientAddColor
                0x0800f9bc       0x64 ./MicroGL2D/microgl2d.o
                0x0800f9bc                MGL_GradientAddColor
 .text.MGL_GradientSetDeg
                0x0800fa20        0x4 ./MicroGL2D/microgl2d.o
                0x0800fa20                MGL_GradientSetDeg
 .text.MGL_ObjectAdd
                0x0800fa24       0x70 ./MicroGL2D/microgl2d.o
                0x0800fa24                MGL_ObjectAdd
 .text.MGL_ObjectsListDelete
                0x0800fa94       0x54 ./MicroGL2D/microgl2d.o
                0x0800fa94                MGL_ObjectsListDelete
 .text.MGL_ObjectSetTexture
                0x0800fae8        0x4 ./MicroGL2D/microgl2d.o
                0x0800fae8                MGL_ObjectSetTexture
 .text.MGL_ObjectSetGradient
                0x0800faec        0x4 ./MicroGL2D/microgl2d.o
                0x0800faec                MGL_ObjectSetGradient
 .text.MGL_ObjectSetTransparency
                0x0800faf0        0x4 ./MicroGL2D/microgl2d.o
                0x0800faf0                MGL_ObjectSetTransparency
 .text.MGL_ObjectSetVisible
                0x0800faf4        0x4 ./MicroGL2D/microgl2d.o
                0x0800faf4                MGL_ObjectSetVisible
 .text.MGL_SetRectangle
                0x0800faf8       0x2c ./MicroGL2D/microgl2d.o
                0x0800faf8                MGL_SetRectangle
 .text.MGL_SetTriangle
                0x0800fb24       0x64 ./MicroGL2D/microgl2d.o
                0x0800fb24                MGL_SetTriangle
 .text.MGL_SetCircle
                0x0800fb88       0x10 ./MicroGL2D/microgl2d.o
                0x0800fb88                MGL_SetCircle
 .text.MGL_SetText
                0x0800fb98       0x1c ./MicroGL2D/microgl2d.o
                0x0800fb98                MGL_SetText
 .text.MGL_RenderObjects
                0x0800fbb4      0x6e0 ./MicroGL2D/microgl2d.o
                0x0800fbb4                MGL_RenderObjects
 .text.MGL_ObjectMove
                0x08010294       0x74 ./MicroGL2D/microgl2d.o
                0x08010294                MGL_ObjectMove
 .text.MGL_ObjectListMove
                0x08010308       0x84 ./MicroGL2D/microgl2d.o
                0x08010308                MGL_ObjectListMove
 .text.MGL_ObjectListTransparency
                0x0801038c        0xc ./MicroGL2D/microgl2d.o
                0x0801038c                MGL_ObjectListTransparency
 .text.my_strcpy_fixed_sym
                0x08010398       0x20 ./MyString/mystring.o
                0x08010398                my_strcpy_fixed_sym
 .text.my_strcat_fixed_sym
                0x080103b8       0x38 ./MyString/mystring.o
                0x080103b8                my_strcat_fixed_sym
 .text.my_strcat
                0x080103f0       0x2c ./MyString/mystring.o
                0x080103f0                my_strcat
 .text.my_strcpy
                0x0801041c       0x18 ./MyString/mystring.o
                0x0801041c                my_strcpy
 .text.my_strcpy_mem
                0x08010434       0x40 ./MyString/mystring.o
                0x08010434                my_strcpy_mem
 .text.my_strlen
                0x08010474       0x14 ./MyString/mystring.o
                0x08010474                my_strlen
 .text.my_strsplice
                0x08010488      0x100 ./MyString/mystring.o
                0x08010488                my_strsplice
 .text.Init_DAC
                0x08010588      0x214 ./PCM5102/pcm5102.o
                0x08010588                Init_DAC
 .text.Start_DAC
                0x0801079c       0xb8 ./PCM5102/pcm5102.o
                0x0801079c                Start_DAC
 .text.Stop_DAC
                0x08010854       0x74 ./PCM5102/pcm5102.o
                0x08010854                Stop_DAC
 .text.Setup_DAC
                0x080108c8      0x11c ./PCM5102/pcm5102.o
                0x080108c8                Setup_DAC
 .text.calloc   0x080109e4       0x10 F:/ST/STM32CubeIDE_1.1.0/STM32CubeIDE/plugins/com.st.stm32cube.ide.mcu.externaltools.gnu-tools-for-stm32.12.3.rel1.win32_1.1.0.202410251130/tools/bin/../lib/gcc/arm-none-eabi/12.3.1/../../../../arm-none-eabi/lib/thumb/v7e-m+fp/hard\libc_nano.a(libc_a-calloc.o)
                0x080109e4                calloc
 .text._calloc_r
                0x080109f4       0x28 F:/ST/STM32CubeIDE_1.1.0/STM32CubeIDE/plugins/com.st.stm32cube.ide.mcu.externaltools.gnu-tools-for-stm32.12.3.rel1.win32_1.1.0.202410251130/tools/bin/../lib/gcc/arm-none-eabi/12.3.1/../../../../arm-none-eabi/lib/thumb/v7e-m+fp/hard\libc_nano.a(libc_a-callocr.o)
                0x080109f4                _calloc_r
 .text.malloc   0x08010a1c       0x10 F:/ST/STM32CubeIDE_1.1.0/STM32CubeIDE/plugins/com.st.stm32cube.ide.mcu.externaltools.gnu-tools-for-stm32.12.3.rel1.win32_1.1.0.202410251130/tools/bin/../lib/gcc/arm-none-eabi/12.3.1/../../../../arm-none-eabi/lib/thumb/v7e-m+fp/hard\libc_nano.a(libc_a-malloc.o)
                0x08010a1c                malloc
 .text.free     0x08010a2c       0x10 F:/ST/STM32CubeIDE_1.1.0/STM32CubeIDE/plugins/com.st.stm32cube.ide.mcu.externaltools.gnu-tools-for-stm32.12.3.rel1.win32_1.1.0.202410251130/tools/bin/../lib/gcc/arm-none-eabi/12.3.1/../../../../arm-none-eabi/lib/thumb/v7e-m+fp/hard\libc_nano.a(libc_a-malloc.o)
                0x08010a2c                free
 .text.sbrk_aligned
                0x08010a3c       0x44 F:/ST/STM32CubeIDE_1.1.0/STM32CubeIDE/plugins/com.st.stm32cube.ide.mcu.externaltools.gnu-tools-for-stm32.12.3.rel1.win32_1.1.0.202410251130/tools/bin/../lib/gcc/arm-none-eabi/12.3.1/../../../../arm-none-eabi/lib/thumb/v7e-m+fp/hard\libc_nano.a(libc_a-mallocr.o)
 .text._malloc_r
                0x08010a80      0x100 F:/ST/STM32CubeIDE_1.1.0/STM32CubeIDE/plugins/com.st.stm32cube.ide.mcu.externaltools.gnu-tools-for-stm32.12.3.rel1.win32_1.1.0.202410251130/tools/bin/../lib/gcc/arm-none-eabi/12.3.1/../../../../arm-none-eabi/lib/thumb/v7e-m+fp/hard\libc_nano.a(libc_a-mallocr.o)
                0x08010a80                _malloc_r
 .text.__malloc_lock
                0x08010b80        0xc F:/ST/STM32CubeIDE_1.1.0/STM32CubeIDE/plugins/com.st.stm32cube.ide.mcu.externaltools.gnu-tools-for-stm32.12.3.rel1.win32_1.1.0.202410251130/tools/bin/../lib/gcc/arm-none-eabi/12.3.1/../../../../arm-none-eabi/lib/thumb/v7e-m+fp/hard\libc_nano.a(libc_a-mlock.o)
                0x08010b80                __malloc_lock
 .text.__malloc_unlock
                0x08010b8c        0xc F:/ST/STM32CubeIDE_1.1.0/STM32CubeIDE/plugins/com.st.stm32cube.ide.mcu.externaltools.gnu-tools-for-stm32.12.3.rel1.win32_1.1.0.202410251130/tools/bin/../lib/gcc/arm-none-eabi/12.3.1/../../../../arm-none-eabi/lib/thumb/v7e-m+fp/hard\libc_nano.a(libc_a-mlock.o)
                0x08010b8c                __malloc_unlock
 .text.realloc  0x08010b98       0x10 F:/ST/STM32CubeIDE_1.1.0/STM32CubeIDE/plugins/com.st.stm32cube.ide.mcu.externaltools.gnu-tools-for-stm32.12.3.rel1.win32_1.1.0.202410251130/tools/bin/../lib/gcc/arm-none-eabi/12.3.1/../../../../arm-none-eabi/lib/thumb/v7e-m+fp/hard\libc_nano.a(libc_a-realloc.o)
                0x08010b98                realloc
 .text._realloc_r
                0x08010ba8       0x5c F:/ST/STM32CubeIDE_1.1.0/STM32CubeIDE/plugins/com.st.stm32cube.ide.mcu.externaltools.gnu-tools-for-stm32.12.3.rel1.win32_1.1.0.202410251130/tools/bin/../lib/gcc/arm-none-eabi/12.3.1/../../../../arm-none-eabi/lib/thumb/v7e-m+fp/hard\libc_nano.a(libc_a-reallocr.o)
                0x08010ba8                _realloc_r
 .text.__utoa   0x08010c04       0x84 F:/ST/STM32CubeIDE_1.1.0/STM32CubeIDE/plugins/com.st.stm32cube.ide.mcu.externaltools.gnu-tools-for-stm32.12.3.rel1.win32_1.1.0.202410251130/tools/bin/../lib/gcc/arm-none-eabi/12.3.1/../../../../arm-none-eabi/lib/thumb/v7e-m+fp/hard\libc_nano.a(libc_a-utoa.o)
                0x08010c04                __utoa
 .text.utoa     0x08010c88        0x4 F:/ST/STM32CubeIDE_1.1.0/STM32CubeIDE/plugins/com.st.stm32cube.ide.mcu.externaltools.gnu-tools-for-stm32.12.3.rel1.win32_1.1.0.202410251130/tools/bin/../lib/gcc/arm-none-eabi/12.3.1/../../../../arm-none-eabi/lib/thumb/v7e-m+fp/hard\libc_nano.a(libc_a-utoa.o)
                0x08010c88                utoa
 .text.memmove  0x08010c8c       0x34 F:/ST/STM32CubeIDE_1.1.0/STM32CubeIDE/plugins/com.st.stm32cube.ide.mcu.externaltools.gnu-tools-for-stm32.12.3.rel1.win32_1.1.0.202410251130/tools/bin/../lib/gcc/arm-none-eabi/12.3.1/../../../../arm-none-eabi/lib/thumb/v7e-m+fp/hard\libc_nano.a(libc_a-memmove.o)
                0x08010c8c                memmove
 .text.memset   0x08010cc0       0x10 F:/ST/STM32CubeIDE_1.1.0/STM32CubeIDE/plugins/com.st.stm32cube.ide.mcu.externaltools.gnu-tools-for-stm32.12.3.rel1.win32_1.1.0.202410251130/tools/bin/../lib/gcc/arm-none-eabi/12.3.1/../../../../arm-none-eabi/lib/thumb/v7e-m+fp/hard\libc_nano.a(libc_a-memset.o)
                0x08010cc0                memset
 .text.strstr   0x08010cd0       0x2c F:/ST/STM32CubeIDE_1.1.0/STM32CubeIDE/plugins/com.st.stm32cube.ide.mcu.externaltools.gnu-tools-for-stm32.12.3.rel1.win32_1.1.0.202410251130/tools/bin/../lib/gcc/arm-none-eabi/12.3.1/../../../../arm-none-eabi/lib/thumb/v7e-m+fp/hard\libc_nano.a(libc_a-strstr.o)
                0x08010cd0                strstr
 .text._sbrk_r  0x08010cfc       0x20 F:/ST/STM32CubeIDE_1.1.0/STM32CubeIDE/plugins/com.st.stm32cube.ide.mcu.externaltools.gnu-tools-for-stm32.12.3.rel1.win32_1.1.0.202410251130/tools/bin/../lib/gcc/arm-none-eabi/12.3.1/../../../../arm-none-eabi/lib/thumb/v7e-m+fp/hard\libc_nano.a(libc_a-sbrkr.o)
                0x08010cfc                _sbrk_r
 .text.__errno  0x08010d1c        0xc F:/ST/STM32CubeIDE_1.1.0/STM32CubeIDE/plugins/com.st.stm32cube.ide.mcu.externaltools.gnu-tools-for-stm32.12.3.rel1.win32_1.1.0.202410251130/tools/bin/../lib/gcc/arm-none-eabi/12.3.1/../../../../arm-none-eabi/lib/thumb/v7e-m+fp/hard\libc_nano.a(libc_a-errno.o)
                0x08010d1c                __errno
 .text.__libc_init_array
                0x08010d28       0x48 F:/ST/STM32CubeIDE_1.1.0/STM32CubeIDE/plugins/com.st.stm32cube.ide.mcu.externaltools.gnu-tools-for-stm32.12.3.rel1.win32_1.1.0.202410251130/tools/bin/../lib/gcc/arm-none-eabi/12.3.1/../../../../arm-none-eabi/lib/thumb/v7e-m+fp/hard\libc_nano.a(libc_a-init.o)
                0x08010d28                __libc_init_array
 .text.__retarget_lock_acquire_recursive
                0x08010d70        0x2 F:/ST/STM32CubeIDE_1.1.0/STM32CubeIDE/plugins/com.st.stm32cube.ide.mcu.externaltools.gnu-tools-for-stm32.12.3.rel1.win32_1.1.0.202410251130/tools/bin/../lib/gcc/arm-none-eabi/12.3.1/../../../../arm-none-eabi/lib/thumb/v7e-m+fp/hard\libc_nano.a(libc_a-lock.o)
                0x08010d70                __retarget_lock_acquire_recursive
 .text.__retarget_lock_release_recursive
                0x08010d72        0x2 F:/ST/STM32CubeIDE_1.1.0/STM32CubeIDE/plugins/com.st.stm32cube.ide.mcu.externaltools.gnu-tools-for-stm32.12.3.rel1.win32_1.1.0.202410251130/tools/bin/../lib/gcc/arm-none-eabi/12.3.1/../../../../arm-none-eabi/lib/thumb/v7e-m+fp/hard\libc_nano.a(libc_a-lock.o)
                0x08010d72                __retarget_lock_release_recursive
 .text.memcpy   0x08010d74       0x1c F:/ST/STM32CubeIDE_1.1.0/STM32CubeIDE/plugins/com.st.stm32cube.ide.mcu.externaltools.gnu-tools-for-stm32.12.3.rel1.win32_1.1.0.202410251130/tools/bin/../lib/gcc/arm-none-eabi/12.3.1/../../../../arm-none-eabi/lib/thumb/v7e-m+fp/hard\libc_nano.a(libc_a-memcpy-stub.o)
                0x08010d74                memcpy
 .text._free_r  0x08010d90       0x94 F:/ST/STM32CubeIDE_1.1.0/STM32CubeIDE/plugins/com.st.stm32cube.ide.mcu.externaltools.gnu-tools-for-stm32.12.3.rel1.win32_1.1.0.202410251130/tools/bin/../lib/gcc/arm-none-eabi/12.3.1/../../../../arm-none-eabi/lib/thumb/v7e-m+fp/hard\libc_nano.a(libc_a-freer.o)
                0x08010d90                _free_r
 .text._malloc_usable_size_r
                0x08010e24       0x10 F:/ST/STM32CubeIDE_1.1.0/STM32CubeIDE/plugins/com.st.stm32cube.ide.mcu.externaltools.gnu-tools-for-stm32.12.3.rel1.win32_1.1.0.202410251130/tools/bin/../lib/gcc/arm-none-eabi/12.3.1/../../../../arm-none-eabi/lib/thumb/v7e-m+fp/hard\libc_nano.a(libc_a-msizer.o)
                0x08010e24                _malloc_usable_size_r
 *(.glue_7)
 .glue_7        0x08010e34        0x0 linker stubs
 *(.glue_7t)
 .glue_7t       0x08010e34        0x0 linker stubs
 *(.eh_frame)
 .eh_frame      0x08010e34        0x0 F:/ST/STM32CubeIDE_1.1.0/STM32CubeIDE/plugins/com.st.stm32cube.ide.mcu.externaltools.gnu-tools-for-stm32.12.3.rel1.win32_1.1.0.202410251130/tools/bin/../lib/gcc/arm-none-eabi/12.3.1/thumb/v7e-m+fp/hard/crtbegin.o
 *(.init)
 .init          0x08010e34        0x4 F:/ST/STM32CubeIDE_1.1.0/STM32CubeIDE/plugins/com.st.stm32cube.ide.mcu.externaltools.gnu-tools-for-stm32.12.3.rel1.win32_1.1.0.202410251130/tools/bin/../lib/gcc/arm-none-eabi/12.3.1/thumb/v7e-m+fp/hard/crti.o
                0x08010e34                _init
 .init          0x08010e38        0x8 F:/ST/STM32CubeIDE_1.1.0/STM32CubeIDE/plugins/com.st.stm32cube.ide.mcu.externaltools.gnu-tools-for-stm32.12.3.rel1.win32_1.1.0.202410251130/tools/bin/../lib/gcc/arm-none-eabi/12.3.1/thumb/v7e-m+fp/hard/crtn.o
 *(.fini)
 .fini          0x08010e40        0x4 F:/ST/STM32CubeIDE_1.1.0/STM32CubeIDE/plugins/com.st.stm32cube.ide.mcu.externaltools.gnu-tools-for-stm32.12.3.rel1.win32_1.1.0.202410251130/tools/bin/../lib/gcc/arm-none-eabi/12.3.1/thumb/v7e-m+fp/hard/crti.o
                0x08010e40                _fini
 .fini          0x08010e44        0x8 F:/ST/STM32CubeIDE_1.1.0/STM32CubeIDE/plugins/com.st.stm32cube.ide.mcu.externaltools.gnu-tools-for-stm32.12.3.rel1.win32_1.1.0.202410251130/tools/bin/../lib/gcc/arm-none-eabi/12.3.1/thumb/v7e-m+fp/hard/crtn.o
                0x08010e4c                        . = ALIGN (0x4)
                0x08010e4c                        _etext = .

.vfp11_veneer   0x08010e4c        0x0
 .vfp11_veneer  0x08010e4c        0x0 linker stubs

.v4_bx          0x08010e4c        0x0
 .v4_bx         0x08010e4c        0x0 linker stubs

.iplt           0x08010e4c        0x0
 .iplt          0x08010e4c        0x0 F:/ST/STM32CubeIDE_1.1.0/STM32CubeIDE/plugins/com.st.stm32cube.ide.mcu.externaltools.gnu-tools-for-stm32.12.3.rel1.win32_1.1.0.202410251130/tools/bin/../lib/gcc/arm-none-eabi/12.3.1/thumb/v7e-m+fp/hard/crtbegin.o

.rodata         0x08010e4c     0x7ef0
                0x08010e4c                        . = ALIGN (0x4)
 *(.rodata)
 .rodata        0x08010e4c       0x66 ./AVI/avi.o
 *fill*         0x08010eb2        0x2 
 .rodata        0x08010eb4       0x26 ./AVI/mp3_callback.o
 *fill*         0x08010eda        0x2 
 .rodata        0x08010edc       0x38 ./Core/Src/main.o
 .rodata        0x08010f14       0xa8 ./PCM5102/pcm5102.o
 *(.rodata*)
 .rodata.PlayAVI.str1.4
                0x08010fbc       0x4a ./AVI/avi.o
 *fill*         0x08011006        0x2 
 .rodata.AVIIntro.str1.4
                0x08011008       0x23 ./AVI/avi.o
 *fill*         0x0801102b        0x1 
 .rodata.fon_file
                0x0801102c        0x8 ./AVI/jpeg_data.o
                0x0801102c                fon_file
 .rodata.fon_data
                0x08011034      0xb60 ./AVI/jpeg_data.o
                0x08011034                fon_data
 .rodata.image_x
                0x08011b94       0x10 ./AVI/textures.o
                0x08011b94                image_x
 .rodata.image_volume
                0x08011ba4       0x10 ./AVI/textures.o
                0x08011ba4                image_volume
 .rodata.image_avatar
                0x08011bb4       0x10 ./AVI/textures.o
                0x08011bb4                image_avatar
 .rodata.image_data_x
                0x08011bc4      0x800 ./AVI/textures.o
                0x08011bc4                image_data_x
 .rodata.image_data_volume
                0x080123c4      0x800 ./AVI/textures.o
                0x080123c4                image_data_volume
 .rodata.image_data_avatar
                0x08012bc4      0xc80 ./AVI/textures.o
                0x08012bc4                image_data_avatar
 .rodata.main.str1.4
                0x08013844       0x13 ./Core/Src/main.o
 *fill*         0x08013857        0x1 
 .rodata.STREAM_OFFSET_TAB
                0x08013858        0x8 ./Display/display.o
 .rodata.Font8x13
                0x08013860      0xb60 ./Display/fonts.o
 .rodata.CSWTCH.2
                0x080143c0        0x4 ./Display/ili9341.o
 .rodata.ENCODER_inc_tbl
                0x080143c4       0x10 ./Encoder/encoder.o
 .rodata.check_fs.str1.4
                0x080143d4        0x9 ./FATFS/ff.o
 *fill*         0x080143dd        0x3 
 .rodata.follow_path.str1.4
                0x080143e0       0x13 ./FATFS/ff.o
 *fill*         0x080143f3        0x1 
 .rodata.ExCvt  0x080143f4       0x80 ./FATFS/ff.o
 .rodata.LfnOfs
                0x08014474        0xd ./FATFS/ff.o
 *fill*         0x08014481        0x3 
 .rodata.cvt2.0
                0x08014484       0xbc ./FATFS/ffunicode.o
 .rodata.cvt1.1
                0x08014540      0x1f2 ./FATFS/ffunicode.o
 *fill*         0x08014732        0x2 
 .rodata.uc866  0x08014734      0x100 ./FATFS/ffunicode.o
 .rodata.FileManagerShow.str1.4
                0x08014834        0x6 ./FileManager/filemanager.o
                                  0xa (size before relaxing)
 .rodata.FileManagerNew.str1.4
                0x0801483a        0x6 ./FileManager/filemanager.o
                                  0x1 (size before relaxing)
 *fill*         0x0801483a        0x2 
 .rodata.FM_video_types
                0x0801483c       0x78 ./FileManager/filemanager.o
                0x0801483c                FM_video_types
 .rodata.FM_data_types
                0x080148b4       0xba ./FileManager/filemanager.o
                0x080148b4                FM_data_types
 *fill*         0x0801496e        0x2 
 .rodata.FM_picture_types
                0x08014970       0xac ./FileManager/filemanager.o
                0x08014970                FM_picture_types
 .rodata.FM_audio_types
                0x08014a1c       0xa2 ./FileManager/filemanager.o
                0x08014a1c                FM_audio_types
 *fill*         0x08014abe        0x2 
 .rodata.Icon_Audio
                0x08014ac0        0x8 ./FileManager/icons.o
                0x08014ac0                Icon_Audio
 .rodata.Icon_Other
                0x08014ac8        0x8 ./FileManager/icons.o
                0x08014ac8                Icon_Other
 .rodata.Icon_Text
                0x08014ad0        0x8 ./FileManager/icons.o
                0x08014ad0                Icon_Text
 .rodata.Icon_Picture
                0x08014ad8        0x8 ./FileManager/icons.o
                0x08014ad8                Icon_Picture
 .rodata.Icon_Video
                0x08014ae0        0x8 ./FileManager/icons.o
                0x08014ae0                Icon_Video
 .rodata.Icon_Catalog
                0x08014ae8        0x8 ./FileManager/icons.o
                0x08014ae8                Icon_Catalog
 .rodata.Icon_Prev
                0x08014af0        0x8 ./FileManager/icons.o
                0x08014af0                Icon_Prev
 .rodata.image_data_audio
                0x08014af8      0x1e0 ./FileManager/icons.o
                0x08014af8                image_data_audio
 .rodata.image_data_other
                0x08014cd8      0x1e0 ./FileManager/icons.o
                0x08014cd8                image_data_other
 .rodata.image_data_text
                0x08014eb8      0x1e0 ./FileManager/icons.o
                0x08014eb8                image_data_text
 .rodata.image_data_video
                0x08015098      0x1e0 ./FileManager/icons.o
                0x08015098                image_data_video
 .rodata.image_data_picture
                0x08015278      0x1e0 ./FileManager/icons.o
                0x08015278                image_data_picture
 .rodata.image_data_catalog
                0x08015458      0x1e0 ./FileManager/icons.o
                0x08015458                image_data_catalog
 .rodata.image_data_prev
                0x08015638      0x1e0 ./FileManager/icons.o
                0x08015638                image_data_prev
 .rodata.Ipsf   0x08015818       0x80 ./JPEG/tjpgd.o
 .rodata.Zig    0x08015898       0x40 ./JPEG/tjpgd.o
 .rodata.dcttab
                0x080158d8       0xc0 ./MP3Helix/src/dct32.o
 .rodata.pow2frac
                0x08015998       0x20 ./MP3Helix/src/dqchan.o
 .rodata.pow2exp
                0x080159b8       0x20 ./MP3Helix/src/dqchan.o
 .rodata.pow43  0x080159d8       0xc0 ./MP3Helix/src/dqchan.o
 .rodata.pow43_14
                0x08015a98      0x100 ./MP3Helix/src/dqchan.o
 .rodata.pow14  0x08015b98       0x10 ./MP3Helix/src/dqchan.o
 .rodata.preTab
                0x08015ba8       0x16 ./MP3Helix/src/dqchan.o
 *fill*         0x08015bbe        0x2 
 .rodata.xmp3_quadTabMaxBits
                0x08015bc0        0x8 ./MP3Helix/src/hufftabs.o
                0x08015bc0                xmp3_quadTabMaxBits
 .rodata.xmp3_quadTabOffset
                0x08015bc8        0x8 ./MP3Helix/src/hufftabs.o
                0x08015bc8                xmp3_quadTabOffset
 .rodata.xmp3_quadTable
                0x08015bd0       0x50 ./MP3Helix/src/hufftabs.o
                0x08015bd0                xmp3_quadTable
 .rodata.xmp3_huffTabLookup
                0x08015c20      0x100 ./MP3Helix/src/hufftabs.o
                0x08015c20                xmp3_huffTabLookup
 .rodata.xmp3_huffTabOffset
                0x08015d20       0x80 ./MP3Helix/src/hufftabs.o
                0x08015d20                xmp3_huffTabOffset
 .rodata.xmp3_huffTable
                0x08015da0     0x2124 ./MP3Helix/src/hufftabs.o
                0x08015da0                xmp3_huffTable
 .rodata.fastWin36
                0x08017ec4       0x48 ./MP3Helix/src/imdct.o
 .rodata.c18    0x08017f0c       0x24 ./MP3Helix/src/imdct.o
 .rodata.xmp3_sfBandTable
                0x08017f30      0x29a ./MP3Helix/src/mp3tabs.o
                0x08017f30                xmp3_sfBandTable
 *fill*         0x080181ca        0x2 
 .rodata.xmp3_slotTab
                0x080181cc      0x10e ./MP3Helix/src/mp3tabs.o
                0x080181cc                xmp3_slotTab
 *fill*         0x080182da        0x2 
 .rodata.xmp3_sideBytesTab
                0x080182dc        0xc ./MP3Helix/src/mp3tabs.o
                0x080182dc                xmp3_sideBytesTab
 .rodata.xmp3_samplesPerFrameTab
                0x080182e8       0x12 ./MP3Helix/src/mp3tabs.o
                0x080182e8                xmp3_samplesPerFrameTab
 *fill*         0x080182fa        0x2 
 .rodata.xmp3_bitrateTab
                0x080182fc      0x10e ./MP3Helix/src/mp3tabs.o
                0x080182fc                xmp3_bitrateTab
 *fill*         0x0801840a        0x2 
 .rodata.xmp3_samplerateTab
                0x0801840c       0x24 ./MP3Helix/src/mp3tabs.o
                0x0801840c                xmp3_samplerateTab
 .rodata.SFLenTab
                0x08018430       0x20 ./MP3Helix/src/scalfact.o
 .rodata.xmp3_polyCoef
                0x08018450      0x420 ./MP3Helix/src/trigtabs.o
                0x08018450                xmp3_polyCoef
 .rodata.xmp3_csa
                0x08018870       0x40 ./MP3Helix/src/trigtabs.o
                0x08018870                xmp3_csa
 .rodata.xmp3_ISFIIP
                0x080188b0       0x10 ./MP3Helix/src/trigtabs.o
                0x080188b0                xmp3_ISFIIP
 .rodata.xmp3_ISFMpeg2
                0x080188c0      0x100 ./MP3Helix/src/trigtabs.o
                0x080188c0                xmp3_ISFMpeg2
 .rodata.xmp3_ISFMpeg1
                0x080189c0       0x38 ./MP3Helix/src/trigtabs.o
                0x080189c0                xmp3_ISFMpeg1
 .rodata.xmp3_imdctWin
                0x080189f8      0x240 ./MP3Helix/src/trigtabs.o
                0x080189f8                xmp3_imdctWin
 .rodata.CSWTCH.33
                0x08018c38       0x14 ./MicroGL2D/microgl2d.o
 .rodata.CSWTCH.32
                0x08018c4c        0x5 ./MicroGL2D/microgl2d.o
 *fill*         0x08018c51        0x3 
 .rodata.sin_tbl_int
                0x08018c54       0xb6 ./MicroGL2D/microgl2d.o
                0x08018c54                sin_tbl_int
 *fill*         0x08018d0a        0x2 
 .rodata.STREAM_OFFSET_TAB
                0x08018d0c        0x8 ./PCM5102/pcm5102.o
 .rodata.__utoa.str1.1
                0x08018d14       0x25 F:/ST/STM32CubeIDE_1.1.0/STM32CubeIDE/plugins/com.st.stm32cube.ide.mcu.externaltools.gnu-tools-for-stm32.12.3.rel1.win32_1.1.0.202410251130/tools/bin/../lib/gcc/arm-none-eabi/12.3.1/../../../../arm-none-eabi/lib/thumb/v7e-m+fp/hard\libc_nano.a(libc_a-utoa.o)
                0x08018d3c                        . = ALIGN (0x4)
 *fill*         0x08018d39        0x3 

.ARM.extab      0x08018d3c        0x0
                0x08018d3c                        . = ALIGN (0x4)
 *(.ARM.extab* .gnu.linkonce.armextab.*)
                0x08018d3c                        . = ALIGN (0x4)

.ARM            0x08018d3c        0x8
                0x08018d3c                        . = ALIGN (0x4)
                0x08018d3c                        __exidx_start = .
 *(.ARM.exidx*)
 .ARM.exidx     0x08018d3c        0x8 F:/ST/STM32CubeIDE_1.1.0/STM32CubeIDE/plugins/com.st.stm32cube.ide.mcu.externaltools.gnu-tools-for-stm32.12.3.rel1.win32_1.1.0.202410251130/tools/bin/../lib/gcc/arm-none-eabi/12.3.1/../../../../arm-none-eabi/lib/thumb/v7e-m+fp/hard\libc_nano.a(libc_a-strlen.o)
 .ARM.exidx     0x08018d44        0x0 F:/ST/STM32CubeIDE_1.1.0/STM32CubeIDE/plugins/com.st.stm32cube.ide.mcu.externaltools.gnu-tools-for-stm32.12.3.rel1.win32_1.1.0.202410251130/tools/bin/../lib/gcc/arm-none-eabi/12.3.1/thumb/v7e-m+fp/hard\libgcc.a(_udivmoddi4.o)
                                  0x8 (size before relaxing)
                0x08018d44                        __exidx_end = .
                0x08018d44                        . = ALIGN (0x4)

.preinit_array  0x08018d44        0x0
                0x08018d44                        . = ALIGN (0x4)
                0x08018d44                        PROVIDE (__preinit_array_start = .)
 *(.preinit_array*)
                0x08018d44                        PROVIDE (__preinit_array_end = .)
                0x08018d44                        . = ALIGN (0x4)

.init_array     0x08018d44        0x4
                0x08018d44                        . = ALIGN (0x4)
                0x08018d44                        PROVIDE (__init_array_start = .)
 *(SORT_BY_NAME(.init_array.*))
 *(.init_array*)
 .init_array    0x08018d44        0x4 F:/ST/STM32CubeIDE_1.1.0/STM32CubeIDE/plugins/com.st.stm32cube.ide.mcu.externaltools.gnu-tools-for-stm32.12.3.rel1.win32_1.1.0.202410251130/tools/bin/../lib/gcc/arm-none-eabi/12.3.1/thumb/v7e-m+fp/hard/crtbegin.o
                0x08018d48                        PROVIDE (__init_array_end = .)
                0x08018d48                        . = ALIGN (0x4)

.fini_array     0x08018d48        0x4
                0x08018d48                        . = ALIGN (0x4)
                [!provide]                        PROVIDE (__fini_array_start = .)
 *(SORT_BY_NAME(.fini_array.*))
 *(.fini_array*)
 .fini_array    0x08018d48        0x4 F:/ST/STM32CubeIDE_1.1.0/STM32CubeIDE/plugins/com.st.stm32cube.ide.mcu.externaltools.gnu-tools-for-stm32.12.3.rel1.win32_1.1.0.202410251130/tools/bin/../lib/gcc/arm-none-eabi/12.3.1/thumb/v7e-m+fp/hard/crtbegin.o
                [!provide]                        PROVIDE (__fini_array_end = .)
                0x08018d4c                        . = ALIGN (0x4)
                0x08018d4c                        _sidata = LOADADDR (.data)

.rel.dyn        0x08018d4c        0x0
 .rel.iplt      0x08018d4c        0x0 F:/ST/STM32CubeIDE_1.1.0/STM32CubeIDE/plugins/com.st.stm32cube.ide.mcu.externaltools.gnu-tools-for-stm32.12.3.rel1.win32_1.1.0.202410251130/tools/bin/../lib/gcc/arm-none-eabi/12.3.1/thumb/v7e-m+fp/hard/crtbegin.o

.data           0x20000000      0x11c load address 0x08018d4c
                0x20000000                        . = ALIGN (0x4)
                0x20000000                        _sdata = .
 *(.data)
 *(.data*)
 .data.AVI_volume
                0x20000000        0x1 ./AVI/avi.o
                0x20000000                AVI_volume
 .data.AVI_color_mode
                0x20000001        0x1 ./AVI/avi.o
                0x20000001                AVI_color_mode
 *fill*         0x20000002        0x2 
 .data.SystemCoreClock
                0x20000004        0x4 ./Core/Src/system_stm32f4xx.o
                0x20000004                SystemCoreClock
 .data.Font_8x13
                0x20000008        0xc ./Display/fonts.o
                0x20000008                Font_8x13
 .data.ili9341_sleepout_str
                0x20000014        0x6 ./Display/ili9341.o
                0x20000014                ili9341_sleepout_str
 *fill*         0x2000001a        0x2 
 .data.ili9341_sleepin_str
                0x2000001c        0x6 ./Display/ili9341.o
                0x2000001c                ili9341_sleepin_str
 *fill*         0x20000022        0x2 
 .data.ili9341_setwin_str
                0x20000024       0x12 ./Display/ili9341.o
                0x20000024                ili9341_setwin_str
 *fill*         0x20000036        0x2 
 .data.ili9341_init_str
                0x20000038       0x91 ./Display/ili9341.o
                0x20000038                ili9341_init_str
 .data.Stat     0x200000c9        0x1 ./FATFS/user_diskio_spi.o
 *fill*         0x200000ca        0x2 
 .data._impure_ptr
                0x200000cc        0x4 F:/ST/STM32CubeIDE_1.1.0/STM32CubeIDE/plugins/com.st.stm32cube.ide.mcu.externaltools.gnu-tools-for-stm32.12.3.rel1.win32_1.1.0.202410251130/tools/bin/../lib/gcc/arm-none-eabi/12.3.1/../../../../arm-none-eabi/lib/thumb/v7e-m+fp/hard\libc_nano.a(libc_a-impure.o)
                0x200000cc                _impure_ptr
 .data._impure_data
                0x200000d0       0x4c F:/ST/STM32CubeIDE_1.1.0/STM32CubeIDE/plugins/com.st.stm32cube.ide.mcu.externaltools.gnu-tools-for-stm32.12.3.rel1.win32_1.1.0.202410251130/tools/bin/../lib/gcc/arm-none-eabi/12.3.1/../../../../arm-none-eabi/lib/thumb/v7e-m+fp/hard\libc_nano.a(libc_a-impure.o)
                0x200000d0                _impure_data
 *(.RamFunc)
 *(.RamFunc*)
                0x2000011c                        . = ALIGN (0x4)
                0x2000011c                        _edata = .

.igot.plt       0x2000011c        0x0 load address 0x08018e68
 .igot.plt      0x2000011c        0x0 F:/ST/STM32CubeIDE_1.1.0/STM32CubeIDE/plugins/com.st.stm32cube.ide.mcu.externaltools.gnu-tools-for-stm32.12.3.rel1.win32_1.1.0.202410251130/tools/bin/../lib/gcc/arm-none-eabi/12.3.1/thumb/v7e-m+fp/hard/crtbegin.o
                0x2000011c                        . = ALIGN (0x4)

.bss            0x2000011c     0x351c load address 0x08018e68
                0x2000011c                        _sbss = .
                0x2000011c                        __bss_start__ = _sbss
 *(.bss)
 .bss           0x2000011c       0x1c F:/ST/STM32CubeIDE_1.1.0/STM32CubeIDE/plugins/com.st.stm32cube.ide.mcu.externaltools.gnu-tools-for-stm32.12.3.rel1.win32_1.1.0.202410251130/tools/bin/../lib/gcc/arm-none-eabi/12.3.1/thumb/v7e-m+fp/hard/crtbegin.o
 *(.bss*)
 .bss.AVI_osd   0x20000138        0x4 ./AVI/avi.o
                0x20000138                AVI_osd
 .bss.player1   0x2000013c        0x4 ./AVI/player.o
                0x2000013c                player1
 .bss.encoder1  0x20000140       0x30 ./Core/Src/main.o
                0x20000140                encoder1
 .bss.FatFS     0x20000170      0x22c ./Core/Src/main.o
                0x20000170                FatFS
 .bss.Path      0x2000039c        0x4 ./Core/Src/main.o
                0x2000039c                Path
 .bss.millis    0x200003a0        0x4 ./Core/Src/main.o
                0x200003a0                millis
 .bss.__sbrk_heap_end
                0x200003a4        0x4 ./Core/Src/sysmem.o
 .bss.LCD       0x200003a8        0x4 ./Display/display.o
                0x200003a8                LCD
 .bss.LfnBuf    0x200003ac      0x200 ./FATFS/ff.o
 .bss.Fsid      0x200005ac        0x2 ./FATFS/ff.o
 *fill*         0x200005ae        0x2 
 .bss.FatFs     0x200005b0        0x4 ./FATFS/ff.o
 .bss.CardType  0x200005b4        0x1 ./FATFS/user_diskio_spi.o
 *fill*         0x200005b5        0x3 
 .bss.work_buffer
                0x200005b8     0x2ee0 ./JPEG/jpeg_chan.o
                0x200005b8                work_buffer
 .bss.OSD_cycle_counter
                0x20003498        0x4 ./JPEG/jpeg_chan.o
                0x20003498                OSD_cycle_counter
 .bss.KEYB_all_button
                0x2000349c        0x1 ./Keyboard/keyboard.o
                0x2000349c                KEYB_all_button
 .bss.KEYB_count_key
                0x2000349d        0x1 ./Keyboard/keyboard.o
                0x2000349d                KEYB_count_key
 *fill*         0x2000349e        0x2 
 .bss.KEYB_key_buff
                0x200034a0       0x50 ./Keyboard/keyboard.o
                0x200034a0                KEYB_key_buff
 .bss.__malloc_sbrk_start
                0x200034f0        0x4 F:/ST/STM32CubeIDE_1.1.0/STM32CubeIDE/plugins/com.st.stm32cube.ide.mcu.externaltools.gnu-tools-for-stm32.12.3.rel1.win32_1.1.0.202410251130/tools/bin/../lib/gcc/arm-none-eabi/12.3.1/../../../../arm-none-eabi/lib/thumb/v7e-m+fp/hard\libc_nano.a(libc_a-mallocr.o)
                0x200034f0                __malloc_sbrk_start
 .bss.__malloc_free_list
                0x200034f4        0x4 F:/ST/STM32CubeIDE_1.1.0/STM32CubeIDE/plugins/com.st.stm32cube.ide.mcu.externaltools.gnu-tools-for-stm32.12.3.rel1.win32_1.1.0.202410251130/tools/bin/../lib/gcc/arm-none-eabi/12.3.1/../../../../arm-none-eabi/lib/thumb/v7e-m+fp/hard\libc_nano.a(libc_a-mallocr.o)
                0x200034f4                __malloc_free_list
 .bss.__sf      0x200034f8      0x138 F:/ST/STM32CubeIDE_1.1.0/STM32CubeIDE/plugins/com.st.stm32cube.ide.mcu.externaltools.gnu-tools-for-stm32.12.3.rel1.win32_1.1.0.202410251130/tools/bin/../lib/gcc/arm-none-eabi/12.3.1/../../../../arm-none-eabi/lib/thumb/v7e-m+fp/hard\libc_nano.a(libc_a-findfp.o)
                0x200034f8                __sf
 .bss.errno     0x20003630        0x4 F:/ST/STM32CubeIDE_1.1.0/STM32CubeIDE/plugins/com.st.stm32cube.ide.mcu.externaltools.gnu-tools-for-stm32.12.3.rel1.win32_1.1.0.202410251130/tools/bin/../lib/gcc/arm-none-eabi/12.3.1/../../../../arm-none-eabi/lib/thumb/v7e-m+fp/hard\libc_nano.a(libc_a-reent.o)
                0x20003630                errno
 .bss.__lock___malloc_recursive_mutex
                0x20003634        0x1 F:/ST/STM32CubeIDE_1.1.0/STM32CubeIDE/plugins/com.st.stm32cube.ide.mcu.externaltools.gnu-tools-for-stm32.12.3.rel1.win32_1.1.0.202410251130/tools/bin/../lib/gcc/arm-none-eabi/12.3.1/../../../../arm-none-eabi/lib/thumb/v7e-m+fp/hard\libc_nano.a(libc_a-lock.o)
                0x20003634                __lock___malloc_recursive_mutex
 *(COMMON)
                0x20003638                        . = ALIGN (0x4)
 *fill*         0x20003635        0x3 
                0x20003638                        _ebss = .
                0x20003638                        __bss_end__ = _ebss

._user_heap_stack
                0x20003638      0x600 load address 0x08018e68
                0x20003638                        . = ALIGN (0x8)
                [!provide]                        PROVIDE (end = .)
                0x20003638                        PROVIDE (_end = .)
                0x20003838                        . = (. + _Min_Heap_Size)
 *fill*         0x20003638      0x200 
                0x20003c38                        . = (. + _Min_Stack_Size)
 *fill*         0x20003838      0x400 
                0x20003c38                        . = ALIGN (0x8)

/DISCARD/
 libc.a(*)
 libm.a(*)
 libgcc.a(*)

.ARM.attributes
                0x00000000       0x30
 *(.ARM.attributes)
 .ARM.attributes
                0x00000000       0x22 F:/ST/STM32CubeIDE_1.1.0/STM32CubeIDE/plugins/com.st.stm32cube.ide.mcu.externaltools.gnu-tools-for-stm32.12.3.rel1.win32_1.1.0.202410251130/tools/bin/../lib/gcc/arm-none-eabi/12.3.1/thumb/v7e-m+fp/hard/crti.o
 .ARM.attributes
                0x00000022       0x34 F:/ST/STM32CubeIDE_1.1.0/STM32CubeIDE/plugins/com.st.stm32cube.ide.mcu.externaltools.gnu-tools-for-stm32.12.3.rel1.win32_1.1.0.202410251130/tools/bin/../lib/gcc/arm-none-eabi/12.3.1/thumb/v7e-m+fp/hard/crtbegin.o
 .ARM.attributes
                0x00000056       0x30 ./AVI/avi.o
 .ARM.attributes
                0x00000086       0x30 ./AVI/jpeg_data.o
 .ARM.attributes
                0x000000b6       0x30 ./AVI/mp3_callback.o
 .ARM.attributes
                0x000000e6       0x30 ./AVI/player.o
 .ARM.attributes
                0x00000116       0x30 ./AVI/riff_read_header.o
 .ARM.attributes
                0x00000146       0x30 ./AVI/textures.o
 .ARM.attributes
                0x00000176       0x25 ./Core/Src/asm.o
 .ARM.attributes
                0x0000019b       0x30 ./Core/Src/main.o
 .ARM.attributes
                0x000001cb       0x30 ./Core/Src/stm32f4xx_it.o
 .ARM.attributes
                0x000001fb       0x30 ./Core/Src/sysmem.o
 .ARM.attributes
                0x0000022b       0x30 ./Core/Src/system_stm32f4xx.o
 .ARM.attributes
                0x0000025b       0x21 ./Core/Startup/startup_stm32f401ccux.o
 .ARM.attributes
                0x0000027c       0x30 ./Display/display.o
 .ARM.attributes
                0x000002ac       0x25 ./Display/display_asm.o
 .ARM.attributes
                0x000002d1       0x30 ./Display/fonts.o
 .ARM.attributes
                0x00000301       0x30 ./Display/ili9341.o
 .ARM.attributes
                0x00000331       0x30 ./Drivers/STM32F4xx_HAL_Driver/Src/stm32f4xx_ll_exti.o
 .ARM.attributes
                0x00000361       0x30 ./Drivers/STM32F4xx_HAL_Driver/Src/stm32f4xx_ll_gpio.o
 .ARM.attributes
                0x00000391       0x30 ./Drivers/STM32F4xx_HAL_Driver/Src/stm32f4xx_ll_rcc.o
 .ARM.attributes
                0x000003c1       0x30 ./Drivers/STM32F4xx_HAL_Driver/Src/stm32f4xx_ll_spi.o
 .ARM.attributes
                0x000003f1       0x30 ./Drivers/STM32F4xx_HAL_Driver/Src/stm32f4xx_ll_tim.o
 .ARM.attributes
                0x00000421       0x30 ./Drivers/STM32F4xx_HAL_Driver/Src/stm32f4xx_ll_utils.o
 .ARM.attributes
                0x00000451       0x30 ./Encoder/encoder.o
 .ARM.attributes
                0x00000481       0x30 ./FATFS/diskio.o
 .ARM.attributes
                0x000004b1       0x30 ./FATFS/ff.o
 .ARM.attributes
                0x000004e1       0x30 ./FATFS/ffunicode.o
 .ARM.attributes
                0x00000511       0x30 ./FATFS/user_diskio_spi.o
 .ARM.attributes
                0x00000541       0x30 ./FileManager/filemanager.o
 .ARM.attributes
                0x00000571       0x30 ./FileManager/icons.o
 .ARM.attributes
                0x000005a1       0x30 ./JPEG/jpeg_chan.o
 .ARM.attributes
                0x000005d1       0x30 ./JPEG/tjpgd.o
 .ARM.attributes
                0x00000601       0x30 ./Keyboard/keyboard.o
 .ARM.attributes
                0x00000631       0x25 ./MP3Helix/src/asmpoly_thumb2.o
 .ARM.attributes
                0x00000656       0x30 ./MP3Helix/src/bitstream.o
 .ARM.attributes
                0x00000686       0x30 ./MP3Helix/src/buffers.o
 .ARM.attributes
                0x000006b6       0x30 ./MP3Helix/src/dct32.o
 .ARM.attributes
                0x000006e6       0x30 ./MP3Helix/src/dequant.o
 .ARM.attributes
                0x00000716       0x30 ./MP3Helix/src/dqchan.o
 .ARM.attributes
                0x00000746       0x30 ./MP3Helix/src/huffman.o
 .ARM.attributes
                0x00000776       0x30 ./MP3Helix/src/hufftabs.o
 .ARM.attributes
                0x000007a6       0x30 ./MP3Helix/src/imdct.o
 .ARM.attributes
                0x000007d6       0x30 ./MP3Helix/src/mp3dec.o
 .ARM.attributes
                0x00000806       0x30 ./MP3Helix/src/mp3tabs.o
 .ARM.attributes
                0x00000836       0x30 ./MP3Helix/src/scalfact.o
 .ARM.attributes
                0x00000866       0x30 ./MP3Helix/src/stproc.o
 .ARM.attributes
                0x00000896       0x30 ./MP3Helix/src/subband.o
 .ARM.attributes
                0x000008c6       0x30 ./MP3Helix/src/trigtabs.o
 .ARM.attributes
                0x000008f6       0x30 ./MicroGL2D/microgl2d.o
 .ARM.attributes
                0x00000926       0x30 ./MyString/mystring.o
 .ARM.attributes
                0x00000956       0x30 ./PCM5102/pcm5102.o
 .ARM.attributes
                0x00000986       0x34 F:/ST/STM32CubeIDE_1.1.0/STM32CubeIDE/plugins/com.st.stm32cube.ide.mcu.externaltools.gnu-tools-for-stm32.12.3.rel1.win32_1.1.0.202410251130/tools/bin/../lib/gcc/arm-none-eabi/12.3.1/../../../../arm-none-eabi/lib/thumb/v7e-m+fp/hard\libc_nano.a(libc_a-calloc.o)
 .ARM.attributes
                0x000009ba       0x34 F:/ST/STM32CubeIDE_1.1.0/STM32CubeIDE/plugins/com.st.stm32cube.ide.mcu.externaltools.gnu-tools-for-stm32.12.3.rel1.win32_1.1.0.202410251130/tools/bin/../lib/gcc/arm-none-eabi/12.3.1/../../../../arm-none-eabi/lib/thumb/v7e-m+fp/hard\libc_nano.a(libc_a-callocr.o)
 .ARM.attributes
                0x000009ee       0x34 F:/ST/STM32CubeIDE_1.1.0/STM32CubeIDE/plugins/com.st.stm32cube.ide.mcu.externaltools.gnu-tools-for-stm32.12.3.rel1.win32_1.1.0.202410251130/tools/bin/../lib/gcc/arm-none-eabi/12.3.1/../../../../arm-none-eabi/lib/thumb/v7e-m+fp/hard\libc_nano.a(libc_a-malloc.o)
 .ARM.attributes
                0x00000a22       0x34 F:/ST/STM32CubeIDE_1.1.0/STM32CubeIDE/plugins/com.st.stm32cube.ide.mcu.externaltools.gnu-tools-for-stm32.12.3.rel1.win32_1.1.0.202410251130/tools/bin/../lib/gcc/arm-none-eabi/12.3.1/../../../../arm-none-eabi/lib/thumb/v7e-m+fp/hard\libc_nano.a(libc_a-mallocr.o)
 .ARM.attributes
                0x00000a56       0x34 F:/ST/STM32CubeIDE_1.1.0/STM32CubeIDE/plugins/com.st.stm32cube.ide.mcu.externaltools.gnu-tools-for-stm32.12.3.rel1.win32_1.1.0.202410251130/tools/bin/../lib/gcc/arm-none-eabi/12.3.1/../../../../arm-none-eabi/lib/thumb/v7e-m+fp/hard\libc_nano.a(libc_a-mlock.o)
 .ARM.attributes
                0x00000a8a       0x34 F:/ST/STM32CubeIDE_1.1.0/STM32CubeIDE/plugins/com.st.stm32cube.ide.mcu.externaltools.gnu-tools-for-stm32.12.3.rel1.win32_1.1.0.202410251130/tools/bin/../lib/gcc/arm-none-eabi/12.3.1/../../../../arm-none-eabi/lib/thumb/v7e-m+fp/hard\libc_nano.a(libc_a-realloc.o)
 .ARM.attributes
                0x00000abe       0x34 F:/ST/STM32CubeIDE_1.1.0/STM32CubeIDE/plugins/com.st.stm32cube.ide.mcu.externaltools.gnu-tools-for-stm32.12.3.rel1.win32_1.1.0.202410251130/tools/bin/../lib/gcc/arm-none-eabi/12.3.1/../../../../arm-none-eabi/lib/thumb/v7e-m+fp/hard\libc_nano.a(libc_a-reallocr.o)
 .ARM.attributes
                0x00000af2       0x34 F:/ST/STM32CubeIDE_1.1.0/STM32CubeIDE/plugins/com.st.stm32cube.ide.mcu.externaltools.gnu-tools-for-stm32.12.3.rel1.win32_1.1.0.202410251130/tools/bin/../lib/gcc/arm-none-eabi/12.3.1/../../../../arm-none-eabi/lib/thumb/v7e-m+fp/hard\libc_nano.a(libc_a-utoa.o)
 .ARM.attributes
                0x00000b26       0x34 F:/ST/STM32CubeIDE_1.1.0/STM32CubeIDE/plugins/com.st.stm32cube.ide.mcu.externaltools.gnu-tools-for-stm32.12.3.rel1.win32_1.1.0.202410251130/tools/bin/../lib/gcc/arm-none-eabi/12.3.1/../../../../arm-none-eabi/lib/thumb/v7e-m+fp/hard\libc_nano.a(libc_a-findfp.o)
 .ARM.attributes
                0x00000b5a       0x34 F:/ST/STM32CubeIDE_1.1.0/STM32CubeIDE/plugins/com.st.stm32cube.ide.mcu.externaltools.gnu-tools-for-stm32.12.3.rel1.win32_1.1.0.202410251130/tools/bin/../lib/gcc/arm-none-eabi/12.3.1/../../../../arm-none-eabi/lib/thumb/v7e-m+fp/hard\libc_nano.a(libc_a-memmove.o)
 .ARM.attributes
                0x00000b8e       0x34 F:/ST/STM32CubeIDE_1.1.0/STM32CubeIDE/plugins/com.st.stm32cube.ide.mcu.externaltools.gnu-tools-for-stm32.12.3.rel1.win32_1.1.0.202410251130/tools/bin/../lib/gcc/arm-none-eabi/12.3.1/../../../../arm-none-eabi/lib/thumb/v7e-m+fp/hard\libc_nano.a(libc_a-memset.o)
 .ARM.attributes
                0x00000bc2       0x34 F:/ST/STM32CubeIDE_1.1.0/STM32CubeIDE/plugins/com.st.stm32cube.ide.mcu.externaltools.gnu-tools-for-stm32.12.3.rel1.win32_1.1.0.202410251130/tools/bin/../lib/gcc/arm-none-eabi/12.3.1/../../../../arm-none-eabi/lib/thumb/v7e-m+fp/hard\libc_nano.a(libc_a-strstr.o)
 .ARM.attributes
                0x00000bf6       0x34 F:/ST/STM32CubeIDE_1.1.0/STM32CubeIDE/plugins/com.st.stm32cube.ide.mcu.externaltools.gnu-tools-for-stm32.12.3.rel1.win32_1.1.0.202410251130/tools/bin/../lib/gcc/arm-none-eabi/12.3.1/../../../../arm-none-eabi/lib/thumb/v7e-m+fp/hard\libc_nano.a(libc_a-reent.o)
 .ARM.attributes
                0x00000c2a       0x34 F:/ST/STM32CubeIDE_1.1.0/STM32CubeIDE/plugins/com.st.stm32cube.ide.mcu.externaltools.gnu-tools-for-stm32.12.3.rel1.win32_1.1.0.202410251130/tools/bin/../lib/gcc/arm-none-eabi/12.3.1/../../../../arm-none-eabi/lib/thumb/v7e-m+fp/hard\libc_nano.a(libc_a-impure.o)
 .ARM.attributes
                0x00000c5e       0x34 F:/ST/STM32CubeIDE_1.1.0/STM32CubeIDE/plugins/com.st.stm32cube.ide.mcu.externaltools.gnu-tools-for-stm32.12.3.rel1.win32_1.1.0.202410251130/tools/bin/../lib/gcc/arm-none-eabi/12.3.1/../../../../arm-none-eabi/lib/thumb/v7e-m+fp/hard\libc_nano.a(libc_a-sbrkr.o)
 .ARM.attributes
                0x00000c92       0x34 F:/ST/STM32CubeIDE_1.1.0/STM32CubeIDE/plugins/com.st.stm32cube.ide.mcu.externaltools.gnu-tools-for-stm32.12.3.rel1.win32_1.1.0.202410251130/tools/bin/../lib/gcc/arm-none-eabi/12.3.1/../../../../arm-none-eabi/lib/thumb/v7e-m+fp/hard\libc_nano.a(libc_a-errno.o)
 .ARM.attributes
                0x00000cc6       0x34 F:/ST/STM32CubeIDE_1.1.0/STM32CubeIDE/plugins/com.st.stm32cube.ide.mcu.externaltools.gnu-tools-for-stm32.12.3.rel1.win32_1.1.0.202410251130/tools/bin/../lib/gcc/arm-none-eabi/12.3.1/../../../../arm-none-eabi/lib/thumb/v7e-m+fp/hard\libc_nano.a(libc_a-init.o)
 .ARM.attributes
                0x00000cfa       0x34 F:/ST/STM32CubeIDE_1.1.0/STM32CubeIDE/plugins/com.st.stm32cube.ide.mcu.externaltools.gnu-tools-for-stm32.12.3.rel1.win32_1.1.0.202410251130/tools/bin/../lib/gcc/arm-none-eabi/12.3.1/../../../../arm-none-eabi/lib/thumb/v7e-m+fp/hard\libc_nano.a(libc_a-lock.o)
 .ARM.attributes
                0x00000d2e       0x34 F:/ST/STM32CubeIDE_1.1.0/STM32CubeIDE/plugins/com.st.stm32cube.ide.mcu.externaltools.gnu-tools-for-stm32.12.3.rel1.win32_1.1.0.202410251130/tools/bin/../lib/gcc/arm-none-eabi/12.3.1/../../../../arm-none-eabi/lib/thumb/v7e-m+fp/hard\libc_nano.a(libc_a-memcpy-stub.o)
 .ARM.attributes
                0x00000d62       0x17 F:/ST/STM32CubeIDE_1.1.0/STM32CubeIDE/plugins/com.st.stm32cube.ide.mcu.externaltools.gnu-tools-for-stm32.12.3.rel1.win32_1.1.0.202410251130/tools/bin/../lib/gcc/arm-none-eabi/12.3.1/../../../../arm-none-eabi/lib/thumb/v7e-m+fp/hard\libc_nano.a(libc_a-strlen.o)
 .ARM.attributes
                0x00000d79       0x34 F:/ST/STM32CubeIDE_1.1.0/STM32CubeIDE/plugins/com.st.stm32cube.ide.mcu.externaltools.gnu-tools-for-stm32.12.3.rel1.win32_1.1.0.202410251130/tools/bin/../lib/gcc/arm-none-eabi/12.3.1/../../../../arm-none-eabi/lib/thumb/v7e-m+fp/hard\libc_nano.a(libc_a-freer.o)
 .ARM.attributes
                0x00000dad       0x34 F:/ST/STM32CubeIDE_1.1.0/STM32CubeIDE/plugins/com.st.stm32cube.ide.mcu.externaltools.gnu-tools-for-stm32.12.3.rel1.win32_1.1.0.202410251130/tools/bin/../lib/gcc/arm-none-eabi/12.3.1/../../../../arm-none-eabi/lib/thumb/v7e-m+fp/hard\libc_nano.a(libc_a-msizer.o)
 .ARM.attributes
                0x00000de1       0x22 F:/ST/STM32CubeIDE_1.1.0/STM32CubeIDE/plugins/com.st.stm32cube.ide.mcu.externaltools.gnu-tools-for-stm32.12.3.rel1.win32_1.1.0.202410251130/tools/bin/../lib/gcc/arm-none-eabi/12.3.1/thumb/v7e-m+fp/hard\libgcc.a(_aeabi_uldivmod.o)
 .ARM.attributes
                0x00000e03       0x34 F:/ST/STM32CubeIDE_1.1.0/STM32CubeIDE/plugins/com.st.stm32cube.ide.mcu.externaltools.gnu-tools-for-stm32.12.3.rel1.win32_1.1.0.202410251130/tools/bin/../lib/gcc/arm-none-eabi/12.3.1/thumb/v7e-m+fp/hard\libgcc.a(_udivmoddi4.o)
 .ARM.attributes
                0x00000e37       0x22 F:/ST/STM32CubeIDE_1.1.0/STM32CubeIDE/plugins/com.st.stm32cube.ide.mcu.externaltools.gnu-tools-for-stm32.12.3.rel1.win32_1.1.0.202410251130/tools/bin/../lib/gcc/arm-none-eabi/12.3.1/thumb/v7e-m+fp/hard\libgcc.a(_dvmd_tls.o)
 .ARM.attributes
                0x00000e59       0x22 F:/ST/STM32CubeIDE_1.1.0/STM32CubeIDE/plugins/com.st.stm32cube.ide.mcu.externaltools.gnu-tools-for-stm32.12.3.rel1.win32_1.1.0.202410251130/tools/bin/../lib/gcc/arm-none-eabi/12.3.1/thumb/v7e-m+fp/hard/crtn.o
OUTPUT(stm32f401ccu6_avi_player.elf elf32-littlearm)
LOAD linker stubs
LOAD F:/ST/STM32CubeIDE_1.1.0/STM32CubeIDE/plugins/com.st.stm32cube.ide.mcu.externaltools.gnu-tools-for-stm32.12.3.rel1.win32_1.1.0.202410251130/tools/bin/../lib/gcc/arm-none-eabi/12.3.1/../../../../arm-none-eabi/lib/thumb/v7e-m+fp/hard\libc.a
LOAD F:/ST/STM32CubeIDE_1.1.0/STM32CubeIDE/plugins/com.st.stm32cube.ide.mcu.externaltools.gnu-tools-for-stm32.12.3.rel1.win32_1.1.0.202410251130/tools/bin/../lib/gcc/arm-none-eabi/12.3.1/../../../../arm-none-eabi/lib/thumb/v7e-m+fp/hard\libm.a
LOAD F:/ST/STM32CubeIDE_1.1.0/STM32CubeIDE/plugins/com.st.stm32cube.ide.mcu.externaltools.gnu-tools-for-stm32.12.3.rel1.win32_1.1.0.202410251130/tools/bin/../lib/gcc/arm-none-eabi/12.3.1/thumb/v7e-m+fp/hard\libgcc.a

.comment        0x00000000       0x43
 .comment       0x00000000       0x43 ./AVI/avi.o
                                 0x44 (size before relaxing)
 .comment       0x00000043       0x44 ./AVI/jpeg_data.o
 .comment       0x00000043       0x44 ./AVI/mp3_callback.o
 .comment       0x00000043       0x44 ./AVI/player.o
 .comment       0x00000043       0x44 ./AVI/riff_read_header.o
 .comment       0x00000043       0x44 ./AVI/textures.o
 .comment       0x00000043       0x44 ./Core/Src/main.o
 .comment       0x00000043       0x44 ./Core/Src/stm32f4xx_it.o
 .comment       0x00000043       0x44 ./Core/Src/sysmem.o
 .comment       0x00000043       0x44 ./Core/Src/system_stm32f4xx.o
 .comment       0x00000043       0x44 ./Display/display.o
 .comment       0x00000043       0x44 ./Display/fonts.o
 .comment       0x00000043       0x44 ./Display/ili9341.o
 .comment       0x00000043       0x44 ./Drivers/STM32F4xx_HAL_Driver/Src/stm32f4xx_ll_exti.o
 .comment       0x00000043       0x44 ./Drivers/STM32F4xx_HAL_Driver/Src/stm32f4xx_ll_gpio.o
 .comment       0x00000043       0x44 ./Drivers/STM32F4xx_HAL_Driver/Src/stm32f4xx_ll_rcc.o
 .comment       0x00000043       0x44 ./Drivers/STM32F4xx_HAL_Driver/Src/stm32f4xx_ll_spi.o
 .comment       0x00000043       0x44 ./Drivers/STM32F4xx_HAL_Driver/Src/stm32f4xx_ll_tim.o
 .comment       0x00000043       0x44 ./Drivers/STM32F4xx_HAL_Driver/Src/stm32f4xx_ll_utils.o
 .comment       0x00000043       0x44 ./Encoder/encoder.o
 .comment       0x00000043       0x44 ./FATFS/diskio.o
 .comment       0x00000043       0x44 ./FATFS/ff.o
 .comment       0x00000043       0x44 ./FATFS/ffunicode.o
 .comment       0x00000043       0x44 ./FATFS/user_diskio_spi.o
 .comment       0x00000043       0x44 ./FileManager/filemanager.o
 .comment       0x00000043       0x44 ./FileManager/icons.o
 .comment       0x00000043       0x44 ./JPEG/jpeg_chan.o
 .comment       0x00000043       0x44 ./JPEG/tjpgd.o
 .comment       0x00000043       0x44 ./Keyboard/keyboard.o
 .comment       0x00000043       0x44 ./MP3Helix/src/bitstream.o
 .comment       0x00000043       0x44 ./MP3Helix/src/buffers.o
 .comment       0x00000043       0x44 ./MP3Helix/src/dct32.o
 .comment       0x00000043       0x44 ./MP3Helix/src/dequant.o
 .comment       0x00000043       0x44 ./MP3Helix/src/dqchan.o
 .comment       0x00000043       0x44 ./MP3Helix/src/huffman.o
 .comment       0x00000043       0x44 ./MP3Helix/src/hufftabs.o
 .comment       0x00000043       0x44 ./MP3Helix/src/imdct.o
 .comment       0x00000043       0x44 ./MP3Helix/src/mp3dec.o
 .comment       0x00000043       0x44 ./MP3Helix/src/mp3tabs.o
 .comment       0x00000043       0x44 ./MP3Helix/src/scalfact.o
 .comment       0x00000043       0x44 ./MP3Helix/src/stproc.o
 .comment       0x00000043       0x44 ./MP3Helix/src/subband.o
 .comment       0x00000043       0x44 ./MP3Helix/src/trigtabs.o
 .comment       0x00000043       0x44 ./MicroGL2D/microgl2d.o
 .comment       0x00000043       0x44 ./MyString/mystring.o
 .comment       0x00000043       0x44 ./PCM5102/pcm5102.o

.debug_frame    0x00000000      0x598
 .debug_frame   0x00000000       0x20 F:/ST/STM32CubeIDE_1.1.0/STM32CubeIDE/plugins/com.st.stm32cube.ide.mcu.externaltools.gnu-tools-for-stm32.12.3.rel1.win32_1.1.0.202410251130/tools/bin/../lib/gcc/arm-none-eabi/12.3.1/../../../../arm-none-eabi/lib/thumb/v7e-m+fp/hard\libc_nano.a(libc_a-calloc.o)
 .debug_frame   0x00000020       0x2c F:/ST/STM32CubeIDE_1.1.0/STM32CubeIDE/plugins/com.st.stm32cube.ide.mcu.externaltools.gnu-tools-for-stm32.12.3.rel1.win32_1.1.0.202410251130/tools/bin/../lib/gcc/arm-none-eabi/12.3.1/../../../../arm-none-eabi/lib/thumb/v7e-m+fp/hard\libc_nano.a(libc_a-callocr.o)
 .debug_frame   0x0000004c       0x30 F:/ST/STM32CubeIDE_1.1.0/STM32CubeIDE/plugins/com.st.stm32cube.ide.mcu.externaltools.gnu-tools-for-stm32.12.3.rel1.win32_1.1.0.202410251130/tools/bin/../lib/gcc/arm-none-eabi/12.3.1/../../../../arm-none-eabi/lib/thumb/v7e-m+fp/hard\libc_nano.a(libc_a-malloc.o)
 .debug_frame   0x0000007c       0x50 F:/ST/STM32CubeIDE_1.1.0/STM32CubeIDE/plugins/com.st.stm32cube.ide.mcu.externaltools.gnu-tools-for-stm32.12.3.rel1.win32_1.1.0.202410251130/tools/bin/../lib/gcc/arm-none-eabi/12.3.1/../../../../arm-none-eabi/lib/thumb/v7e-m+fp/hard\libc_nano.a(libc_a-mallocr.o)
 .debug_frame   0x000000cc       0x30 F:/ST/STM32CubeIDE_1.1.0/STM32CubeIDE/plugins/com.st.stm32cube.ide.mcu.externaltools.gnu-tools-for-stm32.12.3.rel1.win32_1.1.0.202410251130/tools/bin/../lib/gcc/arm-none-eabi/12.3.1/../../../../arm-none-eabi/lib/thumb/v7e-m+fp/hard\libc_nano.a(libc_a-mlock.o)
 .debug_frame   0x000000fc       0x20 F:/ST/STM32CubeIDE_1.1.0/STM32CubeIDE/plugins/com.st.stm32cube.ide.mcu.externaltools.gnu-tools-for-stm32.12.3.rel1.win32_1.1.0.202410251130/tools/bin/../lib/gcc/arm-none-eabi/12.3.1/../../../../arm-none-eabi/lib/thumb/v7e-m+fp/hard\libc_nano.a(libc_a-realloc.o)
 .debug_frame   0x0000011c       0x3c F:/ST/STM32CubeIDE_1.1.0/STM32CubeIDE/plugins/com.st.stm32cube.ide.mcu.externaltools.gnu-tools-for-stm32.12.3.rel1.win32_1.1.0.202410251130/tools/bin/../lib/gcc/arm-none-eabi/12.3.1/../../../../arm-none-eabi/lib/thumb/v7e-m+fp/hard\libc_nano.a(libc_a-reallocr.o)
 .debug_frame   0x00000158       0x48 F:/ST/STM32CubeIDE_1.1.0/STM32CubeIDE/plugins/com.st.stm32cube.ide.mcu.externaltools.gnu-tools-for-stm32.12.3.rel1.win32_1.1.0.202410251130/tools/bin/../lib/gcc/arm-none-eabi/12.3.1/../../../../arm-none-eabi/lib/thumb/v7e-m+fp/hard\libc_nano.a(libc_a-utoa.o)
 .debug_frame   0x000001a0      0x144 F:/ST/STM32CubeIDE_1.1.0/STM32CubeIDE/plugins/com.st.stm32cube.ide.mcu.externaltools.gnu-tools-for-stm32.12.3.rel1.win32_1.1.0.202410251130/tools/bin/../lib/gcc/arm-none-eabi/12.3.1/../../../../arm-none-eabi/lib/thumb/v7e-m+fp/hard\libc_nano.a(libc_a-findfp.o)
 .debug_frame   0x000002e4       0x28 F:/ST/STM32CubeIDE_1.1.0/STM32CubeIDE/plugins/com.st.stm32cube.ide.mcu.externaltools.gnu-tools-for-stm32.12.3.rel1.win32_1.1.0.202410251130/tools/bin/../lib/gcc/arm-none-eabi/12.3.1/../../../../arm-none-eabi/lib/thumb/v7e-m+fp/hard\libc_nano.a(libc_a-memmove.o)
 .debug_frame   0x0000030c       0x20 F:/ST/STM32CubeIDE_1.1.0/STM32CubeIDE/plugins/com.st.stm32cube.ide.mcu.externaltools.gnu-tools-for-stm32.12.3.rel1.win32_1.1.0.202410251130/tools/bin/../lib/gcc/arm-none-eabi/12.3.1/../../../../arm-none-eabi/lib/thumb/v7e-m+fp/hard\libc_nano.a(libc_a-memset.o)
 .debug_frame   0x0000032c       0x2c F:/ST/STM32CubeIDE_1.1.0/STM32CubeIDE/plugins/com.st.stm32cube.ide.mcu.externaltools.gnu-tools-for-stm32.12.3.rel1.win32_1.1.0.202410251130/tools/bin/../lib/gcc/arm-none-eabi/12.3.1/../../../../arm-none-eabi/lib/thumb/v7e-m+fp/hard\libc_nano.a(libc_a-strstr.o)
 .debug_frame   0x00000358       0x38 F:/ST/STM32CubeIDE_1.1.0/STM32CubeIDE/plugins/com.st.stm32cube.ide.mcu.externaltools.gnu-tools-for-stm32.12.3.rel1.win32_1.1.0.202410251130/tools/bin/../lib/gcc/arm-none-eabi/12.3.1/../../../../arm-none-eabi/lib/thumb/v7e-m+fp/hard\libc_nano.a(libc_a-reent.o)
 .debug_frame   0x00000390       0x2c F:/ST/STM32CubeIDE_1.1.0/STM32CubeIDE/plugins/com.st.stm32cube.ide.mcu.externaltools.gnu-tools-for-stm32.12.3.rel1.win32_1.1.0.202410251130/tools/bin/../lib/gcc/arm-none-eabi/12.3.1/../../../../arm-none-eabi/lib/thumb/v7e-m+fp/hard\libc_nano.a(libc_a-sbrkr.o)
 .debug_frame   0x000003bc       0x20 F:/ST/STM32CubeIDE_1.1.0/STM32CubeIDE/plugins/com.st.stm32cube.ide.mcu.externaltools.gnu-tools-for-stm32.12.3.rel1.win32_1.1.0.202410251130/tools/bin/../lib/gcc/arm-none-eabi/12.3.1/../../../../arm-none-eabi/lib/thumb/v7e-m+fp/hard\libc_nano.a(libc_a-errno.o)
 .debug_frame   0x000003dc       0x2c F:/ST/STM32CubeIDE_1.1.0/STM32CubeIDE/plugins/com.st.stm32cube.ide.mcu.externaltools.gnu-tools-for-stm32.12.3.rel1.win32_1.1.0.202410251130/tools/bin/../lib/gcc/arm-none-eabi/12.3.1/../../../../arm-none-eabi/lib/thumb/v7e-m+fp/hard\libc_nano.a(libc_a-init.o)
 .debug_frame   0x00000408       0xb0 F:/ST/STM32CubeIDE_1.1.0/STM32CubeIDE/plugins/com.st.stm32cube.ide.mcu.externaltools.gnu-tools-for-stm32.12.3.rel1.win32_1.1.0.202410251130/tools/bin/../lib/gcc/arm-none-eabi/12.3.1/../../../../arm-none-eabi/lib/thumb/v7e-m+fp/hard\libc_nano.a(libc_a-lock.o)
 .debug_frame   0x000004b8       0x28 F:/ST/STM32CubeIDE_1.1.0/STM32CubeIDE/plugins/com.st.stm32cube.ide.mcu.externaltools.gnu-tools-for-stm32.12.3.rel1.win32_1.1.0.202410251130/tools/bin/../lib/gcc/arm-none-eabi/12.3.1/../../../../arm-none-eabi/lib/thumb/v7e-m+fp/hard\libc_nano.a(libc_a-memcpy-stub.o)
 .debug_frame   0x000004e0       0x38 F:/ST/STM32CubeIDE_1.1.0/STM32CubeIDE/plugins/com.st.stm32cube.ide.mcu.externaltools.gnu-tools-for-stm32.12.3.rel1.win32_1.1.0.202410251130/tools/bin/../lib/gcc/arm-none-eabi/12.3.1/../../../../arm-none-eabi/lib/thumb/v7e-m+fp/hard\libc_nano.a(libc_a-freer.o)
 .debug_frame   0x00000518       0x20 F:/ST/STM32CubeIDE_1.1.0/STM32CubeIDE/plugins/com.st.stm32cube.ide.mcu.externaltools.gnu-tools-for-stm32.12.3.rel1.win32_1.1.0.202410251130/tools/bin/../lib/gcc/arm-none-eabi/12.3.1/../../../../arm-none-eabi/lib/thumb/v7e-m+fp/hard\libc_nano.a(libc_a-msizer.o)
 .debug_frame   0x00000538       0x2c F:/ST/STM32CubeIDE_1.1.0/STM32CubeIDE/plugins/com.st.stm32cube.ide.mcu.externaltools.gnu-tools-for-stm32.12.3.rel1.win32_1.1.0.202410251130/tools/bin/../lib/gcc/arm-none-eabi/12.3.1/thumb/v7e-m+fp/hard\libgcc.a(_aeabi_uldivmod.o)
 .debug_frame   0x00000564       0x34 F:/ST/STM32CubeIDE_1.1.0/STM32CubeIDE/plugins/com.st.stm32cube.ide.mcu.externaltools.gnu-tools-for-stm32.12.3.rel1.win32_1.1.0.202410251130/tools/bin/../lib/gcc/arm-none-eabi/12.3.1/thumb/v7e-m+fp/hard\libgcc.a(_udivmoddi4.o)
